Component: Arm Compiler for Embedded 6.22 Tool: armlink [5ee90200]

==============================================================================

Section Cross References

    startup_stm32f407xx.o(STACK) refers (Special) to heapauxi.o(.text) for __use_two_region_memory
    startup_stm32f407xx.o(HEAP) refers (Special) to heapauxi.o(.text) for __use_two_region_memory
    startup_stm32f407xx.o(RESET) refers (Special) to heapauxi.o(.text) for __use_two_region_memory
    startup_stm32f407xx.o(RESET) refers to startup_stm32f407xx.o(STACK) for __initial_sp
    startup_stm32f407xx.o(RESET) refers to startup_stm32f407xx.o(.text) for Reset_Handler
    startup_stm32f407xx.o(RESET) refers to stm32f4xx_it.o(.text.NMI_Handler) for NMI_Handler
    startup_stm32f407xx.o(RESET) refers to stm32f4xx_it.o(.text.HardFault_Handler) for HardFault_Handler
    startup_stm32f407xx.o(RESET) refers to stm32f4xx_it.o(.text.MemManage_Handler) for MemManage_Handler
    startup_stm32f407xx.o(RESET) refers to stm32f4xx_it.o(.text.BusFault_Handler) for BusFault_Handler
    startup_stm32f407xx.o(RESET) refers to stm32f4xx_it.o(.text.UsageFault_Handler) for UsageFault_Handler
    startup_stm32f407xx.o(RESET) refers to stm32f4xx_it.o(.text.SVC_Handler) for SVC_Handler
    startup_stm32f407xx.o(RESET) refers to stm32f4xx_it.o(.text.DebugMon_Handler) for DebugMon_Handler
    startup_stm32f407xx.o(RESET) refers to stm32f4xx_it.o(.text.PendSV_Handler) for PendSV_Handler
    startup_stm32f407xx.o(RESET) refers to stm32f4xx_it.o(.text.SysTick_Handler) for SysTick_Handler
    startup_stm32f407xx.o(RESET) refers to stm32f4xx_it.o(.text.USART1_IRQHandler) for USART1_IRQHandler
    startup_stm32f407xx.o(RESET) refers to stm32f4xx_it.o(.text.TIM8_BRK_TIM12_IRQHandler) for TIM8_BRK_TIM12_IRQHandler
    startup_stm32f407xx.o(RESET) refers to stm32f4xx_it.o(.text.TIM8_UP_TIM13_IRQHandler) for TIM8_UP_TIM13_IRQHandler
    startup_stm32f407xx.o(RESET) refers to stm32f4xx_it.o(.text.TIM8_TRG_COM_TIM14_IRQHandler) for TIM8_TRG_COM_TIM14_IRQHandler
    startup_stm32f407xx.o(RESET) refers to stm32f4xx_it.o(.text.TIM6_DAC_IRQHandler) for TIM6_DAC_IRQHandler
    startup_stm32f407xx.o(RESET) refers to stm32f4xx_it.o(.text.DMA2_Stream1_IRQHandler) for DMA2_Stream1_IRQHandler
    startup_stm32f407xx.o(RESET) refers to stm32f4xx_it.o(.text.DMA2_Stream2_IRQHandler) for DMA2_Stream2_IRQHandler
    startup_stm32f407xx.o(RESET) refers to stm32f4xx_it.o(.text.CAN2_TX_IRQHandler) for CAN2_TX_IRQHandler
    startup_stm32f407xx.o(RESET) refers to stm32f4xx_it.o(.text.CAN2_RX0_IRQHandler) for CAN2_RX0_IRQHandler
    startup_stm32f407xx.o(RESET) refers to stm32f4xx_it.o(.text.CAN2_RX1_IRQHandler) for CAN2_RX1_IRQHandler
    startup_stm32f407xx.o(RESET) refers to stm32f4xx_it.o(.text.CAN2_SCE_IRQHandler) for CAN2_SCE_IRQHandler
    startup_stm32f407xx.o(RESET) refers to stm32f4xx_it.o(.text.DMA2_Stream6_IRQHandler) for DMA2_Stream6_IRQHandler
    startup_stm32f407xx.o(RESET) refers to stm32f4xx_it.o(.text.DMA2_Stream7_IRQHandler) for DMA2_Stream7_IRQHandler
    startup_stm32f407xx.o(RESET) refers to stm32f4xx_it.o(.text.USART6_IRQHandler) for USART6_IRQHandler
    startup_stm32f407xx.o(.text) refers (Special) to heapauxi.o(.text) for __use_two_region_memory
    startup_stm32f407xx.o(.text) refers to system_stm32f4xx.o(.text.SystemInit) for SystemInit
    startup_stm32f407xx.o(.text) refers to __main.o(!!!main) for __main
    startup_stm32f407xx.o(.text) refers to startup_stm32f407xx.o(HEAP) for Heap_Mem
    startup_stm32f407xx.o(.text) refers to startup_stm32f407xx.o(STACK) for Stack_Mem
    stm32f4xx_it.o(.ARM.exidx.text.NMI_Handler) refers to stm32f4xx_it.o(.text.NMI_Handler) for [Anonymous Symbol]
    stm32f4xx_it.o(.ARM.exidx.text.HardFault_Handler) refers to stm32f4xx_it.o(.text.HardFault_Handler) for [Anonymous Symbol]
    stm32f4xx_it.o(.ARM.exidx.text.MemManage_Handler) refers to stm32f4xx_it.o(.text.MemManage_Handler) for [Anonymous Symbol]
    stm32f4xx_it.o(.ARM.exidx.text.BusFault_Handler) refers to stm32f4xx_it.o(.text.BusFault_Handler) for [Anonymous Symbol]
    stm32f4xx_it.o(.ARM.exidx.text.UsageFault_Handler) refers to stm32f4xx_it.o(.text.UsageFault_Handler) for [Anonymous Symbol]
    stm32f4xx_it.o(.ARM.exidx.text.SVC_Handler) refers to stm32f4xx_it.o(.text.SVC_Handler) for [Anonymous Symbol]
    stm32f4xx_it.o(.ARM.exidx.text.DebugMon_Handler) refers to stm32f4xx_it.o(.text.DebugMon_Handler) for [Anonymous Symbol]
    stm32f4xx_it.o(.ARM.exidx.text.PendSV_Handler) refers to stm32f4xx_it.o(.text.PendSV_Handler) for [Anonymous Symbol]
    stm32f4xx_it.o(.text.SysTick_Handler) refers to stm32f4xx_hal.o(.text.HAL_IncTick) for HAL_IncTick
    stm32f4xx_it.o(.ARM.exidx.text.SysTick_Handler) refers to stm32f4xx_it.o(.text.SysTick_Handler) for [Anonymous Symbol]
    stm32f4xx_it.o(.text.USART1_IRQHandler) refers to usart.o(.bss.huart1) for huart1
[...]
    BusFault_Handler                         0x080016ed   Thumb Code     4  stm32f4xx_it.o(.text.BusFault_Handler)
    CAN2_Init                                0x080016f1   Thumb Code   136  can.o(.text.CAN2_Init)
    CAN2_RX0_IRQHandler                      0x08001779   Thumb Code    16  stm32f4xx_it.o(.text.CAN2_RX0_IRQHandler)
    CAN2_RX1_IRQHandler                      0x08001789   Thumb Code    16  stm32f4xx_it.o(.text.CAN2_RX1_IRQHandler)
    CAN2_SCE_IRQHandler                      0x08001799   Thumb Code    16  stm32f4xx_it.o(.text.CAN2_SCE_IRQHandler)
    CAN2_TX_IRQHandler                       0x080017a9   Thumb Code    16  stm32f4xx_it.o(.text.CAN2_TX_IRQHandler)
    Chasing_Yel                              0x080017b9   Thumb Code   248  rmyel.o(.text.Chasing_Yel)
    Cut_Yel                                  0x080018d9   Thumb Code    32  rmyel.o(.text.Cut_Yel)
    DMA2_Stream1_IRQHandler                  0x080018f9   Thumb Code    16  stm32f4xx_it.o(.text.DMA2_Stream1_IRQHandler)
    DMA2_Stream2_IRQHandler                  0x08001909   Thumb Code    16  stm32f4xx_it.o(.text.DMA2_Stream2_IRQHandler)
    DMA2_Stream6_IRQHandler                  0x08001919   Thumb Code    16  stm32f4xx_it.o(.text.DMA2_Stream6_IRQHandler)
    DMA2_Stream7_IRQHandler                  0x08001929   Thumb Code    16  stm32f4xx_it.o(.text.DMA2_Stream7_IRQHandler)
    DMA_Init                                 0x08001a81   Thumb Code   116  dma.o(.text.DMA_Init)
    DebugMon_Handler                         0x08001b45   Thumb Code     2  stm32f4xx_it.o(.text.DebugMon_Handler)
    Error_Handler                            0x08001b49   Thumb Code     6  rcc.o(.text.Error_Handler)
    GPIO_Init                                0x08001b51   Thumb Code   398  gpio.o(.text.GPIO_Init)
    HAL_CAN_ActivateNotification             0x08001ce1   Thumb Code    82  stm32f4xx_hal_can.o(.text.HAL_CAN_ActivateNotification)
    HAL_CAN_AddTxMessage                     0x08001d35   Thumb Code   342  stm32f4xx_hal_can.o(.text.HAL_CAN_AddTxMessage)
    HAL_CAN_ConfigFilter                     0x08001e8d   Thumb Code   414  stm32f4xx_hal_can.o(.text.HAL_CAN_ConfigFilter)
    HAL_CAN_ErrorCallback                    0x0800202d   Thumb Code     8  stm32f4xx_hal_can.o(.text.HAL_CAN_ErrorCallback)
    HAL_CAN_GetRxMessage                     0x08002035   Thumb Code   530  stm32f4xx_hal_can.o(.text.HAL_CAN_GetRxMessage)
    HAL_CAN_IRQHandler                       0x08002249   Thumb Code  1010  stm32f4xx_hal_can.o(.text.HAL_CAN_IRQHandler)
    HAL_CAN_Init                             0x0800263d   Thumb Code   478  stm32f4xx_hal_can.o(.text.HAL_CAN_Init)
    HAL_CAN_MspInit                          0x0800281d   Thumb Code   254  can.o(.text.HAL_CAN_MspInit)
    HAL_CAN_RxFifo0FullCallback              0x0800291d   Thumb Code     8  stm32f4xx_hal_can.o(.text.HAL_CAN_RxFifo0FullCallback)
    HAL_CAN_RxFifo0MsgPendingCallback        0x08002925   Thumb Code   944  it.o(.text.HAL_CAN_RxFifo0MsgPendingCallback)
    HAL_CAN_RxFifo1FullCallback              0x08002cd5   Thumb Code     8  stm32f4xx_hal_can.o(.text.HAL_CAN_RxFifo1FullCallback)
    HAL_CAN_RxFifo1MsgPendingCallback        0x08002cdd   Thumb Code     8  stm32f4xx_hal_can.o(.text.HAL_CAN_RxFifo1MsgPendingCallback)
    HAL_CAN_SleepCallback                    0x08002ce5   Thumb Code     8  stm32f4xx_hal_can.o(.text.HAL_CAN_SleepCallback)
    HAL_CAN_Start                            0x08002ced   Thumb Code   138  stm32f4xx_hal_can.o(.text.HAL_CAN_Start)
    HAL_CAN_TxMailbox0AbortCallback          0x08002d79   Thumb Code     8  stm32f4xx_hal_can.o(.text.HAL_CAN_TxMailbox0AbortCallback)
    HAL_CAN_TxMailbox0CompleteCallback       0x08002d81   Thumb Code     8  stm32f4xx_hal_can.o(.text.HAL_CAN_TxMailbox0CompleteCallback)
    HAL_CAN_TxMailbox1AbortCallback          0x08002d89   Thumb Code     8  stm32f4xx_hal_can.o(.text.HAL_CAN_TxMailbox1AbortCallback)
    HAL_CAN_TxMailbox1CompleteCallback       0x08002d91   Thumb Code     8  stm32f4xx_hal_can.o(.text.HAL_CAN_TxMailbox1CompleteCallback)
    HAL_CAN_TxMailbox2AbortCallback          0x08002d99   Thumb Code     8  stm32f4xx_hal_can.o(.text.HAL_CAN_TxMailbox2AbortCallback)
    HAL_CAN_TxMailbox2CompleteCallback       0x08002da1   Thumb Code     8  stm32f4xx_hal_can.o(.text.HAL_CAN_TxMailbox2CompleteCallback)
    HAL_CAN_WakeUpFromRxMsgCallback          0x08002da9   Thumb Code     8  stm32f4xx_hal_can.o(.text.HAL_CAN_WakeUpFromRxMsgCallback)
    HAL_DMA_Abort                            0x08002db1   Thumb Code   236  stm32f4xx_hal_dma.o(.text.HAL_DMA_Abort)
    HAL_DMA_Abort_IT                         0x08002e9d   Thumb Code    68  stm32f4xx_hal_dma.o(.text.HAL_DMA_Abort_IT)
    HAL_DMA_IRQHandler                       0x08002ee1   Thumb Code   798  stm32f4xx_hal_dma.o(.text.HAL_DMA_IRQHandler)
    HAL_DMA_Init                             0x08003201   Thumb Code   366  stm32f4xx_hal_dma.o(.text.HAL_DMA_Init)
    HAL_DMA_Start_IT                         0x08003371   Thumb Code   194  stm32f4xx_hal_dma.o(.text.HAL_DMA_Start_IT)
    HAL_Delay                                0x08003435   Thumb Code    66  stm32f4xx_hal.o(.text.HAL_Delay)
    HAL_GPIO_Init                            0x08003479   Thumb Code   950  stm32f4xx_hal_gpio.o(.text.HAL_GPIO_Init)
    HAL_GPIO_ReadPin                         0x08003831   Thumb Code    46  stm32f4xx_hal_gpio.o(.text.HAL_GPIO_ReadPin)
    HAL_GPIO_WritePin                        0x08003861   Thumb Code    46  stm32f4xx_hal_gpio.o(.text.HAL_GPIO_WritePin)
    HAL_GetTick                              0x08003891   Thumb Code    12  stm32f4xx_hal.o(.text.HAL_GetTick)
    HAL_I2C_Init                             0x0800389d   Thumb Code   676  stm32f4xx_hal_i2c.o(.text.HAL_I2C_Init)
    HAL_I2C_Mem_Write                        0x08003b41   Thumb Code   532  stm32f4xx_hal_i2c.o(.text.HAL_I2C_Mem_Write)
    HAL_I2C_MspInit                          0x08003d55   Thumb Code   142  i2c.o(.text.HAL_I2C_MspInit)
    HAL_IncTick                              0x08003de5   Thumb Code    26  stm32f4xx_hal.o(.text.HAL_IncTick)
    HAL_Init                                 0x08003e01   Thumb Code    60  stm32f4xx_hal.o(.text.HAL_Init)
    HAL_InitTick                             0x08003e3d   Thumb Code   112  stm32f4xx_hal.o(.text.HAL_InitTick)
    HAL_MspInit                              0x08003ead   Thumb Code    74  stm32f4xx_hal_msp.o(.text.HAL_MspInit)
    HAL_NVIC_EnableIRQ                       0x08003ef9   Thumb Code    20  stm32f4xx_hal_cortex.o(.text.HAL_NVIC_EnableIRQ)
    HAL_NVIC_SetPriority                     0x08003f0d   Thumb Code    50  stm32f4xx_hal_cortex.o(.text.HAL_NVIC_SetPriority)
    HAL_NVIC_SetPriorityGrouping             0x08003f41   Thumb Code    16  stm32f4xx_hal_cortex.o(.text.HAL_NVIC_SetPriorityGrouping)
    HAL_RCC_ClockConfig                      0x08003f51   Thumb Code   610  stm32f4xx_hal_rcc.o(.text.HAL_RCC_ClockConfig)
    HAL_RCC_GetHCLKFreq                      0x080041b5   Thumb Code    12  stm32f4xx_hal_rcc.o(.text.HAL_RCC_GetHCLKFreq)
    HAL_RCC_GetPCLK1Freq                     0x080041c1   Thumb Code    34  stm32f4xx_hal_rcc.o(.text.HAL_RCC_GetPCLK1Freq)
    HAL_RCC_GetPCLK2Freq                     0x080041e5   Thumb Code    34  stm32f4xx_hal_rcc.o(.text.HAL_RCC_GetPCLK2Freq)
    HAL_RCC_GetSysClockFreq                  0x08004209   Thumb Code   230  stm32f4xx_hal_rcc.o(.text.HAL_RCC_GetSysClockFreq)
    HAL_RCC_OscConfig                        0x080042f1   Thumb Code  1726  stm32f4xx_hal_rcc.o(.text.HAL_RCC_OscConfig)
    HAL_SYSTICK_Config                       0x080049b1   Thumb Code    16  stm32f4xx_hal_cortex.o(.text.HAL_SYSTICK_Config)
    HAL_TIMEx_BreakCallback                  0x080049c1   Thumb Code     8  stm32f4xx_hal_tim_ex.o(.text.HAL_TIMEx_BreakCallback)
    HAL_TIMEx_CommutCallback                 0x080049c9   Thumb Code     8  stm32f4xx_hal_tim_ex.o(.text.HAL_TIMEx_CommutCallback)
    HAL_TIMEx_ConfigBreakDeadTime            0x080049d1   Thumb Code   178  stm32f4xx_hal_tim_ex.o(.text.HAL_TIMEx_ConfigBreakDeadTime)
    HAL_TIMEx_MasterConfigSynchronization    0x08004a85   Thumb Code   290  stm32f4xx_hal_tim_ex.o(.text.HAL_TIMEx_MasterConfigSynchronization)
    HAL_TIM_Base_Init                        0x08004ba9   Thumb Code   156  stm32f4xx_hal_tim.o(.text.HAL_TIM_Base_Init)
    HAL_TIM_Base_MspInit                     0x08004c45   Thumb Code    82  tim.o(.text.HAL_TIM_Base_MspInit)
    HAL_TIM_Base_Start_IT                    0x08004c99   Thumb Code   246  stm32f4xx_hal_tim.o(.text.HAL_TIM_Base_Start_IT)
    HAL_TIM_IC_CaptureCallback               0x08004d91   Thumb Code     8  stm32f4xx_hal_tim.o(.text.HAL_TIM_IC_CaptureCallback)
    HAL_TIM_IRQHandler                       0x08004d99   Thumb Code   538  stm32f4xx_hal_tim.o(.text.HAL_TIM_IRQHandler)
    HAL_TIM_MspPostInit                      0x08004fb5   Thumb Code   274  tim.o(.text.HAL_TIM_MspPostInit)
    HAL_TIM_OC_DelayElapsedCallback          0x080050c9   Thumb Code     8  stm32f4xx_hal_tim.o(.text.HAL_TIM_OC_DelayElapsedCallback)
    HAL_TIM_PWM_ConfigChannel                0x080050d1   Thumb Code   322  stm32f4xx_hal_tim.o(.text.HAL_TIM_PWM_ConfigChannel)
    HAL_TIM_PWM_Init                         0x08005215   Thumb Code   156  stm32f4xx_hal_tim.o(.text.HAL_TIM_PWM_Init)
    HAL_TIM_PWM_MspInit                      0x080052b1   Thumb Code   116  tim.o(.text.HAL_TIM_PWM_MspInit)
    HAL_TIM_PWM_PulseFinishedCallback        0x08005325   Thumb Code     8  stm32f4xx_hal_tim.o(.text.HAL_TIM_PWM_PulseFinishedCallback)
    HAL_TIM_PWM_Start                        0x0800532d   Thumb Code   458  stm32f4xx_hal_tim.o(.text.HAL_TIM_PWM_Start)
    HAL_TIM_PeriodElapsedCallback            0x080054f9   Thumb Code    80  it.o(.text.HAL_TIM_PeriodElapsedCallback)
    HAL_TIM_TriggerCallback                  0x08005549   Thumb Code     8  stm32f4xx_hal_tim.o(.text.HAL_TIM_TriggerCallback)
    HAL_UARTEx_ReceiveToIdle_DMA             0x08005551   Thumb Code   184  stm32f4xx_hal_uart.o(.text.HAL_UARTEx_ReceiveToIdle_DMA)
    HAL_UARTEx_RxEventCallback               0x08005609   Thumb Code   270  it.o(.text.HAL_UARTEx_RxEventCallback)
    HAL_UART_DMAStop                         0x08005719   Thumb Code   204  stm32f4xx_hal_uart.o(.text.HAL_UART_DMAStop)
    HAL_UART_ErrorCallback                   0x080057e5   Thumb Code   518  it.o(.text.HAL_UART_ErrorCallback)
    HAL_UART_IRQHandler                      0x080059ed   Thumb Code  1116  stm32f4xx_hal_uart.o(.text.HAL_UART_IRQHandler)
    HAL_UART_Init                            0x08005e49   Thumb Code   158  stm32f4xx_hal_uart.o(.text.HAL_UART_Init)
    HAL_UART_MspInit                         0x08005ee9   Thumb Code   728  usart.o(.text.HAL_UART_MspInit)
    HAL_UART_RxCpltCallback                  0x080061c1   Thumb Code     8  stm32f4xx_hal_uart.o(.text.HAL_UART_RxCpltCallback)
    HAL_UART_RxHalfCpltCallback              0x080061c9   Thumb Code     8  stm32f4xx_hal_uart.o(.text.HAL_UART_RxHalfCpltCallback)
    HAL_UART_Transmit                        0x080061d1   Thumb Code   304  stm32f4xx_hal_uart.o(.text.HAL_UART_Transmit)
    HAL_UART_TxCpltCallback                  0x08006301   Thumb Code     8  stm32f4xx_hal_uart.o(.text.HAL_UART_TxCpltCallback)
    HardFault_Handler                        0x08006309   Thumb Code     4  stm32f4xx_it.o(.text.HardFault_Handler)
    I2C2_Init                                0x0800630d   Thumb Code    72  i2c.o(.text.I2C2_Init)
    I2C_WriteByte                            0x080068a5   Thumb Code    50  oled.o(.text.I2C_WriteByte)
    InitAll                                  0x080068d9   Thumb Code   328  init.o(.text.InitAll)
    Key_Proc                                 0x08006a29   Thumb Code   214  key.o(.text.Key_Proc)
    Key_Scan                                 0x08006b01   Thumb Code    98  key.o(.text.Key_Scan)
    Lock_Update                              0x08006b69   Thumb Code   264  rmyel.o(.text.Lock_Update)
    MKS42D_Init                              0x08006c81   Thumb Code    32  mks42d.o(.text.MKS42D_Init)
    MKS42D_Proc                              0x08006ca1   Thumb Code    68  mks42d.o(.text.MKS42D_Proc)
    MemManage_Handler                        0x08006ce5   Thumb Code     4  stm32f4xx_it.o(.text.MemManage_Handler)
    MoveMKS42D_absAxis                       0x08006ce9   Thumb Code   612  mks42d.o(.text.MoveMKS42D_absAxis)
    NMI_Handler                              0x08006f55   Thumb Code     4  stm32f4xx_it.o(.text.NMI_Handler)
    OLED_CLS                                 0x08006fc5   Thumb Code   104  oled.o(.text.OLED_CLS)
    OLED_Init                                0x0800702d   Thumb Code   186  oled.o(.text.OLED_Init)
    OLED_RefreshRAM                          0x080070e9   Thumb Code   124  oled.o(.text.OLED_RefreshRAM)
    OLED_SetPixel                            0x08007165   Thumb Code   168  oled.o(.text.OLED_SetPixel)
    OLED_ShowStr                             0x0800720d   Thumb Code   628  oled.o(.text.OLED_ShowStr)
    OLED_proc                                0x08007481   Thumb Code   680  oled.o(.text.OLED_proc)
    PendSV_Handler                           0x08007749   Thumb Code     2  stm32f4xx_it.o(.text.PendSV_Handler)
    RMIO_Init                                0x0800774d   Thumb Code    60  gpio.o(.text.RMIO_Init)
    RMIO_WritePin                            0x08007789   Thumb Code    52  gpio.o(.text.RMIO_WritePin)
    ReadMKSPulse                             0x080077bd   Thumb Code   110  mks42d.o(.text.ReadMKSPulse)
    SVC_Handler                              0x0800782d   Thumb Code     2  stm32f4xx_it.o(.text.SVC_Handler)
    Serial_proc                              0x08007831   Thumb Code   696  serial.o(.text.Serial_proc)
    Servo_Init                               0x08007ae9   Thumb Code    26  servo.o(.text.Servo_Init)
    Set_Servo180Angle                        0x08007b09   Thumb Code   160  servo.o(.text.Set_Servo180Angle)
    SysTick_Handler                          0x08007c11   Thumb Code     8  stm32f4xx_it.o(.text.SysTick_Handler)
    SystemClock_Config                       0x08007c19   Thumb Code   188  rcc.o(.text.SystemClock_Config)
    SystemInit                               0x08007cd5   Thumb Code    18  system_stm32f4xx.o(.text.SystemInit)
    TIM1_Init                                0x08007ce9   Thumb Code   224  tim.o(.text.TIM1_Init)
    TIM6_DAC_IRQHandler                      0x08007dc9   Thumb Code    16  stm32f4xx_it.o(.text.TIM6_DAC_IRQHandler)
    TIM6_Init                                0x08007dd9   Thumb Code    90  tim.o(.text.TIM6_Init)
    TIM8_BRK_TIM12_IRQHandler                0x08007e35   Thumb Code    16  stm32f4xx_it.o(.text.TIM8_BRK_TIM12_IRQHandler)
    TIM8_Init                                0x08007e45   Thumb Code   278  tim.o(.text.TIM8_Init)
    TIM8_TRG_COM_TIM14_IRQHandler            0x08007f5d   Thumb Code    16  stm32f4xx_it.o(.text.TIM8_TRG_COM_TIM14_IRQHandler)
    TIM8_UP_TIM13_IRQHandler                 0x08007f6d   Thumb Code    16  stm32f4xx_it.o(.text.TIM8_UP_TIM13_IRQHandler)
    TIM_Base_SetConfig                       0x08007f7d   Thumb Code   420  stm32f4xx_hal_tim.o(.text.TIM_Base_SetConfig)
    TIM_CCxChannelCmd                        0x08008121   Thumb Code    54  stm32f4xx_hal_tim.o(.text.TIM_CCxChannelCmd)
    TIM_OC2_SetConfig                        0x08008245   Thumb Code   244  stm32f4xx_hal_tim.o(.text.TIM_OC2_SetConfig)
    Target_Update                            0x080084d1   Thumb Code   192  rmyel.o(.text.Target_Update)
    Tray_Move                                0x080085c1   Thumb Code   740  load.o(.text.Tray_Move)
    UART_Start_Receive_DMA                   0x08008e05   Thumb Code   304  stm32f4xx_hal_uart.o(.text.UART_Start_Receive_DMA)
    USART1_IRQHandler                        0x080090a5   Thumb Code    16  stm32f4xx_it.o(.text.USART1_IRQHandler)
    USART1_UART_Init                         0x080090b5   Thumb Code    64  usart.o(.text.USART1_UART_Init)
    USART6_IRQHandler                        0x080090f5   Thumb Code    16  stm32f4xx_it.o(.text.USART6_IRQHandler)
    USART6_UART_Init                         0x08009105   Thumb Code    64  usart.o(.text.USART6_UART_Init)
    UsageFault_Handler                       0x08009145   Thumb Code     4  stm32f4xx_it.o(.text.UsageFault_Handler)
    WriteCmd                                 0x08009149   Thumb Code    22  oled.o(.text.WriteCmd)
    WriteDat                                 0x08009161   Thumb Code    22  oled.o(.text.WriteDat)
    load_proc                                0x08009239   Thumb Code   744  load.o(.text.load_proc)
    main                                     0x08009535   Thumb Code    64  main.o(.text.main)
    process_Point                            0x08009575   Thumb Code   278  serial.o(.text.process_Point)
    rmYel                                    0x0800968d   Thumb Code   528  rmyel.o(.text.rmYel)
    rmYel_Init                               0x080098a5   Thumb Code   110  rmyel.o(.text.rmYel_Init)
    setPWM                                   0x08009915   Thumb Code   608  tim.o(.text.setPWM)
    solevalve_init                           0x08009b75   Thumb Code    42  solevalve.o(.text.solevalve_init)
    valve_close                              0x08009ba1   Thumb Code    22  solevalve.o(.text.valve_close)
    valve_open                               0x08009bb9   Thumb Code    22  solevalve.o(.text.valve_open)
    _btod_d2e                                0x08009bcf   Thumb Code    62  btod.o(CL$$btod_d2e)
    _d2e_denorm_low                          0x08009c0d   Thumb Code    70  btod.o(CL$$btod_d2e_denorm_low)
    _d2e_norm_op1                            0x08009c53   Thumb Code    96  btod.o(CL$$btod_d2e_norm_op1)
    __btod_div_common                        0x08009cb5   Thumb Code   696  btod.o(CL$$btod_div_common)
    _e2e                                     0x08009fed   Thumb Code   220  btod.o(CL$$btod_e2e)
    _btod_ediv                               0x0800a0c9   Thumb Code    42  btod.o(CL$$btod_ediv)
    _btod_emul                               0x0800a0f3   Thumb Code    42  btod.o(CL$$btod_emul)
    __btod_mult_common                       0x0800a11d   Thumb Code   580  btod.o(CL$$btod_mult_common)
    __ARM_fpclassify                         0x0800a361   Thumb Code    48  fpclassify.o(i.__ARM_fpclassify)
    _is_digit                                0x0800a391   Thumb Code    14  __printf_wp.o(i._is_digit)
    _get_lc_numeric                          0x0800a3a1   Thumb Code    44  lc_numeric_c.o(locale$$code)
    _get_lc_ctype                            0x0800a3cd   Thumb Code    44  lc_ctype_c.o(locale$$code)
    __aeabi_d2f                              0x0800a3f9   Thumb Code     0  d2f.o(x$fpl$d2f)
    _d2f                                     0x0800a3f9   Thumb Code    98  d2f.o(x$fpl$d2f)
    __aeabi_dadd                             0x0800a45d   Thumb Code     0  daddsub_clz.o(x$fpl$dadd)
    _dadd                                    0x0800a45d   Thumb Code   332  daddsub_clz.o(x$fpl$dadd)
    __fpl_dcmp_Inf                           0x0800a5ad   Thumb Code    24  dcmpi.o(x$fpl$dcmpinf)
    __aeabi_ddiv                             0x0800a5c5   Thumb Code     0  ddiv.o(x$fpl$ddiv)
    _ddiv                                    0x0800a5c5   Thumb Code   560  ddiv.o(x$fpl$ddiv)
    __aeabi_cdcmpeq                          0x0800a87d   Thumb Code     0  deqf.o(x$fpl$deqf)
    _dcmpeq                                  0x0800a87d   Thumb Code   120  deqf.o(x$fpl$deqf)
    __aeabi_d2iz                             0x0800a8f5   Thumb Code     0  dfix.o(x$fpl$dfix)
    _dfix                                    0x0800a8f5   Thumb Code    94  dfix.o(x$fpl$dfix)
    __aeabi_i2d                              0x0800a953   Thumb Code     0  dflt_clz.o(x$fpl$dflt)
    _dflt                                    0x0800a953   Thumb Code    46  dflt_clz.o(x$fpl$dflt)
    __aeabi_cdcmpge                          0x0800a981   Thumb Code     0  dgeqf.o(x$fpl$dgeqf)
    _dcmpge                                  0x0800a981   Thumb Code   120  dgeqf.o(x$fpl$dgeqf)
    __aeabi_cdcmple                          0x0800a9f9   Thumb Code     0  dleqf.o(x$fpl$dleqf)
    _dcmple                                  0x0800a9f9   Thumb Code   120  dleqf.o(x$fpl$dleqf)
    __fpl_dcmple_InfNaN                      0x0800aa5b   Thumb Code     0  dleqf.o(x$fpl$dleqf)
    __aeabi_dmul                             0x0800aa71   Thumb Code     0  dmul.o(x$fpl$dmul)
    _dmul                                    0x0800aa71   Thumb Code   332  dmul.o(x$fpl$dmul)
    __fpl_dnaninf                            0x0800abc5   Thumb Code   156  dnaninf.o(x$fpl$dnaninf)
    __fpl_dretinf                            0x0800ac61   Thumb Code    12  dretinf.o(x$fpl$dretinf)
    __aeabi_dsub                             0x0800ac6d   Thumb Code     0  daddsub_clz.o(x$fpl$dsub)
    _dsub                                    0x0800ac6d   Thumb Code   472  daddsub_clz.o(x$fpl$dsub)
    __aeabi_f2d                              0x0800ae49   Thumb Code     0  f2d.o(x$fpl$f2d)
    _f2d                                     0x0800ae49   Thumb Code    86  f2d.o(x$fpl$f2d)
    __aeabi_dcmpeq                           0x0800ae9f   Thumb Code     0  dcmp.o(x$fpl$fcmp)
    _deq                                     0x0800ae9f   Thumb Code    14  dcmp.o(x$fpl$fcmp)
    _dneq                                    0x0800aead   Thumb Code    14  dcmp.o(x$fpl$fcmp)
    __aeabi_dcmpgt                           0x0800aebb   Thumb Code     0  dcmp.o(x$fpl$fcmp)
    _dgr                                     0x0800aebb   Thumb Code    14  dcmp.o(x$fpl$fcmp)
    __aeabi_dcmpge                           0x0800aec9   Thumb Code     0  dcmp.o(x$fpl$fcmp)
    _dgeq                                    0x0800aec9   Thumb Code    14  dcmp.o(x$fpl$fcmp)
    __aeabi_dcmple                           0x0800aed7   Thumb Code     0  dcmp.o(x$fpl$fcmp)
    _dleq                                    0x0800aed7   Thumb Code    14  dcmp.o(x$fpl$fcmp)
    __aeabi_dcmplt                           0x0800aee5   Thumb Code     0  dcmp.o(x$fpl$fcmp)
    _dls                                     0x0800aee5   Thumb Code    14  dcmp.o(x$fpl$fcmp)
    __fpl_fnaninf                            0x0800aef3   Thumb Code   140  fnaninf.o(x$fpl$fnaninf)
    _fp_init                                 0x0800af7f   Thumb Code    26  fpinit.o(x$fpl$fpinit)
    __fplib_config_fpu_vfp                   0x0800af97   Thumb Code     0  fpinit.o(x$fpl$fpinit)
    __fplib_config_pureend_doubles           0x0800af97   Thumb Code     0  fpinit.o(x$fpl$fpinit)
    __fpl_fretinf                            0x0800af99   Thumb Code    10  fretinf.o(x$fpl$fretinf)
    _printf_fp_dec                           0x0800afa3   Thumb Code     4  printf1.o(x$fpl$printf1)
    _printf_fp_hex                           0x0800afa7   Thumb Code     4  printf2.o(x$fpl$printf2)
    __I$use$fp                               0x0800afaa   Number         0  usenofp.o(x$fpl$usenofp)
    AHBPrescTable                            0x0800b0a8   Data          16  system_stm32f4xx.o(.rodata.AHBPrescTable)
    APBPrescTable                            0x0800b0b8   Data           8  system_stm32f4xx.o(.rodata.APBPrescTable)
    Region$$Table$$Base                      0x0800b148   Number         0  anon$$obj.o(Region$$Table)
    Region$$Table$$Limit                     0x0800b168   Number         0  anon$$obj.o(Region$$Table)
    __ctype                                  0x0800b191   Data           0  lc_ctype_c.o(locale$$data)
    PRESCALAR_TIM1                           0x20000818   Data           2  tim.o(.data.PRESCALAR_TIM1)
    PRESCALAR_TIM8                           0x2000081a   Data           2  tim.o(.data.PRESCALAR_TIM8)
    SystemCoreClock                          0x2000081c   Data           4  system_stm32f4xx.o(.data.SystemCoreClock)
    Threshold_Y                              0x20000820   Data           4  rmyel.o(.data.Threshold_Y)
    last_x                                   0x20000824   Data           4  rmyel.o(.data.last_x)
    oled_line0                               0x20000828   Data          21  oled.o(.data.oled_line0)
    oled_line1                               0x2000083d   Data          21  oled.o(.data.oled_line1)
    oled_line2                               0x20000852   Data          21  oled.o(.data.oled_line2)
    oled_line3                               0x20000867   Data          21  oled.o(.data.oled_line3)
    oled_line4                               0x2000087c   Data          21  oled.o(.data.oled_line4)
    oled_line5                               0x20000891   Data          21  oled.o(.data.oled_line5)
    oled_line6                               0x200008a6   Data          21  oled.o(.data.oled_line6)
    ucEnd                                    0x200008bb   Data           1  rmyel.o(.data.ucEnd)
    uwTickFreq                               0x200008bc   Data           1  stm32f4xx_hal.o(.data.uwTickFreq)
    uwTickPrio                               0x200008c0   Data           4  stm32f4xx_hal.o(.data.uwTickPrio)
    __libspace_start                         0x200008c8   Data          96  libspace.o(.bss)
    CSD_FLAG                                 0x20000928   Data           1  load.o(.bss.CSD_FLAG)
    __temporary_stack_top$libspace           0x20000928   Data           0  libspace.o(.bss)
    IS_UART_RECEIVED                         0x20000929   Data           2  usart.o(.bss.IS_UART_RECEIVED)
    Key_uwTick                               0x2000092c   Data           4  key.o(.bss.Key_uwTick)
    Knife_Dest                               0x20000930   Data           4  rmyel.o(.bss.Knife_Dest)
    Knife_Y                                  0x20000934   Data           4  rmyel.o(.bss.Knife_Y)
    MKS42D1_INFO                             0x20000938   Data          16  mks42d.o(.bss.MKS42D1_INFO)
    MKS42D2_INFO                             0x20000948   Data          16  mks42d.o(.bss.MKS42D2_INFO)
    MKS42d2_Dest                             0x20000958   Data           4  mks42d.o(.bss.MKS42d2_Dest)
    OPENFLAG                                 0x2000095c   Data           1  serial.o(.bss.OPENFLAG)
    Point_Received                           0x20000960   Data           8  serial.o(.bss.Point_Received)
    RMIOGroup                                0x20000968   Data          32  gpio.o(.bss.RMIOGroup)
    ScreenBuffer                             0x20000988   Data        1024  oled.o(.bss.ScreenBuffer)
    TIM6_Tick                                0x20000d88   Data           4  it.o(.bss.TIM6_Tick)
    error_recNum                             0x20000d8c   Data           4  usart.o(.bss.error_recNum)
    error_serial                             0x20000d90   Data           2  serial.o(.bss.error_serial)
    hcan2                                    0x20000d94   Data          40  can.o(.bss.hcan2)
    hdma_usart1_rx                           0x20000dbc   Data          96  usart.o(.bss.hdma_usart1_rx)
    hdma_usart1_tx                           0x20000e1c   Data          96  usart.o(.bss.hdma_usart1_tx)
    hdma_usart6_rx                           0x20000e7c   Data          96  usart.o(.bss.hdma_usart6_rx)
    hdma_usart6_tx                           0x20000edc   Data          96  usart.o(.bss.hdma_usart6_tx)
    hi2c2                                    0x20000f3c   Data          84  i2c.o(.bss.hi2c2)
    htim1                                    0x20000f90   Data          72  tim.o(.bss.htim1)
    htim6                                    0x20000fd8   Data          72  tim.o(.bss.htim6)
    htim8                                    0x20001020   Data          72  tim.o(.bss.htim8)
    huart1                                   0x20001068   Data          72  usart.o(.bss.huart1)
    huart6                                   0x200010b0   Data          72  usart.o(.bss.huart6)
    last_rmYel_uwTick                        0x200010f8   Data           4  rmyel.o(.bss.last_rmYel_uwTick)
    lastload_uwTick                          0x200010fc   Data           4  load.o(.bss.lastload_uwTick)
    lasttray_uwTick                          0x20001100   Data           4  load.o(.bss.lasttray_uwTick)
    load_state                               0x20001104   Data           1  load.o(.bss.load_state)
    load_uwTick                              0x20001108   Data           4  load.o(.bss.load_uwTick)
    mks42d_uwTick                            0x2000110c   Data           4  mks42d.o(.bss.mks42d_uwTick)
    oled_uwTick                              0x20001110   Data           4  oled.o(.bss.oled_uwTick)
    rmYel_state                              0x20001114   Data           1  rmyel.o(.bss.rmYel_state)
    rmYel_uwTick                             0x20001118   Data           4  rmyel.o(.bss.rmYel_uwTick)
    serial_uwTick                            0x2000111c   Data           4  serial.o(.bss.serial_uwTick)
    servo180                                 0x20001120   Data          12  servo.o(.bss.servo180)
    sv                                       0x2000112c   Data          24  solevalve.o(.bss.sv)
    target                                   0x20001144   Data          16  rmyel.o(.bss.target)
    temp                                     0x20001154   Data           1  oled.o(.bss.temp)
    tray_moving                              0x20001155   Data           1  load.o(.bss.tray_moving)
    tray_signal                              0x20001156   Data           1  load.o(.bss.tray_signal)
    tray_state                               0x20001157   Data           1  load.o(.bss.tray_state)
    tray_uwTick                              0x20001158   Data           4  load.o(.bss.tray_uwTick)
    uart_recNum                              0x2000115c   Data           4  usart.o(.bss.uart_recNum)
    ucBuffer1                                0x20001160   Data          64  usart.o(.bss.ucBuffer1)
    ucBuffer6                                0x200011a0   Data          64  usart.o(.bss.ucBuffer6)
    ucBuffer_len                             0x200011e0   Data           4  usart.o(.bss.ucBuffer_len)
    ucCANTrans                               0x200011e4   Data          20  mks42d.o(.bss.ucCANTrans)
    ucKey_down                               0x200011f8   Data           1  key.o(.bss.ucKey_down)
    ucKey_old                                0x200011f9   Data           1  key.o(.bss.ucKey_old)
    ucKey_up                                 0x200011fa   Data           1  key.o(.bss.ucKey_up)
    ucKey_val                                0x200011fb   Data           1  key.o(.bss.ucKey_val)
    ucRecei1                                 0x200011fc   Data          64  usart.o(.bss.ucRecei1)
    ucRecei6                                 0x2000123c   Data          64  usart.o(.bss.ucRecei6)
    uwTick                                   0x2000127c   Data           4  stm32f4xx_hal.o(.bss.uwTick)



==============================================================================

Memory Map of the image

  Image Entry point : 0x08000189

  Load Region LR_IROM1 (Base: 0x08000000, Size: 0x0000bb60, Max: 0x00100000, ABSOLUTE, COMPRESSED[0x0000b7e0])

    Execution Region ER_IROM1 (Exec base: 0x08000000, Load base: 0x08000000, Size: 0x0000b294, Max: 0x00100000, ABSOLUTE)

    Exec Addr    Load Addr    Size         Type   Attr      Idx    E Section Name        Object

    0x08000000   0x08000000   0x00000188   Data   RO            3    RESET               startup_stm32f407xx.o
    0x08000188   0x08000188   0x00000008   Code   RO         1605  * !!!main             c_w.l(__main.o)
    0x08000190   0x08000190   0x0000005c   Code   RO         2000    !!!scatter          c_w.l(__scatter.o)
    0x080001ec   0x080001ec   0x0000005a   Code   RO         1998    !!dczerorl2         c_w.l(__dczerorl2.o)
    0x08000246   0x08000246   0x00000002   PAD
    0x08000248   0x08000248   0x00000002   Code   RO         2001    !!handler_null      c_w.l(__scatter.o)
    0x0800024a   0x0800024a   0x00000002   PAD
    0x0800024c   0x0800024c   0x0000001c   Code   RO         2004    !!handler_zi        c_w.l(__scatter_zi.o)
    0x08000268   0x08000268   0x00000000   Code   RO         1721    .ARM.Collect$$_printf_percent$$00000000  c_w.l(_printf_percent.o)
    0x08000268   0x08000268   0x00000006   Code   RO         1710    .ARM.Collect$$_printf_percent$$00000001  c_w.l(_printf_n.o)
    0x0800026e   0x0800026e   0x00000006   Code   RO         1712    .ARM.Collect$$_printf_percent$$00000002  c_w.l(_printf_p.o)
    0x08000274   0x08000274   0x00000006   Code   RO         1717    .ARM.Collect$$_printf_percent$$00000003  c_w.l(_printf_f.o)
    0x0800027a   0x0800027a   0x00000006   Code   RO         1718    .ARM.Collect$$_printf_percent$$00000004  c_w.l(_printf_e.o)
    0x08000280   0x08000280   0x00000006   Code   RO         1719    .ARM.Collect$$_printf_percent$$00000005  c_w.l(_printf_g.o)
    0x08000286   0x08000286   0x00000006   Code   RO         1720    .ARM.Collect$$_printf_percent$$00000006  c_w.l(_printf_a.o)
    0x0800028c   0x0800028c   0x0000000a   Code   RO         1725    .ARM.Collect$$_printf_percent$$00000007  c_w.l(_printf_ll.o)
    0x08000296   0x08000296   0x00000006   Code   RO         1714    .ARM.Collect$$_printf_percent$$00000008  c_w.l(_printf_i.o)
    0x0800029c   0x0800029c   0x00000006   Code   RO         1715    .ARM.Collect$$_printf_percent$$00000009  c_w.l(_printf_d.o)
    0x080002a2   0x080002a2   0x00000006   Code   RO         1716    .ARM.Collect$$_printf_percent$$0000000A  c_w.l(_printf_u.o)
    0x080002a8   0x080002a8   0x00000006   Code   RO         1713    .ARM.Collect$$_printf_percent$$0000000B  c_w.l(_printf_o.o)
    0x080002ae   0x080002ae   0x00000006   Code   RO         1711    .ARM.Collect$$_printf_percent$$0000000C  c_w.l(_printf_x.o)
    0x080002b4   0x080002b4   0x00000006   Code   RO         1722    .ARM.Collect$$_printf_percent$$0000000D  c_w.l(_printf_lli.o)
    0x080002ba   0x080002ba   0x00000006   Code   RO         1723    .ARM.Collect$$_printf_percent$$0000000E  c_w.l(_printf_lld.o)
    0x080002c0   0x080002c0   0x00000006   Code   RO         1724    .ARM.Collect$$_printf_percent$$0000000F  c_w.l(_printf_llu.o)
    0x080002c6   0x080002c6   0x00000006   Code   RO         1729    .ARM.Collect$$_printf_percent$$00000010  c_w.l(_printf_llo.o)
    0x080002cc   0x080002cc   0x00000006   Code   RO         1730    .ARM.Collect$$_printf_percent$$00000011  c_w.l(_printf_llx.o)
    0x080002d2   0x080002d2   0x0000000a   Code   RO         1726    .ARM.Collect$$_printf_percent$$00000012  c_w.l(_printf_l.o)
    0x080002dc   0x080002dc   0x00000006   Code   RO         1708    .ARM.Collect$$_printf_percent$$00000013  c_w.l(_printf_c.o)
    0x080002e2   0x080002e2   0x00000006   Code   RO         1709    .ARM.Collect$$_printf_percent$$00000014  c_w.l(_printf_s.o)
    0x080002e8   0x080002e8   0x00000006   Code   RO         1727    .ARM.Collect$$_printf_percent$$00000015  c_w.l(_printf_lc.o)
    0x080002ee   0x080002ee   0x00000006   Code   RO         1728    .ARM.Collect$$_printf_percent$$00000016  c_w.l(_printf_ls.o)
    0x080002f4   0x080002f4   0x00000004   Code   RO         1790    .ARM.Collect$$_printf_percent$$00000017  c_w.l(_printf_percent_end.o)
    0x080002f8   0x080002f8   0x00000002   Code   RO         1847    .ARM.Collect$$libinit$$00000000  c_w.l(libinit.o)
    0x080002fa   0x080002fa   0x00000004   Code   RO         1870    .ARM.Collect$$libinit$$00000001  c_w.l(libinit2.o)
    0x080002fe   0x080002fe   0x00000000   Code   RO         1873    .ARM.Collect$$libinit$$00000004  c_w.l(libinit2.o)
    0x080002fe   0x080002fe   0x00000000   Code   RO         1875    .ARM.Collect$$libinit$$00000006  c_w.l(libinit2.o)
    0x080002fe   0x080002fe   0x00000000   Code   RO         1878    .ARM.Collect$$libinit$$0000000C  c_w.l(libinit2.o)
    0x080002fe   0x080002fe   0x00000000   Code   RO         1880    .ARM.Collect$$libinit$$0000000E  c_w.l(libinit2.o)
    0x080002fe   0x080002fe   0x00000000   Code   RO         1882    .ARM.Collect$$libinit$$00000010  c_w.l(libinit2.o)
    0x080002fe   0x080002fe   0x00000006   Code   RO         1883    .ARM.Collect$$libinit$$00000011  c_w.l(libinit2.o)
    0x08000304   0x08000304   0x00000000   Code   RO         1885    .ARM.Collect$$libinit$$00000013  c_w.l(libinit2.o)
    0x08000304   0x08000304   0x0000000c   Code   RO         1886    .ARM.Collect$$libinit$$00000014  c_w.l(libinit2.o)
    0x08000310   0x08000310   0x00000000   Code   RO         1887    .ARM.Collect$$libinit$$00000015  c_w.l(libinit2.o)
    0x08000310   0x08000310   0x00000000   Code   RO         1889    .ARM.Collect$$libinit$$00000017  c_w.l(libinit2.o)
    0x08000310   0x08000310   0x0000000a   Code   RO         1890    .ARM.Collect$$libinit$$00000018  c_w.l(libinit2.o)
    0x0800031a   0x0800031a   0x00000000   Code   RO         1891    .ARM.Collect$$libinit$$00000019  c_w.l(libinit2.o)
    0x0800031a   0x0800031a   0x00000000   Code   RO         1893    .ARM.Collect$$libinit$$0000001B  c_w.l(libinit2.o)
    0x0800031a   0x0800031a   0x00000000   Code   RO         1895    .ARM.Collect$$libinit$$0000001D  c_w.l(libinit2.o)
    0x0800031a   0x0800031a   0x00000000   Code   RO         1897    .ARM.Collect$$libinit$$0000001F  c_w.l(libinit2.o)
    0x0800031a   0x0800031a   0x00000000   Code   RO         1899    .ARM.Collect$$libinit$$00000021  c_w.l(libinit2.o)
    0x0800031a   0x0800031a   0x00000000   Code   RO         1901    .ARM.Collect$$libinit$$00000023  c_w.l(libinit2.o)
    0x0800031a   0x0800031a   0x00000000   Code   RO         1903    .ARM.Collect$$libinit$$00000025  c_w.l(libinit2.o)
    0x0800031a   0x0800031a   0x00000000   Code   RO         1905    .ARM.Collect$$libinit$$00000027  c_w.l(libinit2.o)
    0x0800031a   0x0800031a   0x00000000   Code   RO         1909    .ARM.Collect$$libinit$$0000002E  c_w.l(libinit2.o)
    0x0800031a   0x0800031a   0x00000000   Code   RO         1911    .ARM.Collect$$libinit$$00000030  c_w.l(libinit2.o)
    0x0800031a   0x0800031a   0x00000000   Code   RO         1913    .ARM.Collect$$libinit$$00000032  c_w.l(libinit2.o)
    0x0800031a   0x0800031a   0x00000000   Code   RO         1915    .ARM.Collect$$libinit$$00000034  c_w.l(libinit2.o)
    0x0800031a   0x0800031a   0x00000002   Code   RO         1916    .ARM.Collect$$libinit$$00000035  c_w.l(libinit2.o)
    0x0800031c   0x0800031c   0x00000002   Code   RO         1953    .ARM.Collect$$libshutdown$$00000000  c_w.l(libshutdown.o)
    0x0800031e   0x0800031e   0x00000000   Code   RO         1981    .ARM.Collect$$libshutdown$$00000002  c_w.l(libshutdown2.o)
    0x0800031e   0x0800031e   0x00000000   Code   RO         1983    .ARM.Collect$$libshutdown$$00000004  c_w.l(libshutdown2.o)
    0x0800031e   0x0800031e   0x00000000   Code   RO         1986    .ARM.Collect$$libshutdown$$00000007  c_w.l(libshutdown2.o)
    0x0800031e   0x0800031e   0x00000000   Code   RO         1989    .ARM.Collect$$libshutdown$$0000000A  c_w.l(libshutdown2.o)
    0x0800031e   0x0800031e   0x00000000   Code   RO         1991    .ARM.Collect$$libshutdown$$0000000C  c_w.l(libshutdown2.o)
    0x0800031e   0x0800031e   0x00000000   Code   RO         1994    .ARM.Collect$$libshutdown$$0000000F  c_w.l(libshutdown2.o)
    0x0800031e   0x0800031e   0x00000002   Code   RO         1995    .ARM.Collect$$libshutdown$$00000010  c_w.l(libshutdown2.o)
    0x08000320   0x08000320   0x00000000   Code   RO         1635    .ARM.Collect$$rtentry$$00000000  c_w.l(__rtentry.o)
    0x08000320   0x08000320   0x00000000   Code   RO         1757    .ARM.Collect$$rtentry$$00000002  c_w.l(__rtentry2.o)
    0x08000320   0x08000320   0x00000006   Code   RO         1769    .ARM.Collect$$rtentry$$00000004  c_w.l(__rtentry4.o)
    0x08000326   0x08000326   0x00000000   Code   RO         1759    .ARM.Collect$$rtentry$$00000009  c_w.l(__rtentry2.o)
    0x08000326   0x08000326   0x00000004   Code   RO         1760    .ARM.Collect$$rtentry$$0000000A  c_w.l(__rtentry2.o)
    0x0800032a   0x0800032a   0x00000000   Code   RO         1762    .ARM.Collect$$rtentry$$0000000C  c_w.l(__rtentry2.o)
    0x0800032a   0x0800032a   0x00000008   Code   RO         1763    .ARM.Collect$$rtentry$$0000000D  c_w.l(__rtentry2.o)
    0x08000332   0x08000332   0x00000002   Code   RO         1855    .ARM.Collect$$rtexit$$00000000  c_w.l(rtexit.o)
    0x08000334   0x08000334   0x00000000   Code   RO         1922    .ARM.Collect$$rtexit$$00000002  c_w.l(rtexit2.o)
    0x08000334   0x08000334   0x00000004   Code   RO         1923    .ARM.Collect$$rtexit$$00000003  c_w.l(rtexit2.o)
    0x08000338   0x08000338   0x00000006   Code   RO         1924    .ARM.Collect$$rtexit$$00000004  c_w.l(rtexit2.o)
    0x0800033e   0x0800033e   0x00000002   PAD
    0x08000340   0x08000340   0x00000040   Code   RO            4    .text               startup_stm32f407xx.o
    0x08000380   0x08000380   0x000000f0   Code   RO         1593    .text               c_w.l(lludivv7m.o)
    0x08000470   0x08000470   0x0000002c   Code   RO         1595    .text               c_w.l(sprintf.o)
    0x0800049c   0x0800049c   0x0000008a   Code   RO         1597    .text               c_w.l(rt_memcpy_v6.o)
    0x08000526   0x08000526   0x00000044   Code   RO         1599    .text               c_w.l(rt_memclr.o)
    0x0800056a   0x0800056a   0x0000004e   Code   RO         1601    .text               c_w.l(rt_memclr_w.o)
    0x080005b8   0x080005b8   0x00000006   Code   RO         1603    .text               c_w.l(heapauxi.o)
    0x080005be   0x080005be   0x0000004e   Code   RO         1642    .text               c_w.l(_printf_pad.o)
    0x0800060c   0x0800060c   0x00000024   Code   RO         1644    .text               c_w.l(_printf_truncate.o)
    0x08000630   0x08000630   0x00000052   Code   RO         1646    .text               c_w.l(_printf_str.o)
    0x08000682   0x08000682   0x00000002   PAD
    0x08000684   0x08000684   0x00000078   Code   RO         1648    .text               c_w.l(_printf_dec.o)
    0x080006fc   0x080006fc   0x00000028   Code   RO         1650    .text               c_w.l(_printf_charcount.o)
    0x08000724   0x08000724   0x00000030   Code   RO         1652    .text               c_w.l(_printf_char_common.o)
    0x08000754   0x08000754   0x0000000a   Code   RO         1654    .text               c_w.l(_sputc.o)
    0x0800075e   0x0800075e   0x00000002   PAD
    0x08000760   0x08000760   0x000000bc   Code   RO         1656    .text               c_w.l(_printf_wctomb.o)
    0x0800081c   0x0800081c   0x0000007c   Code   RO         1659    .text               c_w.l(_printf_longlong_dec.o)
    0x08000898   0x08000898   0x00000070   Code   RO         1665    .text               c_w.l(_printf_oct_int_ll.o)
    0x08000908   0x08000908   0x00000094   Code   RO         1685    .text               c_w.l(_printf_hex_int_ll_ptr.o)
    0x0800099c   0x0800099c   0x00000188   Code   RO         1705    .text               c_w.l(__printf_flags_ss_wp.o)
    0x08000b24   0x08000b24   0x00000064   Code   RO         1731    .text               c_w.l(rt_memcpy_w.o)
    0x08000b88   0x08000b88   0x0000008a   Code   RO         1773    .text               c_w.l(lludiv10.o)
    0x08000c12   0x08000c12   0x000000b2   Code   RO         1775    .text               c_w.l(_printf_intcommon.o)
    0x08000cc4   0x08000cc4   0x0000041c   Code   RO         1777    .text               c_w.l(_printf_fp_dec.o)
    0x080010e0   0x080010e0   0x000002fc   Code   RO         1781    .text               c_w.l(_printf_fp_hex.o)
    0x080013dc   0x080013dc   0x0000002c   Code   RO         1786    .text               c_w.l(_printf_char.o)
    0x08001408   0x08001408   0x0000002c   Code   RO         1788    .text               c_w.l(_printf_wchar.o)
    0x08001434   0x08001434   0x00000048   Code   RO         1791    .text               c_w.l(_c16rtomb.o)
    0x0800147c   0x0800147c   0x0000004a   Code   RO         1795    .text               c_w.l(sys_stackheap_outer.o)
    0x080014c6   0x080014c6   0x00000002   PAD
    0x080014c8   0x080014c8   0x00000010   Code   RO         1797    .text               c_w.l(rt_ctype_table.o)
    0x080014d8   0x080014d8   0x00000008   Code   RO         1802    .text               c_w.l(rt_locale_intlibspace.o)
    0x080014e0   0x080014e0   0x00000080   Code   RO         1804    .text               c_w.l(_printf_fp_infnan.o)
    0x08001560   0x08001560   0x000000e4   Code   RO         1806    .text               c_w.l(bigflt0.o)
    0x08001644   0x08001644   0x00000012   Code   RO         1836    .text               c_w.l(exit.o)
    0x08001656   0x08001656   0x00000002   PAD
    0x08001658   0x08001658   0x00000008   Code   RO         1852    .text               c_w.l(libspace.o)
    0x08001660   0x08001660   0x0000007c   Code   RO         1868    .text               c_w.l(strcmpv7em.o)
    0x080016dc   0x080016dc   0x0000000c   Code   RO         1917    .text               c_w.l(sys_exit.o)
    0x080016e8   0x080016e8   0x00000002   Code   RO         1942    .text               c_w.l(use_no_semi.o)
    0x080016ea   0x080016ea   0x00000000   Code   RO         1944    .text               c_w.l(indicate_semi.o)
    0x080016ea   0x080016ea   0x00000002   PAD
    0x080016ec   0x080016ec   0x00000004   Code   RO           17    .text.BusFault_Handler  stm32f4xx_it.o
    0x080016f0   0x080016f0   0x00000088   Code   RO          408    .text.CAN2_Init     can.o
    0x08001778   0x08001778   0x00000010   Code   RO           51    .text.CAN2_RX0_IRQHandler  stm32f4xx_it.o
    0x08001788   0x08001788   0x00000010   Code   RO           53    .text.CAN2_RX1_IRQHandler  stm32f4xx_it.o
    0x08001798   0x08001798   0x00000010   Code   RO           55    .text.CAN2_SCE_IRQHandler  stm32f4xx_it.o
    0x080017a8   0x080017a8   0x00000010   Code   RO           49    .text.CAN2_TX_IRQHandler  stm32f4xx_it.o
    0x080017b8   0x080017b8   0x00000120   Code   RO          111    .text.Chasing_Yel   rmyel.o
    0x080018d8   0x080018d8   0x00000020   Code   RO          109    .text.Cut_Yel       rmyel.o
    0x080018f8   0x080018f8   0x00000010   Code   RO           39    .text.DMA2_Stream1_IRQHandler  stm32f4xx_it.o
    0x08001908   0x08001908   0x00000010   Code   RO           41    .text.DMA2_Stream2_IRQHandler  stm32f4xx_it.o
    0x08001918   0x08001918   0x00000010   Code   RO           43    .text.DMA2_Stream6_IRQHandler  stm32f4xx_it.o
    0x08001928   0x08001928   0x00000010   Code   RO           45    .text.DMA2_Stream7_IRQHandler  stm32f4xx_it.o
    0x08001938   0x08001938   0x00000056   Code   RO          950    .text.DMA_CalcBaseAndBitshift  stm32f4xx_hal_dma.o
    0x0800198e   0x0800198e   0x00000002   PAD
    0x08001990   0x08001990   0x000000f0   Code   RO          948    .text.DMA_CheckFifoParam  stm32f4xx_hal_dma.o
    0x08001a80   0x08001a80   0x00000074   Code   RO          283    .text.DMA_Init      dma.o
    0x08001af4   0x08001af4   0x00000050   Code   RO          956    .text.DMA_SetConfig  stm32f4xx_hal_dma.o
    0x08001b44   0x08001b44   0x00000002   Code   RO           23    .text.DebugMon_Handler  stm32f4xx_it.o
    0x08001b46   0x08001b46   0x00000002   PAD
    0x08001b48   0x08001b48   0x00000006   Code   RO          309    .text.Error_Handler  rcc.o
    0x08001b4e   0x08001b4e   0x00000002   PAD
    0x08001b50   0x08001b50   0x0000018e   Code   RO          295    .text.GPIO_Init     gpio.o
    0x08001cde   0x08001cde   0x00000002   PAD
    0x08001ce0   0x08001ce0   0x00000052   Code   RO         1547    .text.HAL_CAN_ActivateNotification  stm32f4xx_hal_can.o
    0x08001d32   0x08001d32   0x00000002   PAD
    0x08001d34   0x08001d34   0x00000156   Code   RO         1533    .text.HAL_CAN_AddTxMessage  stm32f4xx_hal_can.o
    0x08001e8a   0x08001e8a   0x00000002   PAD
    0x08001e8c   0x08001e8c   0x0000019e   Code   RO         1523    .text.HAL_CAN_ConfigFilter  stm32f4xx_hal_can.o
    0x0800202a   0x0800202a   0x00000002   PAD
    0x0800202c   0x0800202c   0x00000008   Code   RO         1577    .text.HAL_CAN_ErrorCallback  stm32f4xx_hal_can.o
    0x08002034   0x08002034   0x00000212   Code   RO         1543    .text.HAL_CAN_GetRxMessage  stm32f4xx_hal_can.o
    0x08002246   0x08002246   0x00000002   PAD
    0x08002248   0x08002248   0x000003f2   Code   RO         1551    .text.HAL_CAN_IRQHandler  stm32f4xx_hal_can.o
    0x0800263a   0x0800263a   0x00000002   PAD
    0x0800263c   0x0800263c   0x000001de   Code   RO         1513    .text.HAL_CAN_Init  stm32f4xx_hal_can.o
    0x0800281a   0x0800281a   0x00000002   PAD
    0x0800281c   0x0800281c   0x000000fe   Code   RO          410    .text.HAL_CAN_MspInit  can.o
    0x0800291a   0x0800291a   0x00000002   PAD
    0x0800291c   0x0800291c   0x00000008   Code   RO         1565    .text.HAL_CAN_RxFifo0FullCallback  stm32f4xx_hal_can.o
    0x08002924   0x08002924   0x000003b0   Code   RO          172    .text.HAL_CAN_RxFifo0MsgPendingCallback  it.o
    0x08002cd4   0x08002cd4   0x00000008   Code   RO         1569    .text.HAL_CAN_RxFifo1FullCallback  stm32f4xx_hal_can.o
    0x08002cdc   0x08002cdc   0x00000008   Code   RO         1571    .text.HAL_CAN_RxFifo1MsgPendingCallback  stm32f4xx_hal_can.o
    0x08002ce4   0x08002ce4   0x00000008   Code   RO         1573    .text.HAL_CAN_SleepCallback  stm32f4xx_hal_can.o
    0x08002cec   0x08002cec   0x0000008a   Code   RO         1525    .text.HAL_CAN_Start  stm32f4xx_hal_can.o
    0x08002d76   0x08002d76   0x00000002   PAD
    0x08002d78   0x08002d78   0x00000008   Code   RO         1555    .text.HAL_CAN_TxMailbox0AbortCallback  stm32f4xx_hal_can.o
    0x08002d80   0x08002d80   0x00000008   Code   RO         1553    .text.HAL_CAN_TxMailbox0CompleteCallback  stm32f4xx_hal_can.o
    0x08002d88   0x08002d88   0x00000008   Code   RO         1559    .text.HAL_CAN_TxMailbox1AbortCallback  stm32f4xx_hal_can.o
    0x08002d90   0x08002d90   0x00000008   Code   RO         1557    .text.HAL_CAN_TxMailbox1CompleteCallback  stm32f4xx_hal_can.o
    0x08002d98   0x08002d98   0x00000008   Code   RO         1563    .text.HAL_CAN_TxMailbox2AbortCallback  stm32f4xx_hal_can.o
    0x08002da0   0x08002da0   0x00000008   Code   RO         1561    .text.HAL_CAN_TxMailbox2CompleteCallback  stm32f4xx_hal_can.o
    0x08002da8   0x08002da8   0x00000008   Code   RO         1575    .text.HAL_CAN_WakeUpFromRxMsgCallback  stm32f4xx_hal_can.o
    0x08002db0   0x08002db0   0x000000ec   Code   RO          960    .text.HAL_DMA_Abort  stm32f4xx_hal_dma.o
    0x08002e9c   0x08002e9c   0x00000044   Code   RO          962    .text.HAL_DMA_Abort_IT  stm32f4xx_hal_dma.o
    0x08002ee0   0x08002ee0   0x0000031e   Code   RO          966    .text.HAL_DMA_IRQHandler  stm32f4xx_hal_dma.o
    0x080031fe   0x080031fe   0x00000002   PAD
    0x08003200   0x08003200   0x0000016e   Code   RO          946    .text.HAL_DMA_Init  stm32f4xx_hal_dma.o
    0x0800336e   0x0800336e   0x00000002   PAD
    0x08003370   0x08003370   0x000000c2   Code   RO          958    .text.HAL_DMA_Start_IT  stm32f4xx_hal_dma.o
    0x08003432   0x08003432   0x00000002   PAD
    0x08003434   0x08003434   0x00000042   Code   RO         1141    .text.HAL_Delay     stm32f4xx_hal.o
    0x08003476   0x08003476   0x00000002   PAD
    0x08003478   0x08003478   0x000003b6   Code   RO          908    .text.HAL_GPIO_Init  stm32f4xx_hal_gpio.o
    0x0800382e   0x0800382e   0x00000002   PAD
    0x08003830   0x08003830   0x0000002e   Code   RO          912    .text.HAL_GPIO_ReadPin  stm32f4xx_hal_gpio.o
    0x0800385e   0x0800385e   0x00000002   PAD
    0x08003860   0x08003860   0x0000002e   Code   RO          914    .text.HAL_GPIO_WritePin  stm32f4xx_hal_gpio.o
    0x0800388e   0x0800388e   0x00000002   PAD
    0x08003890   0x08003890   0x0000000c   Code   RO         1133    .text.HAL_GetTick   stm32f4xx_hal.o
    0x0800389c   0x0800389c   0x000002a4   Code   RO         1341    .text.HAL_I2C_Init  stm32f4xx_hal_i2c.o
    0x08003b40   0x08003b40   0x00000214   Code   RO         1391    .text.HAL_I2C_Mem_Write  stm32f4xx_hal_i2c.o
    0x08003d54   0x08003d54   0x0000008e   Code   RO          396    .text.HAL_I2C_MspInit  i2c.o
    0x08003de2   0x08003de2   0x00000002   PAD
    0x08003de4   0x08003de4   0x0000001a   Code   RO         1131    .text.HAL_IncTick   stm32f4xx_hal.o
    0x08003dfe   0x08003dfe   0x00000002   PAD
    0x08003e00   0x08003e00   0x0000003c   Code   RO         1121    .text.HAL_Init      stm32f4xx_hal.o
    0x08003e3c   0x08003e3c   0x00000070   Code   RO         1123    .text.HAL_InitTick  stm32f4xx_hal.o
    0x08003eac   0x08003eac   0x0000004a   Code   RO           73    .text.HAL_MspInit   stm32f4xx_hal_msp.o
    0x08003ef6   0x08003ef6   0x00000002   PAD
    0x08003ef8   0x08003ef8   0x00000014   Code   RO         1056    .text.HAL_NVIC_EnableIRQ  stm32f4xx_hal_cortex.o
    0x08003f0c   0x08003f0c   0x00000032   Code   RO         1048    .text.HAL_NVIC_SetPriority  stm32f4xx_hal_cortex.o
    0x08003f3e   0x08003f3e   0x00000002   PAD
    0x08003f40   0x08003f40   0x00000010   Code   RO         1044    .text.HAL_NVIC_SetPriorityGrouping  stm32f4xx_hal_cortex.o
    0x08003f50   0x08003f50   0x00000262   Code   RO          776    .text.HAL_RCC_ClockConfig  stm32f4xx_hal_rcc.o
    0x080041b2   0x080041b2   0x00000002   PAD
    0x080041b4   0x080041b4   0x0000000c   Code   RO          786    .text.HAL_RCC_GetHCLKFreq  stm32f4xx_hal_rcc.o
    0x080041c0   0x080041c0   0x00000022   Code   RO          788    .text.HAL_RCC_GetPCLK1Freq  stm32f4xx_hal_rcc.o
    0x080041e2   0x080041e2   0x00000002   PAD
    0x080041e4   0x080041e4   0x00000022   Code   RO          790    .text.HAL_RCC_GetPCLK2Freq  stm32f4xx_hal_rcc.o
    0x08004206   0x08004206   0x00000002   PAD
    0x08004208   0x08004208   0x000000e6   Code   RO          778    .text.HAL_RCC_GetSysClockFreq  stm32f4xx_hal_rcc.o
    0x080042ee   0x080042ee   0x00000002   PAD
    0x080042f0   0x080042f0   0x000006be   Code   RO          774    .text.HAL_RCC_OscConfig  stm32f4xx_hal_rcc.o
    0x080049ae   0x080049ae   0x00000002   PAD
    0x080049b0   0x080049b0   0x00000010   Code   RO         1068    .text.HAL_SYSTICK_Config  stm32f4xx_hal_cortex.o
    0x080049c0   0x080049c0   0x00000008   Code   RO          759    .text.HAL_TIMEx_BreakCallback  stm32f4xx_hal_tim_ex.o
    0x080049c8   0x080049c8   0x00000008   Code   RO          755    .text.HAL_TIMEx_CommutCallback  stm32f4xx_hal_tim_ex.o
    0x080049d0   0x080049d0   0x000000b2   Code   RO          751    .text.HAL_TIMEx_ConfigBreakDeadTime  stm32f4xx_hal_tim_ex.o
    0x08004a82   0x08004a82   0x00000002   PAD
    0x08004a84   0x08004a84   0x00000122   Code   RO          749    .text.HAL_TIMEx_MasterConfigSynchronization  stm32f4xx_hal_tim_ex.o
    0x08004ba6   0x08004ba6   0x00000002   PAD
    0x08004ba8   0x08004ba8   0x0000009c   Code   RO          436    .text.HAL_TIM_Base_Init  stm32f4xx_hal_tim.o
    0x08004c44   0x08004c44   0x00000052   Code   RO          328    .text.HAL_TIM_Base_MspInit  tim.o
    0x08004c96   0x08004c96   0x00000002   PAD
    0x08004c98   0x08004c98   0x000000f6   Code   RO          450    .text.HAL_TIM_Base_Start_IT  stm32f4xx_hal_tim.o
    0x08004d8e   0x08004d8e   0x00000002   PAD
    0x08004d90   0x08004d90   0x00000008   Code   RO          572    .text.HAL_TIM_IC_CaptureCallback  stm32f4xx_hal_tim.o
    0x08004d98   0x08004d98   0x0000021a   Code   RO          570    .text.HAL_TIM_IRQHandler  stm32f4xx_hal_tim.o
    0x08004fb2   0x08004fb2   0x00000002   PAD
    0x08004fb4   0x08004fb4   0x00000112   Code   RO          320    .text.HAL_TIM_MspPostInit  tim.o
    0x080050c6   0x080050c6   0x00000002   PAD
    0x080050c8   0x080050c8   0x00000008   Code   RO          574    .text.HAL_TIM_OC_DelayElapsedCallback  stm32f4xx_hal_tim.o
    0x080050d0   0x080050d0   0x00000142   Code   RO          602    .text.HAL_TIM_PWM_ConfigChannel  stm32f4xx_hal_tim.o
    0x08005212   0x08005212   0x00000002   PAD
    0x08005214   0x08005214   0x0000009c   Code   RO          490    .text.HAL_TIM_PWM_Init  stm32f4xx_hal_tim.o
    0x080052b0   0x080052b0   0x00000074   Code   RO          326    .text.HAL_TIM_PWM_MspInit  tim.o
    0x08005324   0x08005324   0x00000008   Code   RO          576    .text.HAL_TIM_PWM_PulseFinishedCallback  stm32f4xx_hal_tim.o
    0x0800532c   0x0800532c   0x000001ca   Code   RO          498    .text.HAL_TIM_PWM_Start  stm32f4xx_hal_tim.o
    0x080054f6   0x080054f6   0x00000002   PAD
    0x080054f8   0x080054f8   0x00000050   Code   RO          168    .text.HAL_TIM_PeriodElapsedCallback  it.o
    0x08005548   0x08005548   0x00000008   Code   RO          580    .text.HAL_TIM_TriggerCallback  stm32f4xx_hal_tim.o
    0x08005550   0x08005550   0x000000b8   Code   RO         1264    .text.HAL_UARTEx_ReceiveToIdle_DMA  stm32f4xx_hal_uart.o
    0x08005608   0x08005608   0x0000010e   Code   RO          170    .text.HAL_UARTEx_RxEventCallback  it.o
    0x08005716   0x08005716   0x00000002   PAD
    0x08005718   0x08005718   0x000000cc   Code   RO         1254    .text.HAL_UART_DMAStop  stm32f4xx_hal_uart.o
    0x080057e4   0x080057e4   0x00000206   Code   RO          174    .text.HAL_UART_ErrorCallback  it.o
    0x080059ea   0x080059ea   0x00000002   PAD
    0x080059ec   0x080059ec   0x0000045c   Code   RO         1294    .text.HAL_UART_IRQHandler  stm32f4xx_hal_uart.o
    0x08005e48   0x08005e48   0x0000009e   Code   RO         1210    .text.HAL_UART_Init  stm32f4xx_hal_uart.o
    0x08005ee6   0x08005ee6   0x00000002   PAD
    0x08005ee8   0x08005ee8   0x000002d8   Code   RO          353    .text.HAL_UART_MspInit  usart.o
    0x080061c0   0x080061c0   0x00000008   Code   RO         1312    .text.HAL_UART_RxCpltCallback  stm32f4xx_hal_uart.o
    0x080061c8   0x080061c8   0x00000008   Code   RO         1314    .text.HAL_UART_RxHalfCpltCallback  stm32f4xx_hal_uart.o
    0x080061d0   0x080061d0   0x00000130   Code   RO         1226    .text.HAL_UART_Transmit  stm32f4xx_hal_uart.o
    0x08006300   0x08006300   0x00000008   Code   RO         1308    .text.HAL_UART_TxCpltCallback  stm32f4xx_hal_uart.o
    0x08006308   0x08006308   0x00000004   Code   RO           13    .text.HardFault_Handler  stm32f4xx_it.o
    0x0800630c   0x0800630c   0x00000048   Code   RO          394    .text.I2C2_Init     i2c.o
    0x08006354   0x08006354   0x00000064   Code   RO         1503    .text.I2C_IsAcknowledgeFailed  stm32f4xx_hal_i2c.o
    0x080063b8   0x080063b8   0x0000013a   Code   RO         1393    .text.I2C_RequestMemoryWrite  stm32f4xx_hal_i2c.o
    0x080064f2   0x080064f2   0x00000002   PAD
    0x080064f4   0x080064f4   0x000000ac   Code   RO         1357    .text.I2C_WaitOnBTFFlagUntilTimeout  stm32f4xx_hal_i2c.o
    0x080065a0   0x080065a0   0x00000108   Code   RO         1351    .text.I2C_WaitOnFlagUntilTimeout  stm32f4xx_hal_i2c.o
    0x080066a8   0x080066a8   0x00000154   Code   RO         1501    .text.I2C_WaitOnMasterAddressFlagUntilTimeout  stm32f4xx_hal_i2c.o
    0x080067fc   0x080067fc   0x000000a8   Code   RO         1355    .text.I2C_WaitOnTXEFlagUntilTimeout  stm32f4xx_hal_i2c.o
    0x080068a4   0x080068a4   0x00000032   Code   RO          200    .text.I2C_WriteByte  oled.o
    0x080068d6   0x080068d6   0x00000002   PAD
    0x080068d8   0x080068d8   0x00000150   Code   RO          132    .text.InitAll       init.o
    0x08006a28   0x08006a28   0x000000d6   Code   RO          380    .text.Key_Proc      key.o
    0x08006afe   0x08006afe   0x00000002   PAD
    0x08006b00   0x08006b00   0x00000062   Code   RO          378    .text.Key_Scan      key.o
    0x08006b62   0x08006b62   0x00000006   PAD
    0x08006b68   0x08006b68   0x00000118   Code   RO          105    .text.Lock_Update   rmyel.o
    0x08006c80   0x08006c80   0x00000020   Code   RO          140    .text.MKS42D_Init   mks42d.o
    0x08006ca0   0x08006ca0   0x00000044   Code   RO          154    .text.MKS42D_Proc   mks42d.o
    0x08006ce4   0x08006ce4   0x00000004   Code   RO           15    .text.MemManage_Handler  stm32f4xx_it.o
    0x08006ce8   0x08006ce8   0x0000026c   Code   RO          144    .text.MoveMKS42D_absAxis  mks42d.o
    0x08006f54   0x08006f54   0x00000004   Code   RO           11    .text.NMI_Handler   stm32f4xx_it.o
    0x08006f58   0x08006f58   0x0000006c   Code   RO         1054    .text.NVIC_EncodePriority  stm32f4xx_hal_cortex.o
    0x08006fc4   0x08006fc4   0x00000068   Code   RO          210    .text.OLED_CLS      oled.o
    0x0800702c   0x0800702c   0x000000ba   Code   RO          212    .text.OLED_Init     oled.o
    0x080070e6   0x080070e6   0x00000002   PAD
    0x080070e8   0x080070e8   0x0000007c   Code   RO          214    .text.OLED_RefreshRAM  oled.o
    0x08007164   0x08007164   0x000000a8   Code   RO          218    .text.OLED_SetPixel  oled.o
    0x0800720c   0x0800720c   0x00000274   Code   RO          228    .text.OLED_ShowStr  oled.o
    0x08007480   0x08007480   0x000002c8   Code   RO          232    .text.OLED_proc     oled.o
    0x08007748   0x08007748   0x00000002   Code   RO           25    .text.PendSV_Handler  stm32f4xx_it.o
    0x0800774a   0x0800774a   0x00000002   PAD
    0x0800774c   0x0800774c   0x0000003c   Code   RO          291    .text.RMIO_Init     gpio.o
    0x08007788   0x08007788   0x00000034   Code   RO          297    .text.RMIO_WritePin  gpio.o
    0x080077bc   0x080077bc   0x0000006e   Code   RO          152    .text.ReadMKSPulse  mks42d.o
    0x0800782a   0x0800782a   0x00000002   PAD
    0x0800782c   0x0800782c   0x00000002   Code   RO           21    .text.SVC_Handler   stm32f4xx_it.o
    0x0800782e   0x0800782e   0x00000002   PAD
    0x08007830   0x08007830   0x000002b8   Code   RO          184    .text.Serial_proc   serial.o
    0x08007ae8   0x08007ae8   0x0000001a   Code   RO          255    .text.Servo_Init    servo.o
    0x08007b02   0x08007b02   0x00000006   PAD
    0x08007b08   0x08007b08   0x000000b4   Code   RO          257    .text.Set_Servo180Angle  servo.o
    0x08007bbc   0x08007bbc   0x00000052   Code   RO         1070    .text.SysTick_Config  stm32f4xx_hal_cortex.o
    0x08007c0e   0x08007c0e   0x00000002   PAD
    0x08007c10   0x08007c10   0x00000008   Code   RO           27    .text.SysTick_Handler  stm32f4xx_it.o
    0x08007c18   0x08007c18   0x000000bc   Code   RO          307    .text.SystemClock_Config  rcc.o
    0x08007cd4   0x08007cd4   0x00000012   Code   RO          422    .text.SystemInit    system_stm32f4xx.o
    0x08007ce6   0x08007ce6   0x00000002   PAD
    0x08007ce8   0x08007ce8   0x000000e0   Code   RO          318    .text.TIM1_Init     tim.o
    0x08007dc8   0x08007dc8   0x00000010   Code   RO           37    .text.TIM6_DAC_IRQHandler  stm32f4xx_it.o
    0x08007dd8   0x08007dd8   0x0000005a   Code   RO          322    .text.TIM6_Init     tim.o
    0x08007e32   0x08007e32   0x00000002   PAD
    0x08007e34   0x08007e34   0x00000010   Code   RO           31    .text.TIM8_BRK_TIM12_IRQHandler  stm32f4xx_it.o
    0x08007e44   0x08007e44   0x00000116   Code   RO          324    .text.TIM8_Init     tim.o
    0x08007f5a   0x08007f5a   0x00000002   PAD
    0x08007f5c   0x08007f5c   0x00000010   Code   RO           35    .text.TIM8_TRG_COM_TIM14_IRQHandler  stm32f4xx_it.o
    0x08007f6c   0x08007f6c   0x00000010   Code   RO           33    .text.TIM8_UP_TIM13_IRQHandler  stm32f4xx_it.o
    0x08007f7c   0x08007f7c   0x000001a4   Code   RO          440    .text.TIM_Base_SetConfig  stm32f4xx_hal_tim.o
    0x08008120   0x08008120   0x00000036   Code   RO          474    .text.TIM_CCxChannelCmd  stm32f4xx_hal_tim.o
    0x08008156   0x08008156   0x00000002   PAD
    0x08008158   0x08008158   0x000000ea   Code   RO          584    .text.TIM_OC1_SetConfig  stm32f4xx_hal_tim.o
    0x08008242   0x08008242   0x00000002   PAD
    0x08008244   0x08008244   0x000000f4   Code   RO          586    .text.TIM_OC2_SetConfig  stm32f4xx_hal_tim.o
    0x08008338   0x08008338   0x000000f2   Code   RO          588    .text.TIM_OC3_SetConfig  stm32f4xx_hal_tim.o
    0x0800842a   0x0800842a   0x00000002   PAD
    0x0800842c   0x0800842c   0x000000a4   Code   RO          590    .text.TIM_OC4_SetConfig  stm32f4xx_hal_tim.o
    0x080084d0   0x080084d0   0x000000f0   Code   RO          103    .text.Target_Update  rmyel.o
    0x080085c0   0x080085c0   0x000002ec   Code   RO           83    .text.Tray_Move     load.o
    0x080088ac   0x080088ac   0x0000001c   Code   RO         1298    .text.UART_DMAAbortOnError  stm32f4xx_hal_uart.o
    0x080088c8   0x080088c8   0x0000007c   Code   RO         1244    .text.UART_DMAError  stm32f4xx_hal_uart.o
    0x08008944   0x08008944   0x000000f4   Code   RO         1330    .text.UART_DMAReceiveCplt  stm32f4xx_hal_uart.o
    0x08008a38   0x08008a38   0x00000034   Code   RO         1332    .text.UART_DMARxHalfCplt  stm32f4xx_hal_uart.o
    0x08008a6c   0x08008a6c   0x00000094   Code   RO         1258    .text.UART_EndRxTransfer  stm32f4xx_hal_uart.o
    0x08008b00   0x08008b00   0x00000026   Code   RO         1306    .text.UART_EndTransmit_IT  stm32f4xx_hal_uart.o
    0x08008b26   0x08008b26   0x00000002   PAD
    0x08008b28   0x08008b28   0x00000036   Code   RO         1256    .text.UART_EndTxTransfer  stm32f4xx_hal_uart.o
    0x08008b5e   0x08008b5e   0x00000002   PAD
    0x08008b60   0x08008b60   0x00000168   Code   RO         1296    .text.UART_Receive_IT  stm32f4xx_hal_uart.o
    0x08008cc8   0x08008cc8   0x0000013a   Code   RO         1214    .text.UART_SetConfig  stm32f4xx_hal_uart.o
    0x08008e02   0x08008e02   0x00000002   PAD
    0x08008e04   0x08008e04   0x00000130   Code   RO         1248    .text.UART_Start_Receive_DMA  stm32f4xx_hal_uart.o
    0x08008f34   0x08008f34   0x00000094   Code   RO         1304    .text.UART_Transmit_IT  stm32f4xx_hal_uart.o
    0x08008fc8   0x08008fc8   0x000000da   Code   RO         1228    .text.UART_WaitOnFlagUntilTimeout  stm32f4xx_hal_uart.o
    0x080090a2   0x080090a2   0x00000002   PAD
    0x080090a4   0x080090a4   0x00000010   Code   RO           29    .text.USART1_IRQHandler  stm32f4xx_it.o
    0x080090b4   0x080090b4   0x00000040   Code   RO          349    .text.USART1_UART_Init  usart.o
    0x080090f4   0x080090f4   0x00000010   Code   RO           47    .text.USART6_IRQHandler  stm32f4xx_it.o
    0x08009104   0x08009104   0x00000040   Code   RO          351    .text.USART6_UART_Init  usart.o
    0x08009144   0x08009144   0x00000004   Code   RO           19    .text.UsageFault_Handler  stm32f4xx_it.o
    0x08009148   0x08009148   0x00000016   Code   RO          202    .text.WriteCmd      oled.o
    0x0800915e   0x0800915e   0x00000002   PAD
    0x08009160   0x08009160   0x00000016   Code   RO          204    .text.WriteDat      oled.o
    0x08009176   0x08009176   0x00000002   PAD
    0x08009178   0x08009178   0x00000030   Code   RO         1058    .text.__NVIC_EnableIRQ  stm32f4xx_hal_cortex.o
    0x080091a8   0x080091a8   0x00000010   Code   RO         1050    .text.__NVIC_GetPriorityGrouping  stm32f4xx_hal_cortex.o
    0x080091b8   0x080091b8   0x00000042   Code   RO         1052    .text.__NVIC_SetPriority  stm32f4xx_hal_cortex.o
    0x080091fa   0x080091fa   0x00000002   PAD
    0x080091fc   0x080091fc   0x0000003c   Code   RO         1046    .text.__NVIC_SetPriorityGrouping  stm32f4xx_hal_cortex.o
    0x08009238   0x08009238   0x000002fc   Code   RO           81    .text.load_proc     load.o
    0x08009534   0x08009534   0x00000040   Code   RO           64    .text.main          main.o
    0x08009574   0x08009574   0x00000116   Code   RO          186    .text.process_Point  serial.o
    0x0800968a   0x0800968a   0x00000002   PAD
    0x0800968c   0x0800968c   0x00000218   Code   RO          107    .text.rmYel         rmyel.o
    0x080098a4   0x080098a4   0x0000006e   Code   RO          101    .text.rmYel_Init    rmyel.o
    0x08009912   0x08009912   0x00000002   PAD
    0x08009914   0x08009914   0x00000260   Code   RO          334    .text.setPWM        tim.o
    0x08009b74   0x08009b74   0x0000002a   Code   RO          268    .text.solevalve_init  solevalve.o
    0x08009b9e   0x08009b9e   0x00000002   PAD
    0x08009ba0   0x08009ba0   0x00000016   Code   RO          272    .text.valve_close   solevalve.o
    0x08009bb6   0x08009bb6   0x00000002   PAD
    0x08009bb8   0x08009bb8   0x00000016   Code   RO          270    .text.valve_open    solevalve.o
    0x08009bce   0x08009bce   0x0000003e   Code   RO         1809    CL$$btod_d2e        c_w.l(btod.o)
    0x08009c0c   0x08009c0c   0x00000046   Code   RO         1811    CL$$btod_d2e_denorm_low  c_w.l(btod.o)
    0x08009c52   0x08009c52   0x00000060   Code   RO         1810    CL$$btod_d2e_norm_op1  c_w.l(btod.o)
    0x08009cb2   0x08009cb2   0x00000002   PAD
    0x08009cb4   0x08009cb4   0x00000338   Code   RO         1819    CL$$btod_div_common  c_w.l(btod.o)
    0x08009fec   0x08009fec   0x000000dc   Code   RO         1816    CL$$btod_e2e        c_w.l(btod.o)
    0x0800a0c8   0x0800a0c8   0x0000002a   Code   RO         1813    CL$$btod_ediv       c_w.l(btod.o)
    0x0800a0f2   0x0800a0f2   0x0000002a   Code   RO         1812    CL$$btod_emul       c_w.l(btod.o)
    0x0800a11c   0x0800a11c   0x00000244   Code   RO         1818    CL$$btod_mult_common  c_w.l(btod.o)
    0x0800a360   0x0800a360   0x00000030   Code   RO         1850    i.__ARM_fpclassify  m_wm.l(fpclassify.o)
    0x0800a390   0x0800a390   0x0000000e   Code   RO         1698    i._is_digit         c_w.l(__printf_wp.o)
    0x0800a39e   0x0800a39e   0x00000002   PAD
    0x0800a3a0   0x0800a3a0   0x0000002c   Code   RO         1834    locale$$code        c_w.l(lc_numeric_c.o)
    0x0800a3cc   0x0800a3cc   0x0000002c   Code   RO         1862    locale$$code        c_w.l(lc_ctype_c.o)
    0x0800a3f8   0x0800a3f8   0x00000062   Code   RO         1607    x$fpl$d2f           fz_wm.l(d2f.o)
    0x0800a45a   0x0800a45a   0x00000002   PAD
    0x0800a45c   0x0800a45c   0x00000150   Code   RO         1609    x$fpl$dadd          fz_wm.l(daddsub_clz.o)
    0x0800a5ac   0x0800a5ac   0x00000018   Code   RO         1793    x$fpl$dcmpinf       fz_wm.l(dcmpi.o)
    0x0800a5c4   0x0800a5c4   0x000002b8   Code   RO         1618    x$fpl$ddiv          fz_wm.l(ddiv.o)
    0x0800a87c   0x0800a87c   0x00000078   Code   RO         1733    x$fpl$deqf          fz_wm.l(deqf.o)
    0x0800a8f4   0x0800a8f4   0x0000005e   Code   RO         1621    x$fpl$dfix          fz_wm.l(dfix.o)
    0x0800a952   0x0800a952   0x0000002e   Code   RO         1626    x$fpl$dflt          fz_wm.l(dflt_clz.o)
    0x0800a980   0x0800a980   0x00000078   Code   RO         1735    x$fpl$dgeqf         fz_wm.l(dgeqf.o)
    0x0800a9f8   0x0800a9f8   0x00000078   Code   RO         1737    x$fpl$dleqf         fz_wm.l(dleqf.o)
    0x0800aa70   0x0800aa70   0x00000154   Code   RO         1631    x$fpl$dmul          fz_wm.l(dmul.o)
    0x0800abc4   0x0800abc4   0x0000009c   Code   RO         1739    x$fpl$dnaninf       fz_wm.l(dnaninf.o)
    0x0800ac60   0x0800ac60   0x0000000c   Code   RO         1741    x$fpl$dretinf       fz_wm.l(dretinf.o)
    0x0800ac6c   0x0800ac6c   0x000001dc   Code   RO         1611    x$fpl$dsub          fz_wm.l(daddsub_clz.o)
    0x0800ae48   0x0800ae48   0x00000056   Code   RO         1633    x$fpl$f2d           fz_wm.l(f2d.o)
    0x0800ae9e   0x0800ae9e   0x00000054   Code   RO         1615    x$fpl$fcmp          fz_wm.l(dcmp.o)
    0x0800aef2   0x0800aef2   0x0000008c   Code   RO         1743    x$fpl$fnaninf       fz_wm.l(fnaninf.o)
    0x0800af7e   0x0800af7e   0x0000001a   Code   RO         1936    x$fpl$fpinit        fz_wm.l(fpinit.o)
    0x0800af98   0x0800af98   0x0000000a   Code   RO         1745    x$fpl$fretinf       fz_wm.l(fretinf.o)
    0x0800afa2   0x0800afa2   0x00000004   Code   RO         1747    x$fpl$printf1       fz_wm.l(printf1.o)
    0x0800afa6   0x0800afa6   0x00000004   Code   RO         1749    x$fpl$printf2       fz_wm.l(printf2.o)
    0x0800afaa   0x0800afaa   0x00000000   Code   RO         1755    x$fpl$usenofp       fz_wm.l(usenofp.o)
    0x0800afaa   0x0800afaa   0x00000002   PAD
    0x0800afac   0x0800afac   0x00000008   Data   RO         1657    .constdata          c_w.l(_printf_wctomb.o)
    0x0800afb4   0x0800afb4   0x00000028   Data   RO         1686    .constdata          c_w.l(_printf_hex_int_ll_ptr.o)
    0x0800afdc   0x0800afdc   0x00000011   Data   RO         1706    .constdata          c_w.l(__printf_flags_ss_wp.o)
    0x0800afed   0x0800afed   0x00000026   Data   RO         1782    .constdata          c_w.l(_printf_fp_hex.o)
    0x0800b013   0x0800b013   0x00000001   PAD
    0x0800b014   0x0800b014   0x00000094   Data   RO         1807    .constdata          c_w.l(bigflt0.o)
    0x0800b0a8   0x0800b0a8   0x00000010   Data   RO          427    .rodata.AHBPrescTable  system_stm32f4xx.o
    0x0800b0b8   0x0800b0b8   0x00000008   Data   RO          428    .rodata.APBPrescTable  system_stm32f4xx.o
    0x0800b0c0   0x0800b0c0   0x00000008   Data   RO          976    .rodata.DMA_CalcBaseAndBitshift.flagBitshiftOffset  stm32f4xx_hal_dma.o
    0x0800b0c8   0x0800b0c8   0x00000004   Data   RO          191    .rodata.str1.1      serial.o
    0x0800b0cc   0x0800b0cc   0x0000006a   Data   RO          245    .rodata.str1.1      oled.o
    0x0800b136   0x0800b136   0x00000012   Data   RO          341    .rodata.str1.1      tim.o
    0x0800b148   0x0800b148   0x00000020   Data   RO         1997    Region$$Table       anon$$obj.o
    0x0800b168   0x0800b168   0x0000001c   Data   RO         1833    locale$$data        c_w.l(lc_numeric_c.o)
    0x0800b184   0x0800b184   0x00000110   Data   RO         1861    locale$$data        c_w.l(lc_ctype_c.o)


    Execution Region RW_IRAM1 (Exec base: 0x20000000, Load base: 0x0800b298, Size: 0x00001880, Max: 0x0001c000, ABSOLUTE, COMPRESSED[0x00000548])

    Exec Addr    Load Addr    Size         Type   Attr      Idx    E Section Name        Object

    0x20000000   COMPRESSED   0x00000228   Data   RW          244    .data.F6x8          oled.o
    0x20000228   COMPRESSED   0x000005f0   Data   RW          247    .data.F8X16         oled.o
    0x20000818   COMPRESSED   0x00000002   Data   RW          337    .data.PRESCALAR_TIM1  tim.o
    0x2000081a   COMPRESSED   0x00000002   Data   RW          336    .data.PRESCALAR_TIM8  tim.o
    0x2000081c   COMPRESSED   0x00000004   Data   RW          426    .data.SystemCoreClock  system_stm32f4xx.o
    0x20000820   COMPRESSED   0x00000004   Data   RW          120    .data.Threshold_Y   rmyel.o
    0x20000824   COMPRESSED   0x00000004   Data   RW          122    .data.last_x        rmyel.o
    0x20000828   COMPRESSED   0x00000015   Data   RW          235    .data.oled_line0    oled.o
    0x2000083d   COMPRESSED   0x00000015   Data   RW          236    .data.oled_line1    oled.o
    0x20000852   COMPRESSED   0x00000015   Data   RW          237    .data.oled_line2    oled.o
    0x20000867   COMPRESSED   0x00000015   Data   RW          238    .data.oled_line3    oled.o
    0x2000087c   COMPRESSED   0x00000015   Data   RW          239    .data.oled_line4    oled.o
    0x20000891   COMPRESSED   0x00000015   Data   RW          240    .data.oled_line5    oled.o
    0x200008a6   COMPRESSED   0x00000015   Data   RW          241    .data.oled_line6    oled.o
    0x200008bb   COMPRESSED   0x00000001   Data   RW          113    .data.ucEnd         rmyel.o
    0x200008bc   COMPRESSED   0x00000001   Data   RW         1176    .data.uwTickFreq    stm32f4xx_hal.o
    0x200008bd   COMPRESSED   0x00000003   PAD
    0x200008c0   COMPRESSED   0x00000004   Data   RW         1175    .data.uwTickPrio    stm32f4xx_hal.o
    0x200008c4   COMPRESSED   0x00000004   PAD
    0x200008c8        -       0x00000060   Zero   RW         1853    .bss                c_w.l(libspace.o)
    0x20000928        -       0x00000001   Zero   RW           93    .bss.CSD_FLAG       load.o
    0x20000929        -       0x00000002   Zero   RW          355    .bss.IS_UART_RECEIVED  usart.o
    0x2000092b   COMPRESSED   0x00000001   PAD
    0x2000092c        -       0x00000004   Zero   RW          382    .bss.Key_uwTick     key.o
    0x20000930        -       0x00000004   Zero   RW          117    .bss.Knife_Dest     rmyel.o
    0x20000934        -       0x00000004   Zero   RW          121    .bss.Knife_Y        rmyel.o
    0x20000938        -       0x00000010   Zero   RW          159    .bss.MKS42D1_INFO   mks42d.o
    0x20000948        -       0x00000010   Zero   RW          160    .bss.MKS42D2_INFO   mks42d.o
    0x20000958        -       0x00000004   Zero   RW          158    .bss.MKS42d2_Dest   mks42d.o
    0x2000095c        -       0x00000001   Zero   RW          190    .bss.OPENFLAG       serial.o
    0x2000095d   COMPRESSED   0x00000003   PAD
    0x20000960        -       0x00000008   Zero   RW          192    .bss.Point_Received  serial.o
    0x20000968        -       0x00000020   Zero   RW          299    .bss.RMIOGroup      gpio.o
    0x20000988        -       0x00000400   Zero   RW          243    .bss.ScreenBuffer   oled.o
    0x20000d88        -       0x00000004   Zero   RW          176    .bss.TIM6_Tick      it.o
    0x20000d8c        -       0x00000004   Zero   RW          360    .bss.error_recNum   usart.o
    0x20000d90        -       0x00000002   Zero   RW          189    .bss.error_serial   serial.o
    0x20000d92   COMPRESSED   0x00000002   PAD
    0x20000d94        -       0x00000028   Zero   RW          414    .bss.hcan2          can.o
    0x20000dbc        -       0x00000060   Zero   RW          363    .bss.hdma_usart1_rx  usart.o
    0x20000e1c        -       0x00000060   Zero   RW          364    .bss.hdma_usart1_tx  usart.o
    0x20000e7c        -       0x00000060   Zero   RW          365    .bss.hdma_usart6_rx  usart.o
    0x20000edc        -       0x00000060   Zero   RW          366    .bss.hdma_usart6_tx  usart.o
    0x20000f3c        -       0x00000054   Zero   RW          400    .bss.hi2c2          i2c.o
    0x20000f90        -       0x00000048   Zero   RW          338    .bss.htim1          tim.o
    0x20000fd8        -       0x00000048   Zero   RW          339    .bss.htim6          tim.o
    0x20001020        -       0x00000048   Zero   RW          340    .bss.htim8          tim.o
    0x20001068        -       0x00000048   Zero   RW          361    .bss.huart1         usart.o
    0x200010b0        -       0x00000048   Zero   RW          362    .bss.huart6         usart.o
    0x200010f8        -       0x00000004   Zero   RW          116    .bss.last_rmYel_uwTick  rmyel.o
    0x200010fc        -       0x00000004   Zero   RW           87    .bss.lastload_uwTick  load.o
    0x20001100        -       0x00000004   Zero   RW           88    .bss.lasttray_uwTick  load.o
    0x20001104        -       0x00000001   Zero   RW           89    .bss.load_state     load.o
    0x20001105   COMPRESSED   0x00000003   PAD
    0x20001108        -       0x00000004   Zero   RW           85    .bss.load_uwTick    load.o
    0x2000110c        -       0x00000004   Zero   RW          157    .bss.mks42d_uwTick  mks42d.o
    0x20001110        -       0x00000004   Zero   RW          242    .bss.oled_uwTick    oled.o
    0x20001114        -       0x00000001   Zero   RW          123    .bss.rmYel_state    rmyel.o
    0x20001115   COMPRESSED   0x00000003   PAD
    0x20001118        -       0x00000004   Zero   RW          115    .bss.rmYel_uwTick   rmyel.o
    0x2000111c        -       0x00000004   Zero   RW          188    .bss.serial_uwTick  serial.o
    0x20001120        -       0x0000000c   Zero   RW          260    .bss.servo180       servo.o
    0x2000112c        -       0x00000018   Zero   RW          275    .bss.sv             solevalve.o
    0x20001144        -       0x00000010   Zero   RW          124    .bss.target         rmyel.o
    0x20001154        -       0x00000001   Zero   RW          246    .bss.temp           oled.o
    0x20001155        -       0x00000001   Zero   RW           92    .bss.tray_moving    load.o
    0x20001156        -       0x00000001   Zero   RW           91    .bss.tray_signal    load.o
    0x20001157        -       0x00000001   Zero   RW           90    .bss.tray_state     load.o
    0x20001158        -       0x00000004   Zero   RW           86    .bss.tray_uwTick    load.o
    0x2000115c        -       0x00000004   Zero   RW          359    .bss.uart_recNum    usart.o
    0x20001160        -       0x00000040   Zero   RW          369    .bss.ucBuffer1      usart.o
    0x200011a0        -       0x00000040   Zero   RW          370    .bss.ucBuffer6      usart.o
    0x200011e0        -       0x00000004   Zero   RW          358    .bss.ucBuffer_len   usart.o
    0x200011e4        -       0x00000014   Zero   RW          156    .bss.ucCANTrans     mks42d.o
    0x200011f8        -       0x00000001   Zero   RW          385    .bss.ucKey_down     key.o
    0x200011f9        -       0x00000001   Zero   RW          384    .bss.ucKey_old      key.o
    0x200011fa        -       0x00000001   Zero   RW          386    .bss.ucKey_up       key.o
    0x200011fb        -       0x00000001   Zero   RW          383    .bss.ucKey_val      key.o
    0x200011fc        -       0x00000040   Zero   RW          367    .bss.ucRecei1       usart.o
    0x2000123c        -       0x00000040   Zero   RW          368    .bss.ucRecei6       usart.o
    0x2000127c        -       0x00000004   Zero   RW         1177    .bss.uwTick         stm32f4xx_hal.o
    0x20001280        -       0x00000200   Zero   RW            2    HEAP                startup_stm32f407xx.o
    0x20001480        -       0x00000400   Zero   RW            1    STACK               startup_stm32f407xx.o


    Execution Region RW_IRAM2 (Exec base: 0x2001c000, Load base: 0x0800b7e0, Size: 0x00000000, Max: 0x00004000, ABSOLUTE)

    **** No section assigned to this execution region ****


==============================================================================

Image component sizes


      Code (inc. data)   RO Data    RW Data    ZI Data      Debug   Object Name

       390          0          0          0         40       6333   can.o
       116          0          0          0          0       3283   dma.o
       510          0          0          0         32       3008   gpio.o
       214          0          0          0         84       5045   i2c.o
       336          8          0          0          0        548   init.o
      1812          0          0          0          4       9276   it.o
       312          0          0          0          8       1577   key.o
      1512         28          0          0         21       1664   load.o
        64          0          0          0          0        397   main.o
       830          8          0          0         60       4703   mks42d.o
      2016         32        106       2219       1029       5168   oled.o
       194          0          0          0          0       2633   rcc.o
      1486        112          0          9         33       2065   rmyel.o
       974          0          4          0         15       1649   serial.o
       206         20          0          0         12       4006   servo.o
        86          0          0          0         24       1578   solevalve.o
        64         26        392          0       1536        840   startup_stm32f407xx.o
       276          0          0          5          4       7112   stm32f4xx_hal.o
      3090          0          0          0          0      11548   stm32f4xx_hal_can.o
       482          0          0          0          0       9719   stm32f4xx_hal_cortex.o
      2068          8          8          0          0       8497   stm32f4xx_hal_dma.o
      1042          0          0          0          0       5093   stm32f4xx_hal_gpio.o
      2566          0          0          0          0      37682   stm32f4xx_hal_i2c.o
        74          0          0          0          0       1464   stm32f4xx_hal_msp.o
      2646          0          0          0          0       7597   stm32f4xx_hal_rcc.o
      3266         14          0          0          0      36002   stm32f4xx_hal_tim.o
       484          0          0          0          0      15333   stm32f4xx_hal_tim_ex.o
      4022          0          0          0          0      20428   stm32f4xx_hal_uart.o
       258          0          0          0          0       2363   stm32f4xx_it.o
        18          0         24          4          0       2494   system_stm32f4xx.o
      1672          0         18          4        216       9582   tim.o
       856          0          0          0        798       7550   usart.o

    ----------------------------------------------------------------------
     34082        256        584       2244       3932     236237   Object Totals
         0          0         32          0          0          0   (incl. Generated)
       140          0          0          3         16          0   (incl. Padding)

    ----------------------------------------------------------------------

      Code (inc. data)   RO Data    RW Data    ZI Data      Debug   Library Member Name

        90          0          0          0          0          0   __dczerorl2.o
         8          0          0          0          0         68   __main.o
       392          4         17          0          0         92   __printf_flags_ss_wp.o
        14          0          0          0          0         68   __printf_wp.o
         0          0          0          0          0          0   __rtentry.o
        12          0          0          0          0          0   __rtentry2.o
         6          0          0          0          0          0   __rtentry4.o
        94          8          0          0          0          0   __scatter.o
        28          0          0          0          0          0   __scatter_zi.o
        72          0          0          0          0         96   _c16rtomb.o
         6          0          0          0          0          0   _printf_a.o
         6          0          0          0          0          0   _printf_c.o
        44          0          0          0          0        108   _printf_char.o
        48          6          0          0          0         96   _printf_char_common.o
        40          0          0          0          0         68   _printf_charcount.o
         6          0          0          0          0          0   _printf_d.o
       120         16          0          0          0         92   _printf_dec.o
         6          0          0          0          0          0   _printf_e.o
         6          0          0          0          0          0   _printf_f.o
      1052          0          0          0          0        148   _printf_fp_dec.o
       764          8         38          0          0        100   _printf_fp_hex.o
       128         16          0          0          0         84   _printf_fp_infnan.o
         6          0          0          0          0          0   _printf_g.o
       148          4         40          0          0        160   _printf_hex_int_ll_ptr.o
         6          0          0          0          0          0   _printf_i.o
       178          0          0          0          0         88   _printf_intcommon.o
        10          0          0          0          0          0   _printf_l.o
         6          0          0          0          0          0   _printf_lc.o
        10          0          0          0          0          0   _printf_ll.o
         6          0          0          0          0          0   _printf_lld.o
         6          0          0          0          0          0   _printf_lli.o
         6          0          0          0          0          0   _printf_llo.o
         6          0          0          0          0          0   _printf_llu.o
         6          0          0          0          0          0   _printf_llx.o
       124         16          0          0          0         92   _printf_longlong_dec.o
         6          0          0          0          0          0   _printf_ls.o
         6          0          0          0          0          0   _printf_n.o
         6          0          0          0          0          0   _printf_o.o
       112          8          0          0          0        124   _printf_oct_int_ll.o
         6          0          0          0          0          0   _printf_p.o
        78          0          0          0          0        108   _printf_pad.o
         0          0          0          0          0          0   _printf_percent.o
         4          0          0          0          0          0   _printf_percent_end.o
         6          0          0          0          0          0   _printf_s.o
        82          0          0          0          0         80   _printf_str.o
        36          0          0          0          0         84   _printf_truncate.o
         6          0          0          0          0          0   _printf_u.o
        44          0          0          0          0        108   _printf_wchar.o
       188          6          8          0          0         92   _printf_wctomb.o
         6          0          0          0          0          0   _printf_x.o
        10          0          0          0          0         68   _sputc.o
       228          4        148          0          0         96   bigflt0.o
      1936        128          0          0          0        668   btod.o
        18          0          0          0          0         80   exit.o
         6          0          0          0          0        152   heapauxi.o
         0          0          0          0          0          0   indicate_semi.o
        44         10        272          0          0         76   lc_ctype_c.o
        44         10         28          0          0         76   lc_numeric_c.o
         2          0          0          0          0          0   libinit.o
        34          0          0          0          0          0   libinit2.o
         2          0          0          0          0          0   libshutdown.o
         2          0          0          0          0          0   libshutdown2.o
         8          4          0          0         96         68   libspace.o
       138          0          0          0          0         80   lludiv10.o
       240          0          0          0          0        100   lludivv7m.o
        16          4          0          0          0         76   rt_ctype_table.o
         8          4          0          0          0         68   rt_locale_intlibspace.o
        68          0          0          0          0         68   rt_memclr.o
        78          0          0          0          0         80   rt_memclr_w.o
       138          0          0          0          0         68   rt_memcpy_v6.o
       100          0          0          0          0         80   rt_memcpy_w.o
         2          0          0          0          0          0   rtexit.o
        10          0          0          0          0          0   rtexit2.o
        44          6          0          0          0         84   sprintf.o
       124          0          0          0          0         88   strcmpv7em.o
        12          4          0          0          0         68   sys_exit.o
        74          0          0          0          0         80   sys_stackheap_outer.o
         2          0          0          0          0         68   use_no_semi.o
        98          4          0          0          0        140   d2f.o
       812         16          0          0          0        392   daddsub_clz.o
        84          0          0          0          0        244   dcmp.o
        24          0          0          0          0        116   dcmpi.o
       696        140          0          0          0        264   ddiv.o
       120          4          0          0          0        140   deqf.o
        94          4          0          0          0        140   dfix.o
        46          0          0          0          0        116   dflt_clz.o
       120          4          0          0          0        140   dgeqf.o
       120          4          0          0          0        140   dleqf.o
       340         12          0          0          0        152   dmul.o
       156          4          0          0          0        140   dnaninf.o
        12          0          0          0          0        116   dretinf.o
        86          4          0          0          0        132   f2d.o
       140          4          0          0          0        132   fnaninf.o
        26          0          0          0          0        116   fpinit.o
        10          0          0          0          0        116   fretinf.o
         4          0          0          0          0        116   printf1.o
         4          0          0          0          0        116   printf2.o
         0          0          0          0          0          0   usenofp.o
        48          0          0          0          0        124   fpclassify.o

    ----------------------------------------------------------------------
     10498        466        552          0         96       7340   Library Totals
        24          0          1          0          0          0   (incl. Padding)

    ----------------------------------------------------------------------

      Code (inc. data)   RO Data    RW Data    ZI Data      Debug   Library Name

      7434        266        551          0         96       4248   c_w.l
      2992        200          0          0          0       2968   fz_wm.l
        48          0          0          0          0        124   m_wm.l

    ----------------------------------------------------------------------
     10498        466        552          0         96       7340   Library Totals

    ----------------------------------------------------------------------

==============================================================================


      Code (inc. data)   RO Data    RW Data    ZI Data      Debug   

     44580        722       1136       2244       4028     238857   Grand Totals
     44580        722       1136       1352       4028     238857   ELF Image Totals (compressed)
     44580        722       1136       1352          0          0   ROM Totals

==============================================================================

    Total RO  Size (Code + RO Data)                45716 (  44.64kB)
    Total RW  Size (RW Data + ZI Data)              6272 (   6.12kB)
    Total ROM Size (Code + RO Data + RW Data)      47068 (  45.96kB)

==============================================================================

