Component: Arm Compiler for Embedded 6.22 Tool: armlink [5ee90200]

==============================================================================

Section Cross References

    startup_stm32f407xx.o(STACK) refers (Special) to heapauxi.o(.text) for __use_two_region_memory
    startup_stm32f407xx.o(HEAP) refers (Special) to heapauxi.o(.text) for __use_two_region_memory
    startup_stm32f407xx.o(RESET) refers (Special) to heapauxi.o(.text) for __use_two_region_memory
    startup_stm32f407xx.o(RESET) refers to startup_stm32f407xx.o(STACK) for __initial_sp
    startup_stm32f407xx.o(RESET) refers to startup_stm32f407xx.o(.text) for Reset_Handler
    startup_stm32f407xx.o(RESET) refers to stm32f4xx_it.o(.text.NMI_Handler) for NMI_Handler
    startup_stm32f407xx.o(RESET) refers to stm32f4xx_it.o(.text.HardFault_Handler) for HardFault_Handler
    startup_stm32f407xx.o(RESET) refers to stm32f4xx_it.o(.text.MemManage_Handler) for MemManage_Handler
    startup_stm32f407xx.o(RESET) refers to stm32f4xx_it.o(.text.BusFault_Handler) for BusFault_Handler
    startup_stm32f407xx.o(RESET) refers to stm32f4xx_it.o(.text.UsageFault_Handler) for UsageFault_Handler
    startup_stm32f407xx.o(RESET) refers to stm32f4xx_it.o(.text.SVC_Handler) for SVC_Handler
    startup_stm32f407xx.o(RESET) refers to stm32f4xx_it.o(.text.DebugMon_Handler) for DebugMon_Handler
    startup_stm32f407xx.o(RESET) refers to stm32f4xx_it.o(.text.PendSV_Handler) for PendSV_Handler
    startup_stm32f407xx.o(RESET) refers to stm32f4xx_it.o(.text.SysTick_Handler) for SysTick_Handler
    startup_stm32f407xx.o(RESET) refers to stm32f4xx_it.o(.text.TIM1_BRK_TIM9_IRQHandler) for TIM1_BRK_TIM9_IRQHandler
    startup_stm32f407xx.o(RESET) refers to stm32f4xx_it.o(.text.TIM1_UP_TIM10_IRQHandler) for TIM1_UP_TIM10_IRQHandler
    startup_stm32f407xx.o(RESET) refers to stm32f4xx_it.o(.text.TIM1_TRG_COM_TIM11_IRQHandler) for TIM1_TRG_COM_TIM11_IRQHandler
    startup_stm32f407xx.o(RESET) refers to stm32f4xx_it.o(.text.USART1_IRQHandler) for USART1_IRQHandler
    startup_stm32f407xx.o(RESET) refers to stm32f4xx_it.o(.text.TIM8_BRK_TIM12_IRQHandler) for TIM8_BRK_TIM12_IRQHandler
    startup_stm32f407xx.o(RESET) refers to stm32f4xx_it.o(.text.TIM8_UP_TIM13_IRQHandler) for TIM8_UP_TIM13_IRQHandler
    startup_stm32f407xx.o(RESET) refers to stm32f4xx_it.o(.text.TIM8_TRG_COM_TIM14_IRQHandler) for TIM8_TRG_COM_TIM14_IRQHandler
    startup_stm32f407xx.o(RESET) refers to stm32f4xx_it.o(.text.TIM6_DAC_IRQHandler) for TIM6_DAC_IRQHandler
    startup_stm32f407xx.o(RESET) refers to stm32f4xx_it.o(.text.DMA2_Stream1_IRQHandler) for DMA2_Stream1_IRQHandler
    startup_stm32f407xx.o(RESET) refers to stm32f4xx_it.o(.text.DMA2_Stream2_IRQHandler) for DMA2_Stream2_IRQHandler
    startup_stm32f407xx.o(RESET) refers to stm32f4xx_it.o(.text.CAN2_TX_IRQHandler) for CAN2_TX_IRQHandler
    startup_stm32f407xx.o(RESET) refers to stm32f4xx_it.o(.text.CAN2_RX0_IRQHandler) for CAN2_RX0_IRQHandler
    startup_stm32f407xx.o(RESET) refers to stm32f4xx_it.o(.text.CAN2_RX1_IRQHandler) for CAN2_RX1_IRQHandler
    startup_stm32f407xx.o(RESET) refers to stm32f4xx_it.o(.text.CAN2_SCE_IRQHandler) for CAN2_SCE_IRQHandler
    startup_stm32f407xx.o(RESET) refers to stm32f4xx_it.o(.text.DMA2_Stream6_IRQHandler) for DMA2_Stream6_IRQHandler
    startup_stm32f407xx.o(RESET) refers to stm32f4xx_it.o(.text.DMA2_Stream7_IRQHandler) for DMA2_Stream7_IRQHandler
    startup_stm32f407xx.o(RESET) refers to stm32f4xx_it.o(.text.USART6_IRQHandler) for USART6_IRQHandler
    startup_stm32f407xx.o(.text) refers (Special) to heapauxi.o(.text) for __use_two_region_memory
    startup_stm32f407xx.o(.text) refers to system_stm32f4xx.o(.text.SystemInit) for SystemInit
    startup_stm32f407xx.o(.text) refers to __main.o(!!!main) for __main
    startup_stm32f407xx.o(.text) refers to startup_stm32f407xx.o(HEAP) for Heap_Mem
    startup_stm32f407xx.o(.text) refers to startup_stm32f407xx.o(STACK) for Stack_Mem
    stm32f4xx_it.o(.ARM.exidx.text.NMI_Handler) refers to stm32f4xx_it.o(.text.NMI_Handler) for [Anonymous Symbol]
    stm32f4xx_it.o(.ARM.exidx.text.HardFault_Handler) refers to stm32f4xx_it.o(.text.HardFault_Handler) for [Anonymous Symbol]
    stm32f4xx_it.o(.ARM.exidx.text.MemManage_Handler) refers to stm32f4xx_it.o(.text.MemManage_Handler) for [Anonymous Symbol]
    stm32f4xx_it.o(.ARM.exidx.text.BusFault_Handler) refers to stm32f4xx_it.o(.text.BusFault_Handler) for [Anonymous Symbol]
    stm32f4xx_it.o(.ARM.exidx.text.UsageFault_Handler) refers to stm32f4xx_it.o(.text.UsageFault_Handler) for [Anonymous Symbol]
    stm32f4xx_it.o(.ARM.exidx.text.SVC_Handler) refers to stm32f4xx_it.o(.text.SVC_Handler) for [Anonymous Symbol]
    stm32f4xx_it.o(.ARM.exidx.text.DebugMon_Handler) refers to stm32f4xx_it.o(.text.DebugMon_Handler) for [Anonymous Symbol]
    stm32f4xx_it.o(.ARM.exidx.text.PendSV_Handler) refers to stm32f4xx_it.o(.text.PendSV_Handler) for [Anonymous Symbol]
[...]
    _handle_redirection                       - Undefined Weak Reference
    _init_alloc                               - Undefined Weak Reference
    _init_user_alloc                          - Undefined Weak Reference
    _initio                                   - Undefined Weak Reference
    _printf_post_padding                      - Undefined Weak Reference
    _printf_pre_padding                       - Undefined Weak Reference
    _printf_truncate_signed                   - Undefined Weak Reference
    _printf_truncate_unsigned                 - Undefined Weak Reference
    _rand_init                                - Undefined Weak Reference
    _signal_finish                            - Undefined Weak Reference
    _signal_init                              - Undefined Weak Reference
    _terminate_alloc                          - Undefined Weak Reference
    _terminate_user_alloc                     - Undefined Weak Reference
    _terminateio                              - Undefined Weak Reference
    __Vectors_Size                           0x00000188   Number         0  startup_stm32f407xx.o ABSOLUTE
    __Vectors                                0x08000000   Data           4  startup_stm32f407xx.o(RESET)
    __Vectors_End                            0x08000188   Data           0  startup_stm32f407xx.o(RESET)
    __main                                   0x08000189   Thumb Code     8  __main.o(!!!main)
    __scatterload                            0x08000191   Thumb Code     0  __scatter.o(!!!scatter)
    __scatterload_rt2                        0x08000191   Thumb Code    84  __scatter.o(!!!scatter)
    __scatterload_rt2_thumb_only             0x08000191   Thumb Code     0  __scatter.o(!!!scatter)
    __scatterload_loop                       0x0800019b   Thumb Code     0  __scatter.o(!!!scatter)
    __scatterload_copy                       0x080001ed   Thumb Code    26  __scatter_copy.o(!!handler_copy)
    __scatterload_null                       0x08000209   Thumb Code     2  __scatter.o(!!handler_null)
    __scatterload_zeroinit                   0x0800020d   Thumb Code    28  __scatter_zi.o(!!handler_zi)
    _printf_f                                0x08000229   Thumb Code     0  _printf_f.o(.ARM.Collect$$_printf_percent$$00000003)
    _printf_percent                          0x08000229   Thumb Code     0  _printf_percent.o(.ARM.Collect$$_printf_percent$$00000000)
    _printf_d                                0x0800022f   Thumb Code     0  _printf_d.o(.ARM.Collect$$_printf_percent$$00000009)
    _printf_percent_end                      0x08000235   Thumb Code     0  _printf_percent_end.o(.ARM.Collect$$_printf_percent$$00000017)
    __rt_lib_init                            0x08000239   Thumb Code     0  libinit.o(.ARM.Collect$$libinit$$00000000)
    __rt_lib_init_fp_1                       0x0800023b   Thumb Code     0  libinit2.o(.ARM.Collect$$libinit$$00000001)
    __rt_lib_init_heap_1                     0x0800023f   Thumb Code     0  libinit2.o(.ARM.Collect$$libinit$$0000000C)
    __rt_lib_init_lc_common                  0x0800023f   Thumb Code     0  libinit2.o(.ARM.Collect$$libinit$$00000011)
    __rt_lib_init_preinit_1                  0x0800023f   Thumb Code     0  libinit2.o(.ARM.Collect$$libinit$$00000006)
    __rt_lib_init_rand_1                     0x0800023f   Thumb Code     0  libinit2.o(.ARM.Collect$$libinit$$00000010)
    __rt_lib_init_relocate_pie_1             0x0800023f   Thumb Code     0  libinit2.o(.ARM.Collect$$libinit$$00000004)
    __rt_lib_init_user_alloc_1               0x0800023f   Thumb Code     0  libinit2.o(.ARM.Collect$$libinit$$0000000E)
    __rt_lib_init_lc_collate_1               0x08000245   Thumb Code     0  libinit2.o(.ARM.Collect$$libinit$$00000013)
    __rt_lib_init_lc_ctype_1                 0x08000245   Thumb Code     0  libinit2.o(.ARM.Collect$$libinit$$00000015)
    __rt_lib_init_lc_monetary_1              0x08000245   Thumb Code     0  libinit2.o(.ARM.Collect$$libinit$$00000017)
    __rt_lib_init_lc_numeric_2               0x08000245   Thumb Code     0  libinit2.o(.ARM.Collect$$libinit$$00000018)
    __rt_lib_init_alloca_1                   0x0800024f   Thumb Code     0  libinit2.o(.ARM.Collect$$libinit$$00000030)
    __rt_lib_init_argv_1                     0x0800024f   Thumb Code     0  libinit2.o(.ARM.Collect$$libinit$$0000002E)
    __rt_lib_init_atexit_1                   0x0800024f   Thumb Code     0  libinit2.o(.ARM.Collect$$libinit$$0000001D)
    __rt_lib_init_clock_1                    0x0800024f   Thumb Code     0  libinit2.o(.ARM.Collect$$libinit$$00000023)
    __rt_lib_init_cpp_1                      0x0800024f   Thumb Code     0  libinit2.o(.ARM.Collect$$libinit$$00000034)
    __rt_lib_init_exceptions_1               0x0800024f   Thumb Code     0  libinit2.o(.ARM.Collect$$libinit$$00000032)
    __rt_lib_init_fp_trap_1                  0x0800024f   Thumb Code     0  libinit2.o(.ARM.Collect$$libinit$$00000021)
    __rt_lib_init_getenv_1                   0x0800024f   Thumb Code     0  libinit2.o(.ARM.Collect$$libinit$$00000025)
    __rt_lib_init_lc_numeric_1               0x0800024f   Thumb Code     0  libinit2.o(.ARM.Collect$$libinit$$00000019)
    __rt_lib_init_lc_time_1                  0x0800024f   Thumb Code     0  libinit2.o(.ARM.Collect$$libinit$$0000001B)
    __rt_lib_init_return                     0x0800024f   Thumb Code     0  libinit2.o(.ARM.Collect$$libinit$$00000035)
    __rt_lib_init_signal_1                   0x0800024f   Thumb Code     0  libinit2.o(.ARM.Collect$$libinit$$0000001F)
    __rt_lib_init_stdio_1                    0x0800024f   Thumb Code     0  libinit2.o(.ARM.Collect$$libinit$$00000027)
    __rt_lib_shutdown                        0x08000251   Thumb Code     0  libshutdown.o(.ARM.Collect$$libshutdown$$00000000)
    __rt_lib_shutdown_cpp_1                  0x08000253   Thumb Code     0  libshutdown2.o(.ARM.Collect$$libshutdown$$00000002)
    __rt_lib_shutdown_fp_trap_1              0x08000253   Thumb Code     0  libshutdown2.o(.ARM.Collect$$libshutdown$$00000007)
    __rt_lib_shutdown_heap_1                 0x08000253   Thumb Code     0  libshutdown2.o(.ARM.Collect$$libshutdown$$0000000F)
    __rt_lib_shutdown_return                 0x08000253   Thumb Code     0  libshutdown2.o(.ARM.Collect$$libshutdown$$00000010)
    __rt_lib_shutdown_signal_1               0x08000253   Thumb Code     0  libshutdown2.o(.ARM.Collect$$libshutdown$$0000000A)
    __rt_lib_shutdown_stdio_1                0x08000253   Thumb Code     0  libshutdown2.o(.ARM.Collect$$libshutdown$$00000004)
    __rt_lib_shutdown_user_alloc_1           0x08000253   Thumb Code     0  libshutdown2.o(.ARM.Collect$$libshutdown$$0000000C)
    __rt_entry                               0x08000255   Thumb Code     0  __rtentry.o(.ARM.Collect$$rtentry$$00000000)
    __rt_entry_presh_1                       0x08000255   Thumb Code     0  __rtentry2.o(.ARM.Collect$$rtentry$$00000002)
    __rt_entry_sh                            0x08000255   Thumb Code     0  __rtentry4.o(.ARM.Collect$$rtentry$$00000004)
    __rt_entry_li                            0x0800025b   Thumb Code     0  __rtentry2.o(.ARM.Collect$$rtentry$$0000000A)
    __rt_entry_postsh_1                      0x0800025b   Thumb Code     0  __rtentry2.o(.ARM.Collect$$rtentry$$00000009)
    __rt_entry_main                          0x0800025f   Thumb Code     0  __rtentry2.o(.ARM.Collect$$rtentry$$0000000D)
    __rt_entry_postli_1                      0x0800025f   Thumb Code     0  __rtentry2.o(.ARM.Collect$$rtentry$$0000000C)
    __rt_exit                                0x08000267   Thumb Code     0  rtexit.o(.ARM.Collect$$rtexit$$00000000)
    __rt_exit_ls                             0x08000269   Thumb Code     0  rtexit2.o(.ARM.Collect$$rtexit$$00000003)
    __rt_exit_prels_1                        0x08000269   Thumb Code     0  rtexit2.o(.ARM.Collect$$rtexit$$00000002)
    __rt_exit_exit                           0x0800026d   Thumb Code     0  rtexit2.o(.ARM.Collect$$rtexit$$00000004)
    Reset_Handler                            0x08000275   Thumb Code     8  startup_stm32f407xx.o(.text)
    ADC_IRQHandler                           0x0800028f   Thumb Code     0  startup_stm32f407xx.o(.text)
    CAN1_RX0_IRQHandler                      0x0800028f   Thumb Code     0  startup_stm32f407xx.o(.text)
    CAN1_RX1_IRQHandler                      0x0800028f   Thumb Code     0  startup_stm32f407xx.o(.text)
    CAN1_SCE_IRQHandler                      0x0800028f   Thumb Code     0  startup_stm32f407xx.o(.text)
    CAN1_TX_IRQHandler                       0x0800028f   Thumb Code     0  startup_stm32f407xx.o(.text)
    DCMI_IRQHandler                          0x0800028f   Thumb Code     0  startup_stm32f407xx.o(.text)
    DMA1_Stream0_IRQHandler                  0x0800028f   Thumb Code     0  startup_stm32f407xx.o(.text)
    DMA1_Stream1_IRQHandler                  0x0800028f   Thumb Code     0  startup_stm32f407xx.o(.text)
    DMA1_Stream2_IRQHandler                  0x0800028f   Thumb Code     0  startup_stm32f407xx.o(.text)
    DMA1_Stream3_IRQHandler                  0x0800028f   Thumb Code     0  startup_stm32f407xx.o(.text)
    DMA1_Stream4_IRQHandler                  0x0800028f   Thumb Code     0  startup_stm32f407xx.o(.text)
    DMA1_Stream5_IRQHandler                  0x0800028f   Thumb Code     0  startup_stm32f407xx.o(.text)
    DMA1_Stream6_IRQHandler                  0x0800028f   Thumb Code     0  startup_stm32f407xx.o(.text)
    DMA1_Stream7_IRQHandler                  0x0800028f   Thumb Code     0  startup_stm32f407xx.o(.text)
    DMA2_Stream0_IRQHandler                  0x0800028f   Thumb Code     0  startup_stm32f407xx.o(.text)
    DMA2_Stream3_IRQHandler                  0x0800028f   Thumb Code     0  startup_stm32f407xx.o(.text)
    DMA2_Stream4_IRQHandler                  0x0800028f   Thumb Code     0  startup_stm32f407xx.o(.text)
    DMA2_Stream5_IRQHandler                  0x0800028f   Thumb Code     0  startup_stm32f407xx.o(.text)
    ETH_IRQHandler                           0x0800028f   Thumb Code     0  startup_stm32f407xx.o(.text)
    ETH_WKUP_IRQHandler                      0x0800028f   Thumb Code     0  startup_stm32f407xx.o(.text)
    EXTI0_IRQHandler                         0x0800028f   Thumb Code     0  startup_stm32f407xx.o(.text)
    EXTI15_10_IRQHandler                     0x0800028f   Thumb Code     0  startup_stm32f407xx.o(.text)
    EXTI1_IRQHandler                         0x0800028f   Thumb Code     0  startup_stm32f407xx.o(.text)
    EXTI2_IRQHandler                         0x0800028f   Thumb Code     0  startup_stm32f407xx.o(.text)
    EXTI3_IRQHandler                         0x0800028f   Thumb Code     0  startup_stm32f407xx.o(.text)
    EXTI4_IRQHandler                         0x0800028f   Thumb Code     0  startup_stm32f407xx.o(.text)
    EXTI9_5_IRQHandler                       0x0800028f   Thumb Code     0  startup_stm32f407xx.o(.text)
    FLASH_IRQHandler                         0x0800028f   Thumb Code     0  startup_stm32f407xx.o(.text)
    FMC_IRQHandler                           0x0800028f   Thumb Code     0  startup_stm32f407xx.o(.text)
    FPU_IRQHandler                           0x0800028f   Thumb Code     0  startup_stm32f407xx.o(.text)
    HASH_RNG_IRQHandler                      0x0800028f   Thumb Code     0  startup_stm32f407xx.o(.text)
    I2C1_ER_IRQHandler                       0x0800028f   Thumb Code     0  startup_stm32f407xx.o(.text)
    I2C1_EV_IRQHandler                       0x0800028f   Thumb Code     0  startup_stm32f407xx.o(.text)
    I2C2_ER_IRQHandler                       0x0800028f   Thumb Code     0  startup_stm32f407xx.o(.text)
    I2C2_EV_IRQHandler                       0x0800028f   Thumb Code     0  startup_stm32f407xx.o(.text)
    I2C3_ER_IRQHandler                       0x0800028f   Thumb Code     0  startup_stm32f407xx.o(.text)
    I2C3_EV_IRQHandler                       0x0800028f   Thumb Code     0  startup_stm32f407xx.o(.text)
    OTG_FS_IRQHandler                        0x0800028f   Thumb Code     0  startup_stm32f407xx.o(.text)
    OTG_FS_WKUP_IRQHandler                   0x0800028f   Thumb Code     0  startup_stm32f407xx.o(.text)
    OTG_HS_EP1_IN_IRQHandler                 0x0800028f   Thumb Code     0  startup_stm32f407xx.o(.text)
    OTG_HS_EP1_OUT_IRQHandler                0x0800028f   Thumb Code     0  startup_stm32f407xx.o(.text)
    OTG_HS_IRQHandler                        0x0800028f   Thumb Code     0  startup_stm32f407xx.o(.text)
    OTG_HS_WKUP_IRQHandler                   0x0800028f   Thumb Code     0  startup_stm32f407xx.o(.text)
    PVD_IRQHandler                           0x0800028f   Thumb Code     0  startup_stm32f407xx.o(.text)
    RCC_IRQHandler                           0x0800028f   Thumb Code     0  startup_stm32f407xx.o(.text)
    RTC_Alarm_IRQHandler                     0x0800028f   Thumb Code     0  startup_stm32f407xx.o(.text)
    RTC_WKUP_IRQHandler                      0x0800028f   Thumb Code     0  startup_stm32f407xx.o(.text)
    SDIO_IRQHandler                          0x0800028f   Thumb Code     0  startup_stm32f407xx.o(.text)
    SPI1_IRQHandler                          0x0800028f   Thumb Code     0  startup_stm32f407xx.o(.text)
    SPI2_IRQHandler                          0x0800028f   Thumb Code     0  startup_stm32f407xx.o(.text)
    SPI3_IRQHandler                          0x0800028f   Thumb Code     0  startup_stm32f407xx.o(.text)
    TAMP_STAMP_IRQHandler                    0x0800028f   Thumb Code     0  startup_stm32f407xx.o(.text)
    TIM1_CC_IRQHandler                       0x0800028f   Thumb Code     0  startup_stm32f407xx.o(.text)
    TIM2_IRQHandler                          0x0800028f   Thumb Code     0  startup_stm32f407xx.o(.text)
    TIM3_IRQHandler                          0x0800028f   Thumb Code     0  startup_stm32f407xx.o(.text)
    TIM4_IRQHandler                          0x0800028f   Thumb Code     0  startup_stm32f407xx.o(.text)
    TIM5_IRQHandler                          0x0800028f   Thumb Code     0  startup_stm32f407xx.o(.text)
    TIM7_IRQHandler                          0x0800028f   Thumb Code     0  startup_stm32f407xx.o(.text)
    TIM8_CC_IRQHandler                       0x0800028f   Thumb Code     0  startup_stm32f407xx.o(.text)
    UART4_IRQHandler                         0x0800028f   Thumb Code     0  startup_stm32f407xx.o(.text)
    UART5_IRQHandler                         0x0800028f   Thumb Code     0  startup_stm32f407xx.o(.text)
    USART2_IRQHandler                        0x0800028f   Thumb Code     0  startup_stm32f407xx.o(.text)
    USART3_IRQHandler                        0x0800028f   Thumb Code     0  startup_stm32f407xx.o(.text)
    WWDG_IRQHandler                          0x0800028f   Thumb Code     0  startup_stm32f407xx.o(.text)
    __user_initial_stackheap                 0x08000291   Thumb Code     0  startup_stm32f407xx.o(.text)
    __aeabi_uldivmod                         0x080002b5   Thumb Code     0  lludivv7m.o(.text)
    _ll_udiv                                 0x080002b5   Thumb Code   240  lludivv7m.o(.text)
    __2sprintf                               0x080003a5   Thumb Code    34  noretval__2sprintf.o(.text)
    _printf_int_dec                          0x080003cd   Thumb Code   104  _printf_dec.o(.text)
    __printf                                 0x08000445   Thumb Code   270  __printf_wp.o(.text)
    strlen                                   0x08000553   Thumb Code    62  strlen.o(.text)
    __aeabi_memcpy                           0x08000591   Thumb Code     0  rt_memcpy_v6.o(.text)
    __rt_memcpy                              0x08000591   Thumb Code   138  rt_memcpy_v6.o(.text)
    _memcpy_lastbytes                        0x080005f7   Thumb Code     0  rt_memcpy_v6.o(.text)
    __aeabi_memclr                           0x0800061b   Thumb Code     0  rt_memclr.o(.text)
    __rt_memclr                              0x0800061b   Thumb Code     0  rt_memclr.o(.text)
    _memset                                  0x0800061f   Thumb Code    64  rt_memclr.o(.text)
    __aeabi_memclr4                          0x0800065f   Thumb Code     0  rt_memclr_w.o(.text)
    __aeabi_memclr8                          0x0800065f   Thumb Code     0  rt_memclr_w.o(.text)
    __rt_memclr_w                            0x0800065f   Thumb Code     0  rt_memclr_w.o(.text)
    _memset_w                                0x08000663   Thumb Code    74  rt_memclr_w.o(.text)
    __use_two_region_memory                  0x080006ad   Thumb Code     2  heapauxi.o(.text)
    __rt_heap_escrow$2region                 0x080006af   Thumb Code     2  heapauxi.o(.text)
    __rt_heap_expand$2region                 0x080006b1   Thumb Code     2  heapauxi.o(.text)
    _printf_int_common                       0x080006b3   Thumb Code   178  _printf_intcommon.o(.text)
    _printf_fp_dec_real                      0x08000915   Thumb Code   620  _printf_fp_dec.o(.text)
    _printf_char_common                      0x08000b8b   Thumb Code    32  _printf_char_common.o(.text)
    _sputc                                   0x08000bb1   Thumb Code    10  _sputc.o(.text)
    __aeabi_memcpy4                          0x08000bbb   Thumb Code     0  rt_memcpy_w.o(.text)
    __aeabi_memcpy8                          0x08000bbb   Thumb Code     0  rt_memcpy_w.o(.text)
    __rt_memcpy_w                            0x08000bbb   Thumb Code   100  rt_memcpy_w.o(.text)
    _memcpy_lastbytes_aligned                0x08000c03   Thumb Code     0  rt_memcpy_w.o(.text)
    __rt_locale                              0x08000c21   Thumb Code     8  rt_locale_intlibspace.o(.text)
    _ll_udiv10                               0x08000c29   Thumb Code   138  lludiv10.o(.text)
    _printf_fp_infnan                        0x08000cb5   Thumb Code   112  _printf_fp_infnan.o(.text)
    _btod_etento                             0x08000d35   Thumb Code   224  bigflt0.o(.text)
    __user_libspace                          0x08000e19   Thumb Code     8  libspace.o(.text)
    __user_perproc_libspace                  0x08000e19   Thumb Code     0  libspace.o(.text)
    __user_perthread_libspace                0x08000e19   Thumb Code     0  libspace.o(.text)
    __user_setup_stackheap                   0x08000e21   Thumb Code    74  sys_stackheap_outer.o(.text)
    exit                                     0x08000e6b   Thumb Code    18  exit.o(.text)
    strcmp                                   0x08000e81   Thumb Code   124  strcmpv7em.o(.text)
    _sys_exit                                0x08000efd   Thumb Code     8  sys_exit.o(.text)
    __I$use$semihosting                      0x08000f09   Thumb Code     0  use_no_semi.o(.text)
    __use_no_semihosting_swi                 0x08000f09   Thumb Code     2  use_no_semi.o(.text)
    __semihosting_library_function           0x08000f0b   Thumb Code     0  indicate_semi.o(.text)
    BusFault_Handler                         0x08000f0d   Thumb Code     2  stm32f4xx_it.o(.text.BusFault_Handler)
    CAN2_Init                                0x08000f11   Thumb Code   108  can.o(.text.CAN2_Init)
    CAN2_RX0_IRQHandler                      0x08000f7d   Thumb Code    12  stm32f4xx_it.o(.text.CAN2_RX0_IRQHandler)
    CAN2_RX1_IRQHandler                      0x08000f89   Thumb Code    12  stm32f4xx_it.o(.text.CAN2_RX1_IRQHandler)
    CAN2_SCE_IRQHandler                      0x08000f95   Thumb Code    12  stm32f4xx_it.o(.text.CAN2_SCE_IRQHandler)
    CAN2_TX_IRQHandler                       0x08000fa1   Thumb Code    12  stm32f4xx_it.o(.text.CAN2_TX_IRQHandler)
    DMA2_Stream1_IRQHandler                  0x08000fad   Thumb Code    12  stm32f4xx_it.o(.text.DMA2_Stream1_IRQHandler)
    DMA2_Stream2_IRQHandler                  0x08000fb9   Thumb Code    12  stm32f4xx_it.o(.text.DMA2_Stream2_IRQHandler)
    DMA2_Stream6_IRQHandler                  0x08000fc5   Thumb Code    12  stm32f4xx_it.o(.text.DMA2_Stream6_IRQHandler)
    DMA2_Stream7_IRQHandler                  0x08000fd1   Thumb Code    12  stm32f4xx_it.o(.text.DMA2_Stream7_IRQHandler)
    DMA_Init                                 0x08000fdd   Thumb Code   104  dma.o(.text.DMA_Init)
    DebugMon_Handler                         0x08001045   Thumb Code     2  stm32f4xx_it.o(.text.DebugMon_Handler)
    Error_Handler                            0x08001049   Thumb Code     6  rcc.o(.text.Error_Handler)
    GPIO_Init                                0x08001051   Thumb Code   252  gpio.o(.text.GPIO_Init)
    HAL_CAN_ActivateNotification             0x0800114d   Thumb Code    46  stm32f4xx_hal_can.o(.text.HAL_CAN_ActivateNotification)
    HAL_CAN_AddTxMessage                     0x0800117d   Thumb Code   164  stm32f4xx_hal_can.o(.text.HAL_CAN_AddTxMessage)
    HAL_CAN_ConfigFilter                     0x08001221   Thumb Code   222  stm32f4xx_hal_can.o(.text.HAL_CAN_ConfigFilter)
    HAL_CAN_ErrorCallback                    0x08001301   Thumb Code     2  stm32f4xx_hal_can.o(.text.HAL_CAN_ErrorCallback)
    HAL_CAN_GetRxMessage                     0x08001305   Thumb Code   302  stm32f4xx_hal_can.o(.text.HAL_CAN_GetRxMessage)
    HAL_CAN_IRQHandler                       0x08001435   Thumb Code   606  stm32f4xx_hal_can.o(.text.HAL_CAN_IRQHandler)
    HAL_CAN_Init                             0x08001695   Thumb Code   244  stm32f4xx_hal_can.o(.text.HAL_CAN_Init)
    HAL_CAN_MspInit                          0x08001789   Thumb Code   206  can.o(.text.HAL_CAN_MspInit)
    HAL_CAN_RxFifo0FullCallback              0x08001859   Thumb Code     2  stm32f4xx_hal_can.o(.text.HAL_CAN_RxFifo0FullCallback)
    HAL_CAN_RxFifo0MsgPendingCallback        0x0800185d   Thumb Code   154  it.o(.text.HAL_CAN_RxFifo0MsgPendingCallback)
    HAL_CAN_RxFifo1FullCallback              0x080018f9   Thumb Code     2  stm32f4xx_hal_can.o(.text.HAL_CAN_RxFifo1FullCallback)
    HAL_CAN_RxFifo1MsgPendingCallback        0x080018fd   Thumb Code     2  stm32f4xx_hal_can.o(.text.HAL_CAN_RxFifo1MsgPendingCallback)
    HAL_CAN_SleepCallback                    0x08001901   Thumb Code     2  stm32f4xx_hal_can.o(.text.HAL_CAN_SleepCallback)
    HAL_CAN_Start                            0x08001905   Thumb Code    90  stm32f4xx_hal_can.o(.text.HAL_CAN_Start)
    HAL_CAN_TxMailbox0AbortCallback          0x08001961   Thumb Code     2  stm32f4xx_hal_can.o(.text.HAL_CAN_TxMailbox0AbortCallback)
    HAL_CAN_TxMailbox0CompleteCallback       0x08001965   Thumb Code     2  stm32f4xx_hal_can.o(.text.HAL_CAN_TxMailbox0CompleteCallback)
    HAL_CAN_TxMailbox1AbortCallback          0x08001969   Thumb Code     2  stm32f4xx_hal_can.o(.text.HAL_CAN_TxMailbox1AbortCallback)
    HAL_CAN_TxMailbox1CompleteCallback       0x0800196d   Thumb Code     2  stm32f4xx_hal_can.o(.text.HAL_CAN_TxMailbox1CompleteCallback)
    HAL_CAN_TxMailbox2AbortCallback          0x08001971   Thumb Code     2  stm32f4xx_hal_can.o(.text.HAL_CAN_TxMailbox2AbortCallback)
    HAL_CAN_TxMailbox2CompleteCallback       0x08001975   Thumb Code     2  stm32f4xx_hal_can.o(.text.HAL_CAN_TxMailbox2CompleteCallback)
    HAL_CAN_WakeUpFromRxMsgCallback          0x08001979   Thumb Code     2  stm32f4xx_hal_can.o(.text.HAL_CAN_WakeUpFromRxMsgCallback)
    HAL_DMA_Abort                            0x0800197d   Thumb Code   142  stm32f4xx_hal_dma.o(.text.HAL_DMA_Abort)
    HAL_DMA_Abort_IT                         0x08001a0d   Thumb Code    36  stm32f4xx_hal_dma.o(.text.HAL_DMA_Abort_IT)
    HAL_DMA_IRQHandler                       0x08001a31   Thumb Code   452  stm32f4xx_hal_dma.o(.text.HAL_DMA_IRQHandler)
    HAL_DMA_Init                             0x08001bf5   Thumb Code   354  stm32f4xx_hal_dma.o(.text.HAL_DMA_Init)
    HAL_DMA_Start_IT                         0x08001d59   Thumb Code   162  stm32f4xx_hal_dma.o(.text.HAL_DMA_Start_IT)
    HAL_Delay                                0x08001dfd   Thumb Code    40  stm32f4xx_hal.o(.text.HAL_Delay)
    HAL_GPIO_Init                            0x08001e25   Thumb Code   414  stm32f4xx_hal_gpio.o(.text.HAL_GPIO_Init)
    HAL_GPIO_ReadPin                         0x08001fc5   Thumb Code    10  stm32f4xx_hal_gpio.o(.text.HAL_GPIO_ReadPin)
    HAL_GPIO_WritePin                        0x08001fd1   Thumb Code    10  stm32f4xx_hal_gpio.o(.text.HAL_GPIO_WritePin)
    HAL_GetTick                              0x08001fdd   Thumb Code    12  stm32f4xx_hal.o(.text.HAL_GetTick)
    HAL_I2C_Init                             0x08001fe9   Thumb Code   356  stm32f4xx_hal_i2c.o(.text.HAL_I2C_Init)
    HAL_I2C_Mem_Write                        0x0800214d   Thumb Code   348  stm32f4xx_hal_i2c.o(.text.HAL_I2C_Mem_Write)
    HAL_I2C_MspInit                          0x080022a9   Thumb Code   116  i2c.o(.text.HAL_I2C_MspInit)
    HAL_IncTick                              0x0800231d   Thumb Code    26  stm32f4xx_hal.o(.text.HAL_IncTick)
    HAL_Init                                 0x08002339   Thumb Code    54  stm32f4xx_hal.o(.text.HAL_Init)
    HAL_InitTick                             0x08002371   Thumb Code    72  stm32f4xx_hal.o(.text.HAL_InitTick)
    HAL_MspInit                              0x080023b9   Thumb Code    56  stm32f4xx_hal_msp.o(.text.HAL_MspInit)
    HAL_NVIC_EnableIRQ                       0x080023f1   Thumb Code    34  stm32f4xx_hal_cortex.o(.text.HAL_NVIC_EnableIRQ)
    HAL_NVIC_SetPriority                     0x08002415   Thumb Code    86  stm32f4xx_hal_cortex.o(.text.HAL_NVIC_SetPriority)
    HAL_NVIC_SetPriorityGrouping             0x0800246d   Thumb Code    32  stm32f4xx_hal_cortex.o(.text.HAL_NVIC_SetPriorityGrouping)
    HAL_RCC_ClockConfig                      0x0800248d   Thumb Code   356  stm32f4xx_hal_rcc.o(.text.HAL_RCC_ClockConfig)
    HAL_RCC_GetPCLK1Freq                     0x080025f1   Thumb Code    38  stm32f4xx_hal_rcc.o(.text.HAL_RCC_GetPCLK1Freq)
    HAL_RCC_GetPCLK2Freq                     0x08002619   Thumb Code    38  stm32f4xx_hal_rcc.o(.text.HAL_RCC_GetPCLK2Freq)
    HAL_RCC_GetSysClockFreq                  0x08002641   Thumb Code   106  stm32f4xx_hal_rcc.o(.text.HAL_RCC_GetSysClockFreq)
    HAL_RCC_OscConfig                        0x080026ad   Thumb Code   940  stm32f4xx_hal_rcc.o(.text.HAL_RCC_OscConfig)
    HAL_SYSTICK_Config                       0x08002a59   Thumb Code    44  stm32f4xx_hal_cortex.o(.text.HAL_SYSTICK_Config)
    HAL_TIMEx_BreakCallback                  0x08002a85   Thumb Code     2  stm32f4xx_hal_tim_ex.o(.text.HAL_TIMEx_BreakCallback)
    HAL_TIMEx_CommutCallback                 0x08002a89   Thumb Code     2  stm32f4xx_hal_tim_ex.o(.text.HAL_TIMEx_CommutCallback)
    HAL_TIMEx_ConfigBreakDeadTime            0x08002a8d   Thumb Code    76  stm32f4xx_hal_tim_ex.o(.text.HAL_TIMEx_ConfigBreakDeadTime)
    HAL_TIMEx_MasterConfigSynchronization    0x08002ad9   Thumb Code   186  stm32f4xx_hal_tim_ex.o(.text.HAL_TIMEx_MasterConfigSynchronization)
    HAL_TIM_Base_Init                        0x08002b95   Thumb Code    90  stm32f4xx_hal_tim.o(.text.HAL_TIM_Base_Init)
    HAL_TIM_Base_MspInit                     0x08002bf1   Thumb Code    72  tim.o(.text.HAL_TIM_Base_MspInit)
    HAL_TIM_Base_Start_IT                    0x08002c39   Thumb Code   170  stm32f4xx_hal_tim.o(.text.HAL_TIM_Base_Start_IT)
    HAL_TIM_IC_CaptureCallback               0x08002ce5   Thumb Code     2  stm32f4xx_hal_tim.o(.text.HAL_TIM_IC_CaptureCallback)
    HAL_TIM_IRQHandler                       0x08002ce9   Thumb Code   334  stm32f4xx_hal_tim.o(.text.HAL_TIM_IRQHandler)
    HAL_TIM_MspPostInit                      0x08002e39   Thumb Code   210  tim.o(.text.HAL_TIM_MspPostInit)
    HAL_TIM_OC_DelayElapsedCallback          0x08002f0d   Thumb Code     2  stm32f4xx_hal_tim.o(.text.HAL_TIM_OC_DelayElapsedCallback)
    HAL_TIM_PWM_ConfigChannel                0x08002f11   Thumb Code   544  stm32f4xx_hal_tim.o(.text.HAL_TIM_PWM_ConfigChannel)
    HAL_TIM_PWM_Init                         0x08003131   Thumb Code    90  stm32f4xx_hal_tim.o(.text.HAL_TIM_PWM_Init)
    HAL_TIM_PWM_MspInit                      0x0800318d   Thumb Code   164  tim.o(.text.HAL_TIM_PWM_MspInit)
    HAL_TIM_PWM_PulseFinishedCallback        0x08003231   Thumb Code     2  stm32f4xx_hal_tim.o(.text.HAL_TIM_PWM_PulseFinishedCallback)
    HAL_TIM_PWM_Start                        0x08003235   Thumb Code   270  stm32f4xx_hal_tim.o(.text.HAL_TIM_PWM_Start)
    HAL_TIM_PeriodElapsedCallback            0x08003345   Thumb Code   108  it.o(.text.HAL_TIM_PeriodElapsedCallback)
    HAL_TIM_TriggerCallback                  0x080033b1   Thumb Code     2  stm32f4xx_hal_tim.o(.text.HAL_TIM_TriggerCallback)
    HAL_UARTEx_ReceiveToIdle_DMA             0x080033b5   Thumb Code   494  stm32f4xx_hal_uart.o(.text.HAL_UARTEx_ReceiveToIdle_DMA)
    HAL_UARTEx_RxEventCallback               0x080035a5   Thumb Code   254  it.o(.text.HAL_UARTEx_RxEventCallback)
    HAL_UART_DMAStop                         0x080036a5   Thumb Code   540  stm32f4xx_hal_uart.o(.text.HAL_UART_DMAStop)
    HAL_UART_ErrorCallback                   0x080038c1   Thumb Code   362  it.o(.text.HAL_UART_ErrorCallback)
    HAL_UART_IRQHandler                      0x08003a2d   Thumb Code  1428  stm32f4xx_hal_uart.o(.text.HAL_UART_IRQHandler)
    HAL_UART_Init                            0x08003fc1   Thumb Code    96  stm32f4xx_hal_uart.o(.text.HAL_UART_Init)
    HAL_UART_MspInit                         0x08004021   Thumb Code   534  usart.o(.text.HAL_UART_MspInit)
    HAL_UART_RxCpltCallback                  0x08004239   Thumb Code     2  stm32f4xx_hal_uart.o(.text.HAL_UART_RxCpltCallback)
    HAL_UART_RxHalfCpltCallback              0x0800423d   Thumb Code     2  stm32f4xx_hal_uart.o(.text.HAL_UART_RxHalfCpltCallback)
    HAL_UART_Transmit                        0x08004241   Thumb Code   402  stm32f4xx_hal_uart.o(.text.HAL_UART_Transmit)
    HAL_UART_TxCpltCallback                  0x080043d5   Thumb Code     2  stm32f4xx_hal_uart.o(.text.HAL_UART_TxCpltCallback)
    HardFault_Handler                        0x080043d9   Thumb Code     2  stm32f4xx_it.o(.text.HardFault_Handler)
    I2C2_Init                                0x080043dd   Thumb Code    66  i2c.o(.text.I2C2_Init)
    InitAll                                  0x08004905   Thumb Code   296  init.o(.text.InitAll)
    Key_Proc                                 0x08004a31   Thumb Code    88  key.o(.text.Key_Proc)
    MKS42D_Proc                              0x08004a89   Thumb Code    92  mks42d.o(.text.MKS42D_Proc)
    MemManage_Handler                        0x08004ae5   Thumb Code     2  stm32f4xx_it.o(.text.MemManage_Handler)
    MoveMKS42D                               0x08004ae9   Thumb Code   144  mks42d.o(.text.MoveMKS42D)
    NMI_Handler                              0x08004b79   Thumb Code     2  stm32f4xx_it.o(.text.NMI_Handler)
    OLED_CLS                                 0x08004b7d   Thumb Code   168  oled.o(.text.OLED_CLS)
    OLED_Init                                0x08004c25   Thumb Code   704  oled.o(.text.OLED_Init)
    OLED_RefreshRAM                          0x08004ee5   Thumb Code   182  oled.o(.text.OLED_RefreshRAM)
    OLED_ShowStr                             0x08004f9d   Thumb Code  2122  oled.o(.text.OLED_ShowStr)
    OLED_proc                                0x080057e9   Thumb Code   352  oled.o(.text.OLED_proc)
    PendSV_Handler                           0x080059b5   Thumb Code     2  stm32f4xx_it.o(.text.PendSV_Handler)
    RMIO_Init                                0x080059b9   Thumb Code    60  gpio.o(.text.RMIO_Init)
    RunServo                                 0x080059f9   Thumb Code   256  servo.o(.text.RunServo)
    SVC_Handler                              0x08005b21   Thumb Code     2  stm32f4xx_it.o(.text.SVC_Handler)
    Serial_proc                              0x08005b25   Thumb Code   412  serial.o(.text.Serial_proc)
    Servo_Init                               0x08005ccd   Thumb Code    44  servo.o(.text.Servo_Init)
    Set_Servo180Angle                        0x08005cf9   Thumb Code    52  servo.o(.text.Set_Servo180Angle)
    Set_Servo360Speed                        0x08005d31   Thumb Code    50  servo.o(.text.Set_Servo360Speed)
    SysTick_Handler                          0x08005d65   Thumb Code     4  stm32f4xx_it.o(.text.SysTick_Handler)
    SystemClock_Config                       0x08005d69   Thumb Code   172  rcc.o(.text.SystemClock_Config)
    SystemInit                               0x08005e15   Thumb Code    18  system_stm32f4xx.o(.text.SystemInit)
    TIM1_BRK_TIM9_IRQHandler                 0x08005e29   Thumb Code    12  stm32f4xx_it.o(.text.TIM1_BRK_TIM9_IRQHandler)
    TIM1_Init                                0x08005e35   Thumb Code   280  tim.o(.text.TIM1_Init)
    TIM1_TRG_COM_TIM11_IRQHandler            0x08005f4d   Thumb Code    12  stm32f4xx_it.o(.text.TIM1_TRG_COM_TIM11_IRQHandler)
    TIM1_UP_TIM10_IRQHandler                 0x08005f59   Thumb Code    12  stm32f4xx_it.o(.text.TIM1_UP_TIM10_IRQHandler)
    TIM6_DAC_IRQHandler                      0x08005f65   Thumb Code    12  stm32f4xx_it.o(.text.TIM6_DAC_IRQHandler)
    TIM6_Init                                0x08005f71   Thumb Code    80  tim.o(.text.TIM6_Init)
    TIM8_BRK_TIM12_IRQHandler                0x08005fc1   Thumb Code    12  stm32f4xx_it.o(.text.TIM8_BRK_TIM12_IRQHandler)
    TIM8_Init                                0x08005fcd   Thumb Code   260  tim.o(.text.TIM8_Init)
    TIM8_TRG_COM_TIM14_IRQHandler            0x080060d1   Thumb Code    12  stm32f4xx_it.o(.text.TIM8_TRG_COM_TIM14_IRQHandler)
    TIM8_UP_TIM13_IRQHandler                 0x080060dd   Thumb Code    12  stm32f4xx_it.o(.text.TIM8_UP_TIM13_IRQHandler)
    TIM_Base_SetConfig                       0x080060e9   Thumb Code   314  stm32f4xx_hal_tim.o(.text.TIM_Base_SetConfig)
    USART1_IRQHandler                        0x0800670d   Thumb Code    12  stm32f4xx_it.o(.text.USART1_IRQHandler)
    USART1_UART_Init                         0x08006719   Thumb Code    60  usart.o(.text.USART1_UART_Init)
    USART6_IRQHandler                        0x08006755   Thumb Code    12  stm32f4xx_it.o(.text.USART6_IRQHandler)
    USART6_UART_Init                         0x08006761   Thumb Code    60  usart.o(.text.USART6_UART_Init)
    UsageFault_Handler                       0x0800679d   Thumb Code     2  stm32f4xx_it.o(.text.UsageFault_Handler)
    main                                     0x080067a1   Thumb Code    30  main.o(.text.main)
    rmYel_Init                               0x080067c1   Thumb Code    54  rmyel.o(.text.rmYel_Init)
    setPWM                                   0x080067f9   Thumb Code   344  tim.o(.text.setPWM)
    _btod_d2e                                0x08006971   Thumb Code    62  btod.o(CL$$btod_d2e)
    _d2e_denorm_low                          0x080069af   Thumb Code    70  btod.o(CL$$btod_d2e_denorm_low)
    _d2e_norm_op1                            0x080069f5   Thumb Code    96  btod.o(CL$$btod_d2e_norm_op1)
    __btod_div_common                        0x08006a55   Thumb Code   696  btod.o(CL$$btod_div_common)
    _e2e                                     0x08006d8d   Thumb Code   220  btod.o(CL$$btod_e2e)
    _btod_ediv                               0x08006e69   Thumb Code    42  btod.o(CL$$btod_ediv)
    _btod_emul                               0x08006e93   Thumb Code    42  btod.o(CL$$btod_emul)
    __btod_mult_common                       0x08006ebd   Thumb Code   580  btod.o(CL$$btod_mult_common)
    __ARM_fpclassify                         0x08007101   Thumb Code    48  fpclassify.o(i.__ARM_fpclassify)
    _is_digit                                0x08007131   Thumb Code    14  __printf_wp.o(i._is_digit)
    _get_lc_numeric                          0x08007141   Thumb Code    44  lc_numeric_c.o(locale$$code)
    __aeabi_d2f                              0x0800716d   Thumb Code     0  d2f.o(x$fpl$d2f)
    _d2f                                     0x0800716d   Thumb Code    98  d2f.o(x$fpl$d2f)
    __aeabi_dadd                             0x080071d1   Thumb Code     0  daddsub_clz.o(x$fpl$dadd)
    _dadd                                    0x080071d1   Thumb Code   332  daddsub_clz.o(x$fpl$dadd)
    __fpl_dcmp_Inf                           0x08007321   Thumb Code    24  dcmpi.o(x$fpl$dcmpinf)
    __aeabi_cdcmpeq                          0x08007339   Thumb Code     0  deqf.o(x$fpl$deqf)
    _dcmpeq                                  0x08007339   Thumb Code   120  deqf.o(x$fpl$deqf)
    __aeabi_l2d                              0x080073b1   Thumb Code     0  dfltll_clz.o(x$fpl$dfltll)
    _ll_sto_d                                0x080073b1   Thumb Code   162  dfltll_clz.o(x$fpl$dfltll)
    __aeabi_cdcmpge                          0x08007455   Thumb Code     0  dgeqf.o(x$fpl$dgeqf)
    _dcmpge                                  0x08007455   Thumb Code   120  dgeqf.o(x$fpl$dgeqf)
    __aeabi_cdcmple                          0x080074cd   Thumb Code     0  dleqf.o(x$fpl$dleqf)
    _dcmple                                  0x080074cd   Thumb Code   120  dleqf.o(x$fpl$dleqf)
    __fpl_dcmple_InfNaN                      0x0800752f   Thumb Code     0  dleqf.o(x$fpl$dleqf)
    __aeabi_dmul                             0x08007545   Thumb Code     0  dmul.o(x$fpl$dmul)
    _dmul                                    0x08007545   Thumb Code   332  dmul.o(x$fpl$dmul)
    __fpl_dnaninf                            0x08007699   Thumb Code   156  dnaninf.o(x$fpl$dnaninf)
    __fpl_dretinf                            0x08007735   Thumb Code    12  dretinf.o(x$fpl$dretinf)
    __aeabi_dsub                             0x08007741   Thumb Code     0  daddsub_clz.o(x$fpl$dsub)
    _dsub                                    0x08007741   Thumb Code   472  daddsub_clz.o(x$fpl$dsub)
    __aeabi_f2d                              0x0800791d   Thumb Code     0  f2d.o(x$fpl$f2d)
    _f2d                                     0x0800791d   Thumb Code    86  f2d.o(x$fpl$f2d)
    __aeabi_dcmpeq                           0x08007973   Thumb Code     0  dcmp.o(x$fpl$fcmp)
    _deq                                     0x08007973   Thumb Code    14  dcmp.o(x$fpl$fcmp)
    _dneq                                    0x08007981   Thumb Code    14  dcmp.o(x$fpl$fcmp)
    __aeabi_dcmpgt                           0x0800798f   Thumb Code     0  dcmp.o(x$fpl$fcmp)
    _dgr                                     0x0800798f   Thumb Code    14  dcmp.o(x$fpl$fcmp)
    __aeabi_dcmpge                           0x0800799d   Thumb Code     0  dcmp.o(x$fpl$fcmp)
    _dgeq                                    0x0800799d   Thumb Code    14  dcmp.o(x$fpl$fcmp)
    __aeabi_dcmple                           0x080079ab   Thumb Code     0  dcmp.o(x$fpl$fcmp)
    _dleq                                    0x080079ab   Thumb Code    14  dcmp.o(x$fpl$fcmp)
    __aeabi_dcmplt                           0x080079b9   Thumb Code     0  dcmp.o(x$fpl$fcmp)
    _dls                                     0x080079b9   Thumb Code    14  dcmp.o(x$fpl$fcmp)
    __fpl_fnaninf                            0x080079c7   Thumb Code   140  fnaninf.o(x$fpl$fnaninf)
    _fp_init                                 0x08007a53   Thumb Code    26  fpinit.o(x$fpl$fpinit)
    __fplib_config_fpu_vfp                   0x08007a6b   Thumb Code     0  fpinit.o(x$fpl$fpinit)
    __fplib_config_pureend_doubles           0x08007a6b   Thumb Code     0  fpinit.o(x$fpl$fpinit)
    __fpl_fretinf                            0x08007a6d   Thumb Code    10  fretinf.o(x$fpl$fretinf)
    _printf_fp_dec                           0x08007a77   Thumb Code     4  printf1.o(x$fpl$printf1)
    __I$use$fp                               0x08007a7a   Number         0  usenofp.o(x$fpl$usenofp)
    AHBPrescTable                            0x08007b10   Data          16  system_stm32f4xx.o(.rodata.AHBPrescTable)
    APBPrescTable                            0x08007b20   Data           8  system_stm32f4xx.o(.rodata.APBPrescTable)
    Region$$Table$$Base                      0x0800834c   Number         0  anon$$obj.o(Region$$Table)
    Region$$Table$$Limit                     0x0800836c   Number         0  anon$$obj.o(Region$$Table)
    oled_line0                               0x20000000   Data          21  oled.o(.data..L_MergedGlobals)
    oled_line1                               0x20000015   Data          21  oled.o(.data..L_MergedGlobals)
    oled_line2                               0x2000002a   Data          21  oled.o(.data..L_MergedGlobals)
    oled_line3                               0x2000003f   Data          21  oled.o(.data..L_MergedGlobals)
    oled_line4                               0x20000054   Data          21  oled.o(.data..L_MergedGlobals)
    oled_line5                               0x20000069   Data          21  oled.o(.data..L_MergedGlobals)
    PRESCALAR_TIM1                           0x2000007e   Data           2  tim.o(.data..L_MergedGlobals)
    PRESCALAR_TIM8                           0x20000080   Data           2  tim.o(.data..L_MergedGlobals)
    uwTickFreq                               0x20000084   Data           1  stm32f4xx_hal.o(.data..L_MergedGlobals)
    uwTickPrio                               0x20000088   Data           4  stm32f4xx_hal.o(.data..L_MergedGlobals)
    SystemCoreClock                          0x2000008c   Data           4  system_stm32f4xx.o(.data.SystemCoreClock)
    oled_line6                               0x20000090   Data          21  oled.o(.data.oled_line6)
    ucTrans1                                 0x200000a5   Data          64  usart.o(.data.ucTrans1)
    __libspace_start                         0x200000e8   Data          96  libspace.o(.bss)
    __temporary_stack_top$libspace           0x20000148   Data           0  libspace.o(.bss)
    rmYel_uwTick                             0x20000148   Data           4  rmyel.o(.bss..L_MergedGlobals)
    knife_xerror                             0x2000014c   Data           4  rmyel.o(.bss..L_MergedGlobals)
    r_per_mm                                 0x20000150   Data           8  rmyel.o(.bss..L_MergedGlobals)
    cuttime                                  0x20000158   Data          12  rmyel.o(.bss..L_MergedGlobals)
    platform                                 0x20000164   Data          12  rmyel.o(.bss..L_MergedGlobals)
    target                                   0x20000170   Data          16  rmyel.o(.bss..L_MergedGlobals)
    TARGETUPDATE_FLAG                        0x20000180   Data           1  serial.o(.bss..L_MergedGlobals)
    error_serial                             0x20000182   Data           2  serial.o(.bss..L_MergedGlobals)
    serial_uwTick                            0x20000184   Data           4  serial.o(.bss..L_MergedGlobals)
    Point_Received                           0x20000188   Data           8  serial.o(.bss..L_MergedGlobals)
    servo_uwTick                             0x20000190   Data           4  servo.o(.bss..L_MergedGlobals)
    servo180                                 0x20000194   Data          20  servo.o(.bss..L_MergedGlobals)
    servo360                                 0x200001a8   Data          20  servo.o(.bss..L_MergedGlobals)
    KEY_DOWN                                 0x200001bc   Data           1  key.o(.bss..L_MergedGlobals)
    KEY_UP                                   0x200001bd   Data           1  key.o(.bss..L_MergedGlobals)
    ucKey_val                                0x200001be   Data           1  key.o(.bss..L_MergedGlobals)
    ucKey_old                                0x200001bf   Data           1  key.o(.bss..L_MergedGlobals)
    ucKey_down                               0x200001c0   Data           1  key.o(.bss..L_MergedGlobals)
    ucKey_up                                 0x200001c1   Data           1  key.o(.bss..L_MergedGlobals)
    Key_uwTick                               0x200001c4   Data           4  key.o(.bss..L_MergedGlobals)
    IS_UART_RECEIVED                         0x200001c8   Data           2  usart.o(.bss.IS_UART_RECEIVED)
    RMIOGroup                                0x200001cc   Data          32  gpio.o(.bss.RMIOGroup)
    ScreenBuffer                             0x200001ec   Data        1024  oled.o(.bss.ScreenBuffer)
    TIM6_Tick                                0x200005ec   Data           4  it.o(.bss.TIM6_Tick)
    error_recNum                             0x200005f0   Data           4  usart.o(.bss.error_recNum)
    hcan2                                    0x200005f4   Data          40  can.o(.bss.hcan2)
    hdma_usart1_rx                           0x2000061c   Data          96  usart.o(.bss.hdma_usart1_rx)
    hdma_usart1_tx                           0x2000067c   Data          96  usart.o(.bss.hdma_usart1_tx)
    hdma_usart6_rx                           0x200006dc   Data          96  usart.o(.bss.hdma_usart6_rx)
    hdma_usart6_tx                           0x2000073c   Data          96  usart.o(.bss.hdma_usart6_tx)
    hi2c2                                    0x2000079c   Data          84  i2c.o(.bss.hi2c2)
    htim1                                    0x200007f0   Data          72  tim.o(.bss.htim1)
    htim6                                    0x20000838   Data          72  tim.o(.bss.htim6)
    htim8                                    0x20000880   Data          72  tim.o(.bss.htim8)
    huart1                                   0x200008c8   Data          72  usart.o(.bss.huart1)
    huart6                                   0x20000910   Data          72  usart.o(.bss.huart6)
    mks42d_encoder                           0x20000958   Data           8  mks42d.o(.bss.mks42d_encoder)
    mks42d_uwTick                            0x20000960   Data           4  mks42d.o(.bss.mks42d_uwTick)
    oled_uwTick                              0x20000964   Data           4  oled.o(.bss.oled_uwTick)
    uart_recNum                              0x20000968   Data           4  usart.o(.bss.uart_recNum)
    ucBuffer1                                0x2000096c   Data          64  usart.o(.bss.ucBuffer1)
    ucBuffer6                                0x200009ac   Data          64  usart.o(.bss.ucBuffer6)
    ucBuffer_len                             0x200009ec   Data           4  usart.o(.bss.ucBuffer_len)
    ucCANTrans                               0x200009f0   Data          20  mks42d.o(.bss.ucCANTrans)
    ucRecei1                                 0x20000a04   Data          64  usart.o(.bss.ucRecei1)
    ucRecei6                                 0x20000a44   Data          64  usart.o(.bss.ucRecei6)
    uwTick                                   0x20000a84   Data           4  stm32f4xx_hal.o(.bss.uwTick)



==============================================================================

Memory Map of the image

  Image Entry point : 0x08000189

  Load Region LR_IROM1 (Base: 0x08000000, Size: 0x00008470, Max: 0x00100000, ABSOLUTE)

    Execution Region ER_IROM1 (Exec base: 0x08000000, Load base: 0x08000000, Size: 0x00008388, Max: 0x00100000, ABSOLUTE)

    Exec Addr    Load Addr    Size         Type   Attr      Idx    E Section Name        Object

    0x08000000   0x08000000   0x00000188   Data   RO            3    RESET               startup_stm32f407xx.o
    0x08000188   0x08000188   0x00000008   Code   RO         1472  * !!!main             c_w.l(__main.o)
    0x08000190   0x08000190   0x0000005c   Code   RO         1748    !!!scatter          c_w.l(__scatter.o)
    0x080001ec   0x080001ec   0x0000001a   Code   RO         1752    !!handler_copy      c_w.l(__scatter_copy.o)
    0x08000206   0x08000206   0x00000002   PAD
    0x08000208   0x08000208   0x00000002   Code   RO         1749    !!handler_null      c_w.l(__scatter.o)
    0x0800020a   0x0800020a   0x00000002   PAD
    0x0800020c   0x0800020c   0x0000001c   Code   RO         1754    !!handler_zi        c_w.l(__scatter_zi.o)
    0x08000228   0x08000228   0x00000000   Code   RO         1461    .ARM.Collect$$_printf_percent$$00000000  c_w.l(_printf_percent.o)
    0x08000228   0x08000228   0x00000006   Code   RO         1460    .ARM.Collect$$_printf_percent$$00000003  c_w.l(_printf_f.o)
    0x0800022e   0x0800022e   0x00000006   Code   RO         1459    .ARM.Collect$$_printf_percent$$00000009  c_w.l(_printf_d.o)
    0x08000234   0x08000234   0x00000004   Code   RO         1509    .ARM.Collect$$_printf_percent$$00000017  c_w.l(_printf_percent_end.o)
    0x08000238   0x08000238   0x00000002   Code   RO         1611    .ARM.Collect$$libinit$$00000000  c_w.l(libinit.o)
    0x0800023a   0x0800023a   0x00000004   Code   RO         1612    .ARM.Collect$$libinit$$00000001  c_w.l(libinit2.o)
    0x0800023e   0x0800023e   0x00000000   Code   RO         1615    .ARM.Collect$$libinit$$00000004  c_w.l(libinit2.o)
    0x0800023e   0x0800023e   0x00000000   Code   RO         1617    .ARM.Collect$$libinit$$00000006  c_w.l(libinit2.o)
    0x0800023e   0x0800023e   0x00000000   Code   RO         1620    .ARM.Collect$$libinit$$0000000C  c_w.l(libinit2.o)
    0x0800023e   0x0800023e   0x00000000   Code   RO         1622    .ARM.Collect$$libinit$$0000000E  c_w.l(libinit2.o)
    0x0800023e   0x0800023e   0x00000000   Code   RO         1624    .ARM.Collect$$libinit$$00000010  c_w.l(libinit2.o)
    0x0800023e   0x0800023e   0x00000006   Code   RO         1625    .ARM.Collect$$libinit$$00000011  c_w.l(libinit2.o)
    0x08000244   0x08000244   0x00000000   Code   RO         1627    .ARM.Collect$$libinit$$00000013  c_w.l(libinit2.o)
    0x08000244   0x08000244   0x00000000   Code   RO         1629    .ARM.Collect$$libinit$$00000015  c_w.l(libinit2.o)
    0x08000244   0x08000244   0x00000000   Code   RO         1631    .ARM.Collect$$libinit$$00000017  c_w.l(libinit2.o)
    0x08000244   0x08000244   0x0000000a   Code   RO         1632    .ARM.Collect$$libinit$$00000018  c_w.l(libinit2.o)
    0x0800024e   0x0800024e   0x00000000   Code   RO         1633    .ARM.Collect$$libinit$$00000019  c_w.l(libinit2.o)
    0x0800024e   0x0800024e   0x00000000   Code   RO         1635    .ARM.Collect$$libinit$$0000001B  c_w.l(libinit2.o)
    0x0800024e   0x0800024e   0x00000000   Code   RO         1637    .ARM.Collect$$libinit$$0000001D  c_w.l(libinit2.o)
    0x0800024e   0x0800024e   0x00000000   Code   RO         1639    .ARM.Collect$$libinit$$0000001F  c_w.l(libinit2.o)
    0x0800024e   0x0800024e   0x00000000   Code   RO         1641    .ARM.Collect$$libinit$$00000021  c_w.l(libinit2.o)
    0x0800024e   0x0800024e   0x00000000   Code   RO         1643    .ARM.Collect$$libinit$$00000023  c_w.l(libinit2.o)
    0x0800024e   0x0800024e   0x00000000   Code   RO         1645    .ARM.Collect$$libinit$$00000025  c_w.l(libinit2.o)
    0x0800024e   0x0800024e   0x00000000   Code   RO         1647    .ARM.Collect$$libinit$$00000027  c_w.l(libinit2.o)
    0x0800024e   0x0800024e   0x00000000   Code   RO         1651    .ARM.Collect$$libinit$$0000002E  c_w.l(libinit2.o)
    0x0800024e   0x0800024e   0x00000000   Code   RO         1653    .ARM.Collect$$libinit$$00000030  c_w.l(libinit2.o)
    0x0800024e   0x0800024e   0x00000000   Code   RO         1655    .ARM.Collect$$libinit$$00000032  c_w.l(libinit2.o)
    0x0800024e   0x0800024e   0x00000000   Code   RO         1657    .ARM.Collect$$libinit$$00000034  c_w.l(libinit2.o)
    0x0800024e   0x0800024e   0x00000002   Code   RO         1658    .ARM.Collect$$libinit$$00000035  c_w.l(libinit2.o)
    0x08000250   0x08000250   0x00000002   Code   RO         1713    .ARM.Collect$$libshutdown$$00000000  c_w.l(libshutdown.o)
    0x08000252   0x08000252   0x00000000   Code   RO         1731    .ARM.Collect$$libshutdown$$00000002  c_w.l(libshutdown2.o)
    0x08000252   0x08000252   0x00000000   Code   RO         1733    .ARM.Collect$$libshutdown$$00000004  c_w.l(libshutdown2.o)
    0x08000252   0x08000252   0x00000000   Code   RO         1736    .ARM.Collect$$libshutdown$$00000007  c_w.l(libshutdown2.o)
    0x08000252   0x08000252   0x00000000   Code   RO         1739    .ARM.Collect$$libshutdown$$0000000A  c_w.l(libshutdown2.o)
    0x08000252   0x08000252   0x00000000   Code   RO         1741    .ARM.Collect$$libshutdown$$0000000C  c_w.l(libshutdown2.o)
    0x08000252   0x08000252   0x00000000   Code   RO         1744    .ARM.Collect$$libshutdown$$0000000F  c_w.l(libshutdown2.o)
    0x08000252   0x08000252   0x00000002   Code   RO         1745    .ARM.Collect$$libshutdown$$00000010  c_w.l(libshutdown2.o)
    0x08000254   0x08000254   0x00000000   Code   RO         1494    .ARM.Collect$$rtentry$$00000000  c_w.l(__rtentry.o)
    0x08000254   0x08000254   0x00000000   Code   RO         1528    .ARM.Collect$$rtentry$$00000002  c_w.l(__rtentry2.o)
    0x08000254   0x08000254   0x00000006   Code   RO         1540    .ARM.Collect$$rtentry$$00000004  c_w.l(__rtentry4.o)
    0x0800025a   0x0800025a   0x00000000   Code   RO         1530    .ARM.Collect$$rtentry$$00000009  c_w.l(__rtentry2.o)
    0x0800025a   0x0800025a   0x00000004   Code   RO         1531    .ARM.Collect$$rtentry$$0000000A  c_w.l(__rtentry2.o)
    0x0800025e   0x0800025e   0x00000000   Code   RO         1533    .ARM.Collect$$rtentry$$0000000C  c_w.l(__rtentry2.o)
    0x0800025e   0x0800025e   0x00000008   Code   RO         1534    .ARM.Collect$$rtentry$$0000000D  c_w.l(__rtentry2.o)
    0x08000266   0x08000266   0x00000002   Code   RO         1659    .ARM.Collect$$rtexit$$00000000  c_w.l(rtexit.o)
    0x08000268   0x08000268   0x00000000   Code   RO         1678    .ARM.Collect$$rtexit$$00000002  c_w.l(rtexit2.o)
    0x08000268   0x08000268   0x00000004   Code   RO         1679    .ARM.Collect$$rtexit$$00000003  c_w.l(rtexit2.o)
    0x0800026c   0x0800026c   0x00000006   Code   RO         1680    .ARM.Collect$$rtexit$$00000004  c_w.l(rtexit2.o)
    0x08000272   0x08000272   0x00000002   PAD
    0x08000274   0x08000274   0x00000040   Code   RO            4    .text               startup_stm32f407xx.o
    0x080002b4   0x080002b4   0x000000f0   Code   RO         1429    .text               c_w.l(lludivv7m.o)
    0x080003a4   0x080003a4   0x00000028   Code   RO         1433    .text               c_w.l(noretval__2sprintf.o)
    0x080003cc   0x080003cc   0x00000078   Code   RO         1437    .text               c_w.l(_printf_dec.o)
    0x08000444   0x08000444   0x0000010e   Code   RO         1447    .text               c_w.l(__printf_wp.o)
    0x08000552   0x08000552   0x0000003e   Code   RO         1462    .text               c_w.l(strlen.o)
    0x08000590   0x08000590   0x0000008a   Code   RO         1464    .text               c_w.l(rt_memcpy_v6.o)
    0x0800061a   0x0800061a   0x00000044   Code   RO         1466    .text               c_w.l(rt_memclr.o)
    0x0800065e   0x0800065e   0x0000004e   Code   RO         1468    .text               c_w.l(rt_memclr_w.o)
    0x080006ac   0x080006ac   0x00000006   Code   RO         1470    .text               c_w.l(heapauxi.o)
    0x080006b2   0x080006b2   0x000000b2   Code   RO         1499    .text               c_w.l(_printf_intcommon.o)
    0x08000764   0x08000764   0x0000041c   Code   RO         1501    .text               c_w.l(_printf_fp_dec.o)
    0x08000b80   0x08000b80   0x00000030   Code   RO         1505    .text               c_w.l(_printf_char_common.o)
    0x08000bb0   0x08000bb0   0x0000000a   Code   RO         1507    .text               c_w.l(_sputc.o)
    0x08000bba   0x08000bba   0x00000064   Code   RO         1510    .text               c_w.l(rt_memcpy_w.o)
    0x08000c1e   0x08000c1e   0x00000002   PAD
    0x08000c20   0x08000c20   0x00000008   Code   RO         1547    .text               c_w.l(rt_locale_intlibspace.o)
    0x08000c28   0x08000c28   0x0000008a   Code   RO         1549    .text               c_w.l(lludiv10.o)
    0x08000cb2   0x08000cb2   0x00000002   PAD
    0x08000cb4   0x08000cb4   0x00000080   Code   RO         1551    .text               c_w.l(_printf_fp_infnan.o)
    0x08000d34   0x08000d34   0x000000e4   Code   RO         1555    .text               c_w.l(bigflt0.o)
    0x08000e18   0x08000e18   0x00000008   Code   RO         1591    .text               c_w.l(libspace.o)
    0x08000e20   0x08000e20   0x0000004a   Code   RO         1594    .text               c_w.l(sys_stackheap_outer.o)
    0x08000e6a   0x08000e6a   0x00000012   Code   RO         1598    .text               c_w.l(exit.o)
    0x08000e7c   0x08000e7c   0x00000004   PAD
    0x08000e80   0x08000e80   0x0000007c   Code   RO         1604    .text               c_w.l(strcmpv7em.o)
    0x08000efc   0x08000efc   0x0000000c   Code   RO         1673    .text               c_w.l(sys_exit.o)
    0x08000f08   0x08000f08   0x00000002   Code   RO         1700    .text               c_w.l(use_no_semi.o)
    0x08000f0a   0x08000f0a   0x00000000   Code   RO         1702    .text               c_w.l(indicate_semi.o)
    0x08000f0a   0x08000f0a   0x00000002   PAD
    0x08000f0c   0x08000f0c   0x00000002   Code   RO           17    .text.BusFault_Handler  stm32f4xx_it.o
    0x08000f0e   0x08000f0e   0x00000002   PAD
    0x08000f10   0x08000f10   0x0000006c   Code   RO          353    .text.CAN2_Init     can.o
    0x08000f7c   0x08000f7c   0x0000000c   Code   RO           57    .text.CAN2_RX0_IRQHandler  stm32f4xx_it.o
    0x08000f88   0x08000f88   0x0000000c   Code   RO           59    .text.CAN2_RX1_IRQHandler  stm32f4xx_it.o
    0x08000f94   0x08000f94   0x0000000c   Code   RO           61    .text.CAN2_SCE_IRQHandler  stm32f4xx_it.o
    0x08000fa0   0x08000fa0   0x0000000c   Code   RO           55    .text.CAN2_TX_IRQHandler  stm32f4xx_it.o
    0x08000fac   0x08000fac   0x0000000c   Code   RO           45    .text.DMA2_Stream1_IRQHandler  stm32f4xx_it.o
    0x08000fb8   0x08000fb8   0x0000000c   Code   RO           47    .text.DMA2_Stream2_IRQHandler  stm32f4xx_it.o
    0x08000fc4   0x08000fc4   0x0000000c   Code   RO           49    .text.DMA2_Stream6_IRQHandler  stm32f4xx_it.o
    0x08000fd0   0x08000fd0   0x0000000c   Code   RO           51    .text.DMA2_Stream7_IRQHandler  stm32f4xx_it.o
    0x08000fdc   0x08000fdc   0x00000068   Code   RO          228    .text.DMA_Init      dma.o
    0x08001044   0x08001044   0x00000002   Code   RO           23    .text.DebugMon_Handler  stm32f4xx_it.o
    0x08001046   0x08001046   0x00000002   PAD
    0x08001048   0x08001048   0x00000006   Code   RO          256    .text.Error_Handler  rcc.o
    0x0800104e   0x0800104e   0x00000002   PAD
    0x08001050   0x08001050   0x000000fc   Code   RO          241    .text.GPIO_Init     gpio.o
    0x0800114c   0x0800114c   0x0000002e   Code   RO         1382    .text.HAL_CAN_ActivateNotification  stm32f4xx_hal_can.o
    0x0800117a   0x0800117a   0x00000002   PAD
    0x0800117c   0x0800117c   0x000000a4   Code   RO         1368    .text.HAL_CAN_AddTxMessage  stm32f4xx_hal_can.o
    0x08001220   0x08001220   0x000000de   Code   RO         1358    .text.HAL_CAN_ConfigFilter  stm32f4xx_hal_can.o
    0x080012fe   0x080012fe   0x00000002   PAD
    0x08001300   0x08001300   0x00000002   Code   RO         1412    .text.HAL_CAN_ErrorCallback  stm32f4xx_hal_can.o
    0x08001302   0x08001302   0x00000002   PAD
    0x08001304   0x08001304   0x0000012e   Code   RO         1378    .text.HAL_CAN_GetRxMessage  stm32f4xx_hal_can.o
    0x08001432   0x08001432   0x00000002   PAD
    0x08001434   0x08001434   0x0000025e   Code   RO         1386    .text.HAL_CAN_IRQHandler  stm32f4xx_hal_can.o
    0x08001692   0x08001692   0x00000002   PAD
    0x08001694   0x08001694   0x000000f4   Code   RO         1348    .text.HAL_CAN_Init  stm32f4xx_hal_can.o
    0x08001788   0x08001788   0x000000ce   Code   RO          355    .text.HAL_CAN_MspInit  can.o
    0x08001856   0x08001856   0x00000002   PAD
    0x08001858   0x08001858   0x00000002   Code   RO         1400    .text.HAL_CAN_RxFifo0FullCallback  stm32f4xx_hal_can.o
    0x0800185a   0x0800185a   0x00000002   PAD
    0x0800185c   0x0800185c   0x0000009a   Code   RO          135    .text.HAL_CAN_RxFifo0MsgPendingCallback  it.o
    0x080018f6   0x080018f6   0x00000002   PAD
    0x080018f8   0x080018f8   0x00000002   Code   RO         1404    .text.HAL_CAN_RxFifo1FullCallback  stm32f4xx_hal_can.o
    0x080018fa   0x080018fa   0x00000002   PAD
    0x080018fc   0x080018fc   0x00000002   Code   RO         1406    .text.HAL_CAN_RxFifo1MsgPendingCallback  stm32f4xx_hal_can.o
    0x080018fe   0x080018fe   0x00000002   PAD
    0x08001900   0x08001900   0x00000002   Code   RO         1408    .text.HAL_CAN_SleepCallback  stm32f4xx_hal_can.o
    0x08001902   0x08001902   0x00000002   PAD
    0x08001904   0x08001904   0x0000005a   Code   RO         1360    .text.HAL_CAN_Start  stm32f4xx_hal_can.o
    0x0800195e   0x0800195e   0x00000002   PAD
    0x08001960   0x08001960   0x00000002   Code   RO         1390    .text.HAL_CAN_TxMailbox0AbortCallback  stm32f4xx_hal_can.o
    0x08001962   0x08001962   0x00000002   PAD
    0x08001964   0x08001964   0x00000002   Code   RO         1388    .text.HAL_CAN_TxMailbox0CompleteCallback  stm32f4xx_hal_can.o
    0x08001966   0x08001966   0x00000002   PAD
    0x08001968   0x08001968   0x00000002   Code   RO         1394    .text.HAL_CAN_TxMailbox1AbortCallback  stm32f4xx_hal_can.o
    0x0800196a   0x0800196a   0x00000002   PAD
    0x0800196c   0x0800196c   0x00000002   Code   RO         1392    .text.HAL_CAN_TxMailbox1CompleteCallback  stm32f4xx_hal_can.o
    0x0800196e   0x0800196e   0x00000002   PAD
    0x08001970   0x08001970   0x00000002   Code   RO         1398    .text.HAL_CAN_TxMailbox2AbortCallback  stm32f4xx_hal_can.o
    0x08001972   0x08001972   0x00000002   PAD
    0x08001974   0x08001974   0x00000002   Code   RO         1396    .text.HAL_CAN_TxMailbox2CompleteCallback  stm32f4xx_hal_can.o
    0x08001976   0x08001976   0x00000002   PAD
    0x08001978   0x08001978   0x00000002   Code   RO         1410    .text.HAL_CAN_WakeUpFromRxMsgCallback  stm32f4xx_hal_can.o
    0x0800197a   0x0800197a   0x00000002   PAD
    0x0800197c   0x0800197c   0x0000008e   Code   RO          858    .text.HAL_DMA_Abort  stm32f4xx_hal_dma.o
    0x08001a0a   0x08001a0a   0x00000002   PAD
    0x08001a0c   0x08001a0c   0x00000024   Code   RO          860    .text.HAL_DMA_Abort_IT  stm32f4xx_hal_dma.o
    0x08001a30   0x08001a30   0x000001c4   Code   RO          864    .text.HAL_DMA_IRQHandler  stm32f4xx_hal_dma.o
    0x08001bf4   0x08001bf4   0x00000162   Code   RO          850    .text.HAL_DMA_Init  stm32f4xx_hal_dma.o
    0x08001d56   0x08001d56   0x00000002   PAD
    0x08001d58   0x08001d58   0x000000a2   Code   RO          856    .text.HAL_DMA_Start_IT  stm32f4xx_hal_dma.o
    0x08001dfa   0x08001dfa   0x00000002   PAD
    0x08001dfc   0x08001dfc   0x00000028   Code   RO         1017    .text.HAL_Delay     stm32f4xx_hal.o
    0x08001e24   0x08001e24   0x0000019e   Code   RO          812    .text.HAL_GPIO_Init  stm32f4xx_hal_gpio.o
    0x08001fc2   0x08001fc2   0x00000002   PAD
    0x08001fc4   0x08001fc4   0x0000000a   Code   RO          816    .text.HAL_GPIO_ReadPin  stm32f4xx_hal_gpio.o
    0x08001fce   0x08001fce   0x00000002   PAD
    0x08001fd0   0x08001fd0   0x0000000a   Code   RO          818    .text.HAL_GPIO_WritePin  stm32f4xx_hal_gpio.o
    0x08001fda   0x08001fda   0x00000002   PAD
    0x08001fdc   0x08001fdc   0x0000000c   Code   RO         1009    .text.HAL_GetTick   stm32f4xx_hal.o
    0x08001fe8   0x08001fe8   0x00000164   Code   RO         1209    .text.HAL_I2C_Init  stm32f4xx_hal_i2c.o
    0x0800214c   0x0800214c   0x0000015c   Code   RO         1253    .text.HAL_I2C_Mem_Write  stm32f4xx_hal_i2c.o
    0x080022a8   0x080022a8   0x00000074   Code   RO          340    .text.HAL_I2C_MspInit  i2c.o
    0x0800231c   0x0800231c   0x0000001a   Code   RO         1007    .text.HAL_IncTick   stm32f4xx_hal.o
    0x08002336   0x08002336   0x00000002   PAD
    0x08002338   0x08002338   0x00000036   Code   RO          997    .text.HAL_Init      stm32f4xx_hal.o
    0x0800236e   0x0800236e   0x00000002   PAD
    0x08002370   0x08002370   0x00000048   Code   RO          999    .text.HAL_InitTick  stm32f4xx_hal.o
    0x080023b8   0x080023b8   0x00000038   Code   RO           79    .text.HAL_MspInit   stm32f4xx_hal_msp.o
    0x080023f0   0x080023f0   0x00000022   Code   RO          949    .text.HAL_NVIC_EnableIRQ  stm32f4xx_hal_cortex.o
    0x08002412   0x08002412   0x00000002   PAD
    0x08002414   0x08002414   0x00000056   Code   RO          947    .text.HAL_NVIC_SetPriority  stm32f4xx_hal_cortex.o
    0x0800246a   0x0800246a   0x00000002   PAD
    0x0800246c   0x0800246c   0x00000020   Code   RO          945    .text.HAL_NVIC_SetPriorityGrouping  stm32f4xx_hal_cortex.o
    0x0800248c   0x0800248c   0x00000164   Code   RO          706    .text.HAL_RCC_ClockConfig  stm32f4xx_hal_rcc.o
    0x080025f0   0x080025f0   0x00000026   Code   RO          718    .text.HAL_RCC_GetPCLK1Freq  stm32f4xx_hal_rcc.o
    0x08002616   0x08002616   0x00000002   PAD
    0x08002618   0x08002618   0x00000026   Code   RO          720    .text.HAL_RCC_GetPCLK2Freq  stm32f4xx_hal_rcc.o
    0x0800263e   0x0800263e   0x00000002   PAD
    0x08002640   0x08002640   0x0000006a   Code   RO          708    .text.HAL_RCC_GetSysClockFreq  stm32f4xx_hal_rcc.o
    0x080026aa   0x080026aa   0x00000002   PAD
    0x080026ac   0x080026ac   0x000003ac   Code   RO          704    .text.HAL_RCC_OscConfig  stm32f4xx_hal_rcc.o
    0x08002a58   0x08002a58   0x0000002c   Code   RO          957    .text.HAL_SYSTICK_Config  stm32f4xx_hal_cortex.o
    0x08002a84   0x08002a84   0x00000002   Code   RO          688    .text.HAL_TIMEx_BreakCallback  stm32f4xx_hal_tim_ex.o
    0x08002a86   0x08002a86   0x00000002   PAD
    0x08002a88   0x08002a88   0x00000002   Code   RO          684    .text.HAL_TIMEx_CommutCallback  stm32f4xx_hal_tim_ex.o
    0x08002a8a   0x08002a8a   0x00000002   PAD
    0x08002a8c   0x08002a8c   0x0000004c   Code   RO          680    .text.HAL_TIMEx_ConfigBreakDeadTime  stm32f4xx_hal_tim_ex.o
    0x08002ad8   0x08002ad8   0x000000ba   Code   RO          678    .text.HAL_TIMEx_MasterConfigSynchronization  stm32f4xx_hal_tim_ex.o
    0x08002b92   0x08002b92   0x00000002   PAD
    0x08002b94   0x08002b94   0x0000005a   Code   RO          383    .text.HAL_TIM_Base_Init  stm32f4xx_hal_tim.o
    0x08002bee   0x08002bee   0x00000002   PAD
    0x08002bf0   0x08002bf0   0x00000048   Code   RO          277    .text.HAL_TIM_Base_MspInit  tim.o
    0x08002c38   0x08002c38   0x000000aa   Code   RO          397    .text.HAL_TIM_Base_Start_IT  stm32f4xx_hal_tim.o
    0x08002ce2   0x08002ce2   0x00000002   PAD
    0x08002ce4   0x08002ce4   0x00000002   Code   RO          519    .text.HAL_TIM_IC_CaptureCallback  stm32f4xx_hal_tim.o
    0x08002ce6   0x08002ce6   0x00000002   PAD
    0x08002ce8   0x08002ce8   0x0000014e   Code   RO          517    .text.HAL_TIM_IRQHandler  stm32f4xx_hal_tim.o
    0x08002e36   0x08002e36   0x00000002   PAD
    0x08002e38   0x08002e38   0x000000d2   Code   RO          269    .text.HAL_TIM_MspPostInit  tim.o
    0x08002f0a   0x08002f0a   0x00000002   PAD
    0x08002f0c   0x08002f0c   0x00000002   Code   RO          521    .text.HAL_TIM_OC_DelayElapsedCallback  stm32f4xx_hal_tim.o
    0x08002f0e   0x08002f0e   0x00000002   PAD
    0x08002f10   0x08002f10   0x00000220   Code   RO          537    .text.HAL_TIM_PWM_ConfigChannel  stm32f4xx_hal_tim.o
    0x08003130   0x08003130   0x0000005a   Code   RO          437    .text.HAL_TIM_PWM_Init  stm32f4xx_hal_tim.o
    0x0800318a   0x0800318a   0x00000002   PAD
    0x0800318c   0x0800318c   0x000000a4   Code   RO          273    .text.HAL_TIM_PWM_MspInit  tim.o
    0x08003230   0x08003230   0x00000002   Code   RO          523    .text.HAL_TIM_PWM_PulseFinishedCallback  stm32f4xx_hal_tim.o
    0x08003232   0x08003232   0x00000002   PAD
    0x08003234   0x08003234   0x0000010e   Code   RO          445    .text.HAL_TIM_PWM_Start  stm32f4xx_hal_tim.o
    0x08003342   0x08003342   0x00000002   PAD
    0x08003344   0x08003344   0x0000006c   Code   RO          131    .text.HAL_TIM_PeriodElapsedCallback  it.o
    0x080033b0   0x080033b0   0x00000002   Code   RO          527    .text.HAL_TIM_TriggerCallback  stm32f4xx_hal_tim.o
    0x080033b2   0x080033b2   0x00000002   PAD
    0x080033b4   0x080033b4   0x000001ee   Code   RO         1135    .text.HAL_UARTEx_ReceiveToIdle_DMA  stm32f4xx_hal_uart.o
    0x080035a2   0x080035a2   0x00000002   PAD
    0x080035a4   0x080035a4   0x000000fe   Code   RO          133    .text.HAL_UARTEx_RxEventCallback  it.o
    0x080036a2   0x080036a2   0x00000002   PAD
    0x080036a4   0x080036a4   0x0000021c   Code   RO         1129    .text.HAL_UART_DMAStop  stm32f4xx_hal_uart.o
    0x080038c0   0x080038c0   0x0000016a   Code   RO          137    .text.HAL_UART_ErrorCallback  it.o
    0x08003a2a   0x08003a2a   0x00000002   PAD
    0x08003a2c   0x08003a2c   0x00000594   Code   RO         1165    .text.HAL_UART_IRQHandler  stm32f4xx_hal_uart.o
    0x08003fc0   0x08003fc0   0x00000060   Code   RO         1087    .text.HAL_UART_Init  stm32f4xx_hal_uart.o
    0x08004020   0x08004020   0x00000216   Code   RO          299    .text.HAL_UART_MspInit  usart.o
    0x08004236   0x08004236   0x00000002   PAD
    0x08004238   0x08004238   0x00000002   Code   RO         1179    .text.HAL_UART_RxCpltCallback  stm32f4xx_hal_uart.o
    0x0800423a   0x0800423a   0x00000002   PAD
    0x0800423c   0x0800423c   0x00000002   Code   RO         1181    .text.HAL_UART_RxHalfCpltCallback  stm32f4xx_hal_uart.o
    0x0800423e   0x0800423e   0x00000002   PAD
    0x08004240   0x08004240   0x00000192   Code   RO         1103    .text.HAL_UART_Transmit  stm32f4xx_hal_uart.o
    0x080043d2   0x080043d2   0x00000002   PAD
    0x080043d4   0x080043d4   0x00000002   Code   RO         1175    .text.HAL_UART_TxCpltCallback  stm32f4xx_hal_uart.o
    0x080043d6   0x080043d6   0x00000002   PAD
    0x080043d8   0x080043d8   0x00000002   Code   RO           13    .text.HardFault_Handler  stm32f4xx_it.o
    0x080043da   0x080043da   0x00000002   PAD
    0x080043dc   0x080043dc   0x00000042   Code   RO          338    .text.I2C2_Init     i2c.o
    0x0800441e   0x0800441e   0x00000002   PAD
    0x08004420   0x08004420   0x000000c8   Code   RO         1255    .text.I2C_RequestMemoryWrite  stm32f4xx_hal_i2c.o
    0x080044e8   0x080044e8   0x000000ba   Code   RO         1223    .text.I2C_WaitOnBTFFlagUntilTimeout  stm32f4xx_hal_i2c.o
    0x080045a2   0x080045a2   0x00000002   PAD
    0x080045a4   0x080045a4   0x000001ca   Code   RO         1219    .text.I2C_WaitOnFlagUntilTimeout  stm32f4xx_hal_i2c.o
    0x0800476e   0x0800476e   0x00000002   PAD
    0x08004770   0x08004770   0x000000d6   Code   RO         1337    .text.I2C_WaitOnMasterAddressFlagUntilTimeout  stm32f4xx_hal_i2c.o
    0x08004846   0x08004846   0x00000002   PAD
    0x08004848   0x08004848   0x000000ba   Code   RO         1221    .text.I2C_WaitOnTXEFlagUntilTimeout  stm32f4xx_hal_i2c.o
    0x08004902   0x08004902   0x00000002   PAD
    0x08004904   0x08004904   0x0000012c   Code   RO          106    .text.InitAll       init.o
    0x08004a30   0x08004a30   0x00000058   Code   RO          327    .text.Key_Proc      key.o
    0x08004a88   0x08004a88   0x0000005c   Code   RO          118    .text.MKS42D_Proc   mks42d.o
    0x08004ae4   0x08004ae4   0x00000002   Code   RO           15    .text.MemManage_Handler  stm32f4xx_it.o
    0x08004ae6   0x08004ae6   0x00000002   PAD
    0x08004ae8   0x08004ae8   0x00000090   Code   RO          114    .text.MoveMKS42D    mks42d.o
    0x08004b78   0x08004b78   0x00000002   Code   RO           11    .text.NMI_Handler   stm32f4xx_it.o
    0x08004b7a   0x08004b7a   0x00000002   PAD
    0x08004b7c   0x08004b7c   0x000000a8   Code   RO          172    .text.OLED_CLS      oled.o
    0x08004c24   0x08004c24   0x000002c0   Code   RO          174    .text.OLED_Init     oled.o
    0x08004ee4   0x08004ee4   0x000000b6   Code   RO          176    .text.OLED_RefreshRAM  oled.o
    0x08004f9a   0x08004f9a   0x00000002   PAD
    0x08004f9c   0x08004f9c   0x0000084a   Code   RO          190    .text.OLED_ShowStr  oled.o
    0x080057e6   0x080057e6   0x00000002   PAD
    0x080057e8   0x080057e8   0x000001cc   Code   RO          194    .text.OLED_proc     oled.o
    0x080059b4   0x080059b4   0x00000002   Code   RO           25    .text.PendSV_Handler  stm32f4xx_it.o
    0x080059b6   0x080059b6   0x00000002   PAD
    0x080059b8   0x080059b8   0x0000003c   Code   RO          237    .text.RMIO_Init     gpio.o
    0x080059f4   0x080059f4   0x00000004   PAD
    0x080059f8   0x080059f8   0x00000128   Code   RO          217    .text.RunServo      servo.o
    0x08005b20   0x08005b20   0x00000002   Code   RO           21    .text.SVC_Handler   stm32f4xx_it.o
    0x08005b22   0x08005b22   0x00000002   PAD
    0x08005b24   0x08005b24   0x000001a8   Code   RO          148    .text.Serial_proc   serial.o
    0x08005ccc   0x08005ccc   0x0000002c   Code   RO          211    .text.Servo_Init    servo.o
    0x08005cf8   0x08005cf8   0x00000038   Code   RO          213    .text.Set_Servo180Angle  servo.o
    0x08005d30   0x08005d30   0x00000032   Code   RO          215    .text.Set_Servo360Speed  servo.o
    0x08005d62   0x08005d62   0x00000002   PAD
    0x08005d64   0x08005d64   0x00000004   Code   RO           27    .text.SysTick_Handler  stm32f4xx_it.o
    0x08005d68   0x08005d68   0x000000ac   Code   RO          254    .text.SystemClock_Config  rcc.o
    0x08005e14   0x08005e14   0x00000012   Code   RO          368    .text.SystemInit    system_stm32f4xx.o
    0x08005e26   0x08005e26   0x00000002   PAD
    0x08005e28   0x08005e28   0x0000000c   Code   RO           29    .text.TIM1_BRK_TIM9_IRQHandler  stm32f4xx_it.o
    0x08005e34   0x08005e34   0x00000118   Code   RO          267    .text.TIM1_Init     tim.o
    0x08005f4c   0x08005f4c   0x0000000c   Code   RO           33    .text.TIM1_TRG_COM_TIM11_IRQHandler  stm32f4xx_it.o
    0x08005f58   0x08005f58   0x0000000c   Code   RO           31    .text.TIM1_UP_TIM10_IRQHandler  stm32f4xx_it.o
    0x08005f64   0x08005f64   0x0000000c   Code   RO           43    .text.TIM6_DAC_IRQHandler  stm32f4xx_it.o
    0x08005f70   0x08005f70   0x00000050   Code   RO          265    .text.TIM6_Init     tim.o
    0x08005fc0   0x08005fc0   0x0000000c   Code   RO           37    .text.TIM8_BRK_TIM12_IRQHandler  stm32f4xx_it.o
    0x08005fcc   0x08005fcc   0x00000104   Code   RO          271    .text.TIM8_Init     tim.o
    0x080060d0   0x080060d0   0x0000000c   Code   RO           41    .text.TIM8_TRG_COM_TIM14_IRQHandler  stm32f4xx_it.o
    0x080060dc   0x080060dc   0x0000000c   Code   RO           39    .text.TIM8_UP_TIM13_IRQHandler  stm32f4xx_it.o
    0x080060e8   0x080060e8   0x0000013a   Code   RO          387    .text.TIM_Base_SetConfig  stm32f4xx_hal_tim.o
    0x08006222   0x08006222   0x00000002   PAD
    0x08006224   0x08006224   0x0000000a   Code   RO         1169    .text.UART_DMAAbortOnError  stm32f4xx_hal_uart.o
    0x0800622e   0x0800622e   0x00000002   PAD
    0x08006230   0x08006230   0x0000017c   Code   RO         1119    .text.UART_DMAError  stm32f4xx_hal_uart.o
    0x080063ac   0x080063ac   0x0000015e   Code   RO         1197    .text.UART_DMAReceiveCplt  stm32f4xx_hal_uart.o
    0x0800650a   0x0800650a   0x00000002   PAD
    0x0800650c   0x0800650c   0x00000018   Code   RO         1199    .text.UART_DMARxHalfCplt  stm32f4xx_hal_uart.o
    0x08006524   0x08006524   0x000000fe   Code   RO         1167    .text.UART_Receive_IT  stm32f4xx_hal_uart.o
    0x08006622   0x08006622   0x00000002   PAD
    0x08006624   0x08006624   0x000000e6   Code   RO         1091    .text.UART_SetConfig  stm32f4xx_hal_uart.o
    0x0800670a   0x0800670a   0x00000002   PAD
    0x0800670c   0x0800670c   0x0000000c   Code   RO           35    .text.USART1_IRQHandler  stm32f4xx_it.o
    0x08006718   0x08006718   0x0000003c   Code   RO          295    .text.USART1_UART_Init  usart.o
    0x08006754   0x08006754   0x0000000c   Code   RO           53    .text.USART6_IRQHandler  stm32f4xx_it.o
    0x08006760   0x08006760   0x0000003c   Code   RO          297    .text.USART6_UART_Init  usart.o
    0x0800679c   0x0800679c   0x00000002   Code   RO           19    .text.UsageFault_Handler  stm32f4xx_it.o
    0x0800679e   0x0800679e   0x00000002   PAD
    0x080067a0   0x080067a0   0x0000001e   Code   RO           70    .text.main          main.o
    0x080067be   0x080067be   0x00000002   PAD
    0x080067c0   0x080067c0   0x00000036   Code   RO           87    .text.rmYel_Init    rmyel.o
    0x080067f6   0x080067f6   0x00000002   PAD
    0x080067f8   0x080067f8   0x00000178   Code   RO          281    .text.setPWM        tim.o
    0x08006970   0x08006970   0x0000003e   Code   RO         1558    CL$$btod_d2e        c_w.l(btod.o)
    0x080069ae   0x080069ae   0x00000046   Code   RO         1560    CL$$btod_d2e_denorm_low  c_w.l(btod.o)
    0x080069f4   0x080069f4   0x00000060   Code   RO         1559    CL$$btod_d2e_norm_op1  c_w.l(btod.o)
    0x08006a54   0x08006a54   0x00000338   Code   RO         1568    CL$$btod_div_common  c_w.l(btod.o)
    0x08006d8c   0x08006d8c   0x000000dc   Code   RO         1565    CL$$btod_e2e        c_w.l(btod.o)
    0x08006e68   0x08006e68   0x0000002a   Code   RO         1562    CL$$btod_ediv       c_w.l(btod.o)
    0x08006e92   0x08006e92   0x0000002a   Code   RO         1561    CL$$btod_emul       c_w.l(btod.o)
    0x08006ebc   0x08006ebc   0x00000244   Code   RO         1567    CL$$btod_mult_common  c_w.l(btod.o)
    0x08007100   0x08007100   0x00000030   Code   RO         1589    i.__ARM_fpclassify  m_wm.l(fpclassify.o)
    0x08007130   0x08007130   0x0000000e   Code   RO         1449    i._is_digit         c_w.l(__printf_wp.o)
    0x0800713e   0x0800713e   0x00000002   PAD
    0x08007140   0x08007140   0x0000002c   Code   RO         1583    locale$$code        c_w.l(lc_numeric_c.o)
    0x0800716c   0x0800716c   0x00000062   Code   RO         1474    x$fpl$d2f           fz_wm.l(d2f.o)
    0x080071ce   0x080071ce   0x00000002   PAD
    0x080071d0   0x080071d0   0x00000150   Code   RO         1476    x$fpl$dadd          fz_wm.l(daddsub_clz.o)
    0x08007320   0x08007320   0x00000018   Code   RO         1585    x$fpl$dcmpinf       fz_wm.l(dcmpi.o)
    0x08007338   0x08007338   0x00000078   Code   RO         1512    x$fpl$deqf          fz_wm.l(deqf.o)
    0x080073b0   0x080073b0   0x000000a2   Code   RO         1484    x$fpl$dfltll        fz_wm.l(dfltll_clz.o)
    0x08007452   0x08007452   0x00000002   PAD
    0x08007454   0x08007454   0x00000078   Code   RO         1514    x$fpl$dgeqf         fz_wm.l(dgeqf.o)
    0x080074cc   0x080074cc   0x00000078   Code   RO         1516    x$fpl$dleqf         fz_wm.l(dleqf.o)
    0x08007544   0x08007544   0x00000154   Code   RO         1488    x$fpl$dmul          fz_wm.l(dmul.o)
    0x08007698   0x08007698   0x0000009c   Code   RO         1518    x$fpl$dnaninf       fz_wm.l(dnaninf.o)
    0x08007734   0x08007734   0x0000000c   Code   RO         1520    x$fpl$dretinf       fz_wm.l(dretinf.o)
    0x08007740   0x08007740   0x000001dc   Code   RO         1478    x$fpl$dsub          fz_wm.l(daddsub_clz.o)
    0x0800791c   0x0800791c   0x00000056   Code   RO         1490    x$fpl$f2d           fz_wm.l(f2d.o)
    0x08007972   0x08007972   0x00000054   Code   RO         1482    x$fpl$fcmp          fz_wm.l(dcmp.o)
    0x080079c6   0x080079c6   0x0000008c   Code   RO         1522    x$fpl$fnaninf       fz_wm.l(fnaninf.o)
    0x08007a52   0x08007a52   0x0000001a   Code   RO         1671    x$fpl$fpinit        fz_wm.l(fpinit.o)
    0x08007a6c   0x08007a6c   0x0000000a   Code   RO         1524    x$fpl$fretinf       fz_wm.l(fretinf.o)
    0x08007a76   0x08007a76   0x00000004   Code   RO         1492    x$fpl$printf1       fz_wm.l(printf1.o)
    0x08007a7a   0x08007a7a   0x00000000   Code   RO         1526    x$fpl$usenofp       fz_wm.l(usenofp.o)
    0x08007a7a   0x08007a7a   0x00000002   PAD
    0x08007a7c   0x08007a7c   0x00000094   Data   RO         1556    .constdata          c_w.l(bigflt0.o)
    0x08007b10   0x08007b10   0x00000010   Data   RO          373    .rodata.AHBPrescTable  system_stm32f4xx.o
    0x08007b20   0x08007b20   0x00000008   Data   RO          374    .rodata.APBPrescTable  system_stm32f4xx.o
    0x08007b28   0x08007b28   0x00000228   Data   RO          200    .rodata.F6x8        oled.o
    0x08007d50   0x08007d50   0x000005f0   Data   RO          201    .rodata.F8X16       oled.o
    0x08008340   0x08008340   0x00000008   Data   RO          874    .rodata.cst8        stm32f4xx_hal_dma.o
    0x08008348   0x08008348   0x00000004   Data   RO          152    .rodata.str1.1      serial.o
    0x0800834c   0x0800834c   0x00000020   Data   RO         1747    Region$$Table       anon$$obj.o
    0x0800836c   0x0800836c   0x0000001c   Data   RO         1582    locale$$data        c_w.l(lc_numeric_c.o)


    Execution Region RW_IRAM1 (Exec base: 0x20000000, Load base: 0x08008388, Size: 0x00001088, Max: 0x0001c000, ABSOLUTE)

    Exec Addr    Load Addr    Size         Type   Attr      Idx    E Section Name        Object

    0x20000000   0x08008388   0x0000007e   Data   RW          202    .data..L_MergedGlobals  oled.o
    0x2000007e   0x08008406   0x00000004   Data   RW          286    .data..L_MergedGlobals  tim.o
    0x20000082   0x0800840a   0x00000002   PAD
    0x20000084   0x0800840c   0x00000008   Data   RW         1052    .data..L_MergedGlobals  stm32f4xx_hal.o
    0x2000008c   0x08008414   0x00000004   Data   RW          372    .data.SystemCoreClock  system_stm32f4xx.o
    0x20000090   0x08008418   0x00000015   Data   RW          197    .data.oled_line6    oled.o
    0x200000a5   0x0800842d   0x00000040   Data   RW          302    .data.ucTrans1      usart.o
    0x200000e5   0x0800846d   0x00000003   PAD
    0x200000e8        -       0x00000060   Zero   RW         1592    .bss                c_w.l(libspace.o)
    0x20000148        -       0x00000038   Zero   RW           98    .bss..L_MergedGlobals  rmyel.o
    0x20000180        -       0x00000010   Zero   RW          153    .bss..L_MergedGlobals  serial.o
    0x20000190        -       0x0000002c   Zero   RW          219    .bss..L_MergedGlobals  servo.o
    0x200001bc        -       0x0000000c   Zero   RW          329    .bss..L_MergedGlobals  key.o
    0x200001c8        -       0x00000002   Zero   RW          301    .bss.IS_UART_RECEIVED  usart.o
    0x200001ca   0x0800846d   0x00000002   PAD
    0x200001cc        -       0x00000020   Zero   RW          245    .bss.RMIOGroup      gpio.o
    0x200001ec        -       0x00000400   Zero   RW          199    .bss.ScreenBuffer   oled.o
    0x200005ec        -       0x00000004   Zero   RW          139    .bss.TIM6_Tick      it.o
    0x200005f0        -       0x00000004   Zero   RW          306    .bss.error_recNum   usart.o
    0x200005f4        -       0x00000028   Zero   RW          359    .bss.hcan2          can.o
    0x2000061c        -       0x00000060   Zero   RW          309    .bss.hdma_usart1_rx  usart.o
    0x2000067c        -       0x00000060   Zero   RW          310    .bss.hdma_usart1_tx  usart.o
    0x200006dc        -       0x00000060   Zero   RW          311    .bss.hdma_usart6_rx  usart.o
    0x2000073c        -       0x00000060   Zero   RW          312    .bss.hdma_usart6_tx  usart.o
    0x2000079c        -       0x00000054   Zero   RW          344    .bss.hi2c2          i2c.o
    0x200007f0        -       0x00000048   Zero   RW          284    .bss.htim1          tim.o
    0x20000838        -       0x00000048   Zero   RW          283    .bss.htim6          tim.o
    0x20000880        -       0x00000048   Zero   RW          285    .bss.htim8          tim.o
    0x200008c8        -       0x00000048   Zero   RW          307    .bss.huart1         usart.o
    0x20000910        -       0x00000048   Zero   RW          308    .bss.huart6         usart.o
    0x20000958        -       0x00000008   Zero   RW          122    .bss.mks42d_encoder  mks42d.o
    0x20000960        -       0x00000004   Zero   RW          121    .bss.mks42d_uwTick  mks42d.o
    0x20000964        -       0x00000004   Zero   RW          198    .bss.oled_uwTick    oled.o
    0x20000968        -       0x00000004   Zero   RW          305    .bss.uart_recNum    usart.o
    0x2000096c        -       0x00000040   Zero   RW          315    .bss.ucBuffer1      usart.o
    0x200009ac        -       0x00000040   Zero   RW          316    .bss.ucBuffer6      usart.o
    0x200009ec        -       0x00000004   Zero   RW          304    .bss.ucBuffer_len   usart.o
    0x200009f0        -       0x00000014   Zero   RW          120    .bss.ucCANTrans     mks42d.o
    0x20000a04        -       0x00000040   Zero   RW          313    .bss.ucRecei1       usart.o
    0x20000a44        -       0x00000040   Zero   RW          314    .bss.ucRecei6       usart.o
    0x20000a84        -       0x00000004   Zero   RW         1051    .bss.uwTick         stm32f4xx_hal.o
    0x20000a88        -       0x00000200   Zero   RW            2    HEAP                startup_stm32f407xx.o
    0x20000c88        -       0x00000400   Zero   RW            1    STACK               startup_stm32f407xx.o


    Execution Region RW_IRAM2 (Exec base: 0x2001c000, Load base: 0x08008470, Size: 0x00000000, Max: 0x00004000, ABSOLUTE)

    **** No section assigned to this execution region ****


==============================================================================

Image component sizes


      Code (inc. data)   RO Data    RW Data    ZI Data      Debug   Object Name

       314          0          0          0         40       6709   can.o
       104          0          0          0          0       3466   dma.o
       312          0          0          0         32       3204   gpio.o
       182          0          0          0         84       5226   i2c.o
       300          4          0          0          0       2077   init.o
       878          0          0          0          4       8771   it.o
        88          0          0          0         12       1731   key.o
        30          0          0          0          0        371   main.o
       236          0          0          0         32       3340   mks42d.o
      3636        108       2072        147       1028      16089   oled.o
       178          0          0          0          0       2766   rcc.o
        54          0          0          0         56       6252   rmyel.o
       424         12          4          0         16       6398   serial.o
       446         44          0          0         44       4945   servo.o
        64         26        392          0       1536        840   startup_stm32f407xx.o
       204          0          0          8          4       7302   stm32f4xx_hal.o
      1698          6          0          0          0      13830   stm32f4xx_hal_can.o
       196          0          0          0          0      10719   stm32f4xx_hal_cortex.o
      1146          6          8          0          0      10531   stm32f4xx_hal_dma.o
       434          0          0          0          0       5349   stm32f4xx_hal_gpio.o
      1948          0          0          0          0      44403   stm32f4xx_hal_i2c.o
        56          0          0          0          0       1447   stm32f4xx_hal_msp.o
      1478          0          0          0          0       7409   stm32f4xx_hal_rcc.o
      1820          6          0          0          0      57427   stm32f4xx_hal_tim.o
       266          0          0          0          0      21484   stm32f4xx_hal_tim_ex.o
      4214          0          0          0          0      32242   stm32f4xx_hal_uart.o
       224          0          0          0          0       8848   stm32f4xx_it.o
        18          0         24          4          0       2576   system_stm32f4xx.o
      1442         32          0          4        216      12263   tim.o
       654          0          0         64        798       7502   usart.o

    ----------------------------------------------------------------------
     23204        244       2532        232       3904     315517   Object Totals
         0          0         32          0          0          0   (incl. Generated)
       160          0          0          5          2          0   (incl. Padding)

    ----------------------------------------------------------------------

      Code (inc. data)   RO Data    RW Data    ZI Data      Debug   Library Member Name

         8          0          0          0          0         68   __main.o
       284          0          0          0          0        156   __printf_wp.o
         0          0          0          0          0          0   __rtentry.o
        12          0          0          0          0          0   __rtentry2.o
         6          0          0          0          0          0   __rtentry4.o
        94          8          0          0          0          0   __scatter.o
        26          0          0          0          0          0   __scatter_copy.o
        28          0          0          0          0          0   __scatter_zi.o
        48          6          0          0          0         96   _printf_char_common.o
         6          0          0          0          0          0   _printf_d.o
       120         16          0          0          0         92   _printf_dec.o
         6          0          0          0          0          0   _printf_f.o
      1052          0          0          0          0        148   _printf_fp_dec.o
       128         16          0          0          0         84   _printf_fp_infnan.o
       178          0          0          0          0         88   _printf_intcommon.o
         0          0          0          0          0          0   _printf_percent.o
         4          0          0          0          0          0   _printf_percent_end.o
        10          0          0          0          0         68   _sputc.o
       228          4        148          0          0         96   bigflt0.o
      1936        128          0          0          0        668   btod.o
        18          0          0          0          0         80   exit.o
         6          0          0          0          0        152   heapauxi.o
         0          0          0          0          0          0   indicate_semi.o
        44         10         28          0          0         76   lc_numeric_c.o
         2          0          0          0          0          0   libinit.o
        22          0          0          0          0          0   libinit2.o
         2          0          0          0          0          0   libshutdown.o
         2          0          0          0          0          0   libshutdown2.o
         8          4          0          0         96         68   libspace.o
       138          0          0          0          0         80   lludiv10.o
       240          0          0          0          0        100   lludivv7m.o
        40          6          0          0          0         84   noretval__2sprintf.o
         8          4          0          0          0         68   rt_locale_intlibspace.o
        68          0          0          0          0         68   rt_memclr.o
        78          0          0          0          0         80   rt_memclr_w.o
       138          0          0          0          0         68   rt_memcpy_v6.o
       100          0          0          0          0         80   rt_memcpy_w.o
         2          0          0          0          0          0   rtexit.o
        10          0          0          0          0          0   rtexit2.o
       124          0          0          0          0         88   strcmpv7em.o
        62          0          0          0          0         76   strlen.o
        12          4          0          0          0         68   sys_exit.o
        74          0          0          0          0         80   sys_stackheap_outer.o
         2          0          0          0          0         68   use_no_semi.o
        98          4          0          0          0        140   d2f.o
       812         16          0          0          0        392   daddsub_clz.o
        84          0          0          0          0        244   dcmp.o
        24          0          0          0          0        116   dcmpi.o
       120          4          0          0          0        140   deqf.o
       162          0          0          0          0        132   dfltll_clz.o
       120          4          0          0          0        140   dgeqf.o
       120          4          0          0          0        140   dleqf.o
       340         12          0          0          0        152   dmul.o
       156          4          0          0          0        140   dnaninf.o
        12          0          0          0          0        116   dretinf.o
        86          4          0          0          0        132   f2d.o
       140          4          0          0          0        132   fnaninf.o
        26          0          0          0          0        116   fpinit.o
        10          0          0          0          0        116   fretinf.o
         4          0          0          0          0        116   printf1.o
         0          0          0          0          0          0   usenofp.o
        48          0          0          0          0        124   fpclassify.o

    ----------------------------------------------------------------------
      7760        262        176          0         96       5536   Library Totals
        24          0          0          0          0          0   (incl. Padding)

    ----------------------------------------------------------------------

      Code (inc. data)   RO Data    RW Data    ZI Data      Debug   Library Name

      5374        206        176          0         96       2948   c_w.l
      2314         56          0          0          0       2464   fz_wm.l
        48          0          0          0          0        124   m_wm.l

    ----------------------------------------------------------------------
      7760        262        176          0         96       5536   Library Totals

    ----------------------------------------------------------------------

==============================================================================


      Code (inc. data)   RO Data    RW Data    ZI Data      Debug   

     30964        506       2708        232       4000     317349   Grand Totals
     30964        506       2708        232       4000     317349   ELF Image Totals
     30964        506       2708        232          0          0   ROM Totals

==============================================================================

    Total RO  Size (Code + RO Data)                33672 (  32.88kB)
    Total RW  Size (RW Data + ZI Data)              4232 (   4.13kB)
    Total ROM Size (Code + RO Data + RW Data)      33904 (  33.11kB)

==============================================================================

